Archive member included to satisfy reference by file (symbol)

../libopencm3/lib/libopencm3_stm32f4.a(rcc.o)
                              cdcacm.o (rcc_clock_setup_hse_3v3)
../libopencm3/lib/libopencm3_stm32f4.a(gpio_common_f0234.o)
                              cdcacm.o (gpio_mode_setup)
../libopencm3/lib/libopencm3_stm32f4.a(flash_common_f234.o)
                              ../libopencm3/lib/libopencm3_stm32f4.a(rcc.o) (flash_set_ws)
../libopencm3/lib/libopencm3_stm32f4.a(rcc_common_all.o)
                              cdcacm.o (rcc_periph_clock_enable)
../libopencm3/lib/libopencm3_stm32f4.a(usb.o)
                              cdcacm.o (usbd_init)
../libopencm3/lib/libopencm3_stm32f4.a(usb_standard.o)
                              cdcacm.o (usbd_register_set_config_callback)
../libopencm3/lib/libopencm3_stm32f4.a(usb_control.o)
                              cdcacm.o (usbd_register_control_callback)
../libopencm3/lib/libopencm3_stm32f4.a(usb_f207.o)
                              cdcacm.o (stm32f207_usb_driver)
../libopencm3/lib/libopencm3_stm32f4.a(vector.o)
                              (reset_handler)
../libopencm3/lib/libopencm3_stm32f4.a(pwr.o)
                              ../libopencm3/lib/libopencm3_stm32f4.a(rcc.o) (pwr_set_vos_scale)
../libopencm3/lib/libopencm3_stm32f4.a(usb_fx07_common.o)
                              ../libopencm3/lib/libopencm3_stm32f4.a(usb_f207.o) (stm32fx07_set_address)
/home/yang/Library/gcc-arm-none-eabi-5_4-2016q3/bin/../lib/gcc/arm-none-eabi/5.4.1/../../../../arm-none-eabi/lib/armv7e-m/fpu/libc.a(lib_a-memcpy.o)
                              ../libopencm3/lib/libopencm3_stm32f4.a(usb_standard.o) (memcpy)
/home/yang/Library/gcc-arm-none-eabi-5_4-2016q3/bin/../lib/gcc/arm-none-eabi/5.4.1/../../../../arm-none-eabi/lib/armv7e-m/fpu/libc.a(lib_a-strlen.o)
                              ../libopencm3/lib/libopencm3_stm32f4.a(usb_standard.o) (strlen)

Discarded input sections

 .text          0x00000000        0x0 cdcacm.o
 .data          0x00000000        0x0 cdcacm.o
 .bss           0x00000000        0x0 cdcacm.o
 .group         0x00000000        0x8 ../libopencm3/lib/libopencm3_stm32f4.a(rcc.o)
 .group         0x00000000        0x8 ../libopencm3/lib/libopencm3_stm32f4.a(rcc.o)
 .group         0x00000000        0x8 ../libopencm3/lib/libopencm3_stm32f4.a(rcc.o)
 .group         0x00000000        0x8 ../libopencm3/lib/libopencm3_stm32f4.a(rcc.o)
 .group         0x00000000        0x8 ../libopencm3/lib/libopencm3_stm32f4.a(rcc.o)
 .group         0x00000000        0x8 ../libopencm3/lib/libopencm3_stm32f4.a(rcc.o)
 .group         0x00000000        0x8 ../libopencm3/lib/libopencm3_stm32f4.a(rcc.o)
 .group         0x00000000        0x8 ../libopencm3/lib/libopencm3_stm32f4.a(rcc.o)
 .group         0x00000000        0x8 ../libopencm3/lib/libopencm3_stm32f4.a(rcc.o)
 .group         0x00000000        0x8 ../libopencm3/lib/libopencm3_stm32f4.a(rcc.o)
 .group         0x00000000        0x8 ../libopencm3/lib/libopencm3_stm32f4.a(rcc.o)
 .group         0x00000000        0x8 ../libopencm3/lib/libopencm3_stm32f4.a(rcc.o)
 .group         0x00000000        0x8 ../libopencm3/lib/libopencm3_stm32f4.a(rcc.o)
 .group         0x00000000        0x8 ../libopencm3/lib/libopencm3_stm32f4.a(rcc.o)
 .group         0x00000000        0x8 ../libopencm3/lib/libopencm3_stm32f4.a(rcc.o)
 .group         0x00000000        0x8 ../libopencm3/lib/libopencm3_stm32f4.a(rcc.o)
 .text          0x00000000        0x0 ../libopencm3/lib/libopencm3_stm32f4.a(rcc.o)
 .data          0x00000000        0x0 ../libopencm3/lib/libopencm3_stm32f4.a(rcc.o)
 .bss           0x00000000        0x0 ../libopencm3/lib/libopencm3_stm32f4.a(rcc.o)
 .text.rcc_osc_ready_int_clear
                0x00000000       0x5c ../libopencm3/lib/libopencm3_stm32f4.a(rcc.o)
 .text.rcc_osc_ready_int_enable
                0x00000000       0x5c ../libopencm3/lib/libopencm3_stm32f4.a(rcc.o)
 .text.rcc_osc_ready_int_disable
                0x00000000       0x5c ../libopencm3/lib/libopencm3_stm32f4.a(rcc.o)
 .text.rcc_osc_ready_int_flag
                0x00000000       0x60 ../libopencm3/lib/libopencm3_stm32f4.a(rcc.o)
 .text.rcc_css_int_clear
                0x00000000       0x10 ../libopencm3/lib/libopencm3_stm32f4.a(rcc.o)
 .text.rcc_css_int_flag
                0x00000000       0x10 ../libopencm3/lib/libopencm3_stm32f4.a(rcc.o)
 .text.rcc_wait_for_sysclk_status
                0x00000000       0x38 ../libopencm3/lib/libopencm3_stm32f4.a(rcc.o)
 .text.rcc_css_enable
                0x00000000       0x10 ../libopencm3/lib/libopencm3_stm32f4.a(rcc.o)
 .text.rcc_css_disable
                0x00000000       0x10 ../libopencm3/lib/libopencm3_stm32f4.a(rcc.o)
 .text.rcc_osc_bypass_enable
                0x00000000       0x28 ../libopencm3/lib/libopencm3_stm32f4.a(rcc.o)
 .text.rcc_osc_bypass_disable
                0x00000000       0x28 ../libopencm3/lib/libopencm3_stm32f4.a(rcc.o)
 .text.rcc_pllsai_config
                0x00000000       0x28 ../libopencm3/lib/libopencm3_stm32f4.a(rcc.o)
 .text.rcc_pllsai_postscalers
                0x00000000       0x24 ../libopencm3/lib/libopencm3_stm32f4.a(rcc.o)
 .text.rcc_set_pll_source
                0x00000000       0x14 ../libopencm3/lib/libopencm3_stm32f4.a(rcc.o)
 .text.rcc_set_rtcpre
                0x00000000       0x14 ../libopencm3/lib/libopencm3_stm32f4.a(rcc.o)
 .text.rcc_set_main_pll_hsi
                0x00000000       0x40 ../libopencm3/lib/libopencm3_stm32f4.a(rcc.o)
 .text.rcc_system_clock_source
                0x00000000       0x10 ../libopencm3/lib/libopencm3_stm32f4.a(rcc.o)
 .rodata.rcc_hse_16mhz_3v3
                0x00000000       0x70 ../libopencm3/lib/libopencm3_stm32f4.a(rcc.o)
 .rodata.rcc_hse_12mhz_3v3
                0x00000000       0x70 ../libopencm3/lib/libopencm3_stm32f4.a(rcc.o)
 .rodata.rcc_hse_25mhz_3v3
                0x00000000       0x70 ../libopencm3/lib/libopencm3_stm32f4.a(rcc.o)
 .group         0x00000000        0x8 ../libopencm3/lib/libopencm3_stm32f4.a(gpio_common_f0234.o)
 .group         0x00000000        0x8 ../libopencm3/lib/libopencm3_stm32f4.a(gpio_common_f0234.o)
 .group         0x00000000        0x8 ../libopencm3/lib/libopencm3_stm32f4.a(gpio_common_f0234.o)
 .group         0x00000000        0x8 ../libopencm3/lib/libopencm3_stm32f4.a(gpio_common_f0234.o)
 .group         0x00000000        0x8 ../libopencm3/lib/libopencm3_stm32f4.a(gpio_common_f0234.o)
 .group         0x00000000        0x8 ../libopencm3/lib/libopencm3_stm32f4.a(gpio_common_f0234.o)
 .group         0x00000000        0x8 ../libopencm3/lib/libopencm3_stm32f4.a(gpio_common_f0234.o)
 .group         0x00000000        0x8 ../libopencm3/lib/libopencm3_stm32f4.a(gpio_common_f0234.o)
 .group         0x00000000        0x8 ../libopencm3/lib/libopencm3_stm32f4.a(gpio_common_f0234.o)
 .group         0x00000000        0x8 ../libopencm3/lib/libopencm3_stm32f4.a(gpio_common_f0234.o)
 .group         0x00000000        0x8 ../libopencm3/lib/libopencm3_stm32f4.a(gpio_common_f0234.o)
 .group         0x00000000        0x8 ../libopencm3/lib/libopencm3_stm32f4.a(gpio_common_f0234.o)
 .group         0x00000000        0x8 ../libopencm3/lib/libopencm3_stm32f4.a(gpio_common_f0234.o)
 .text          0x00000000        0x0 ../libopencm3/lib/libopencm3_stm32f4.a(gpio_common_f0234.o)
 .data          0x00000000        0x0 ../libopencm3/lib/libopencm3_stm32f4.a(gpio_common_f0234.o)
 .bss           0x00000000        0x0 ../libopencm3/lib/libopencm3_stm32f4.a(gpio_common_f0234.o)
 .text.gpio_set_output_options
                0x00000000       0x36 ../libopencm3/lib/libopencm3_stm32f4.a(gpio_common_f0234.o)
 .debug_macro   0x00000000      0x874 ../libopencm3/lib/libopencm3_stm32f4.a(gpio_common_f0234.o)
 .debug_macro   0x00000000       0x22 ../libopencm3/lib/libopencm3_stm32f4.a(gpio_common_f0234.o)
 .debug_macro   0x00000000       0x44 ../libopencm3/lib/libopencm3_stm32f4.a(gpio_common_f0234.o)
 .debug_macro   0x00000000       0xe3 ../libopencm3/lib/libopencm3_stm32f4.a(gpio_common_f0234.o)
 .debug_macro   0x00000000       0x22 ../libopencm3/lib/libopencm3_stm32f4.a(gpio_common_f0234.o)
 .debug_macro   0x00000000      0x1df ../libopencm3/lib/libopencm3_stm32f4.a(gpio_common_f0234.o)
 .debug_macro   0x00000000       0x22 ../libopencm3/lib/libopencm3_stm32f4.a(gpio_common_f0234.o)
 .debug_macro   0x00000000       0xfa ../libopencm3/lib/libopencm3_stm32f4.a(gpio_common_f0234.o)
 .debug_macro   0x00000000       0x58 ../libopencm3/lib/libopencm3_stm32f4.a(gpio_common_f0234.o)
 .debug_macro   0x00000000      0x26d ../libopencm3/lib/libopencm3_stm32f4.a(gpio_common_f0234.o)
 .group         0x00000000        0x8 ../libopencm3/lib/libopencm3_stm32f4.a(flash_common_f234.o)
 .group         0x00000000        0x8 ../libopencm3/lib/libopencm3_stm32f4.a(flash_common_f234.o)
 .group         0x00000000        0x8 ../libopencm3/lib/libopencm3_stm32f4.a(flash_common_f234.o)
 .group         0x00000000        0x8 ../libopencm3/lib/libopencm3_stm32f4.a(flash_common_f234.o)
 .group         0x00000000        0x8 ../libopencm3/lib/libopencm3_stm32f4.a(flash_common_f234.o)
 .group         0x00000000        0x8 ../libopencm3/lib/libopencm3_stm32f4.a(flash_common_f234.o)
 .group         0x00000000        0x8 ../libopencm3/lib/libopencm3_stm32f4.a(flash_common_f234.o)
 .group         0x00000000        0x8 ../libopencm3/lib/libopencm3_stm32f4.a(flash_common_f234.o)
 .group         0x00000000        0x8 ../libopencm3/lib/libopencm3_stm32f4.a(flash_common_f234.o)
 .group         0x00000000        0x8 ../libopencm3/lib/libopencm3_stm32f4.a(flash_common_f234.o)
 .group         0x00000000        0x8 ../libopencm3/lib/libopencm3_stm32f4.a(flash_common_f234.o)
 .group         0x00000000        0x8 ../libopencm3/lib/libopencm3_stm32f4.a(flash_common_f234.o)
 .text          0x00000000        0x0 ../libopencm3/lib/libopencm3_stm32f4.a(flash_common_f234.o)
 .data          0x00000000        0x0 ../libopencm3/lib/libopencm3_stm32f4.a(flash_common_f234.o)
 .bss           0x00000000        0x0 ../libopencm3/lib/libopencm3_stm32f4.a(flash_common_f234.o)
 .text.flash_unlock
                0x00000000       0x24 ../libopencm3/lib/libopencm3_stm32f4.a(flash_common_f234.o)
 .text.flash_lock
                0x00000000       0x10 ../libopencm3/lib/libopencm3_stm32f4.a(flash_common_f234.o)
 .text.flash_clear_pgperr_flag
                0x00000000       0x10 ../libopencm3/lib/libopencm3_stm32f4.a(flash_common_f234.o)
 .text.flash_clear_eop_flag
                0x00000000       0x10 ../libopencm3/lib/libopencm3_stm32f4.a(flash_common_f234.o)
 .text.flash_clear_bsy_flag
                0x00000000       0x10 ../libopencm3/lib/libopencm3_stm32f4.a(flash_common_f234.o)
 .text.flash_wait_for_last_operation
                0x00000000       0x10 ../libopencm3/lib/libopencm3_stm32f4.a(flash_common_f234.o)
 .debug_macro   0x00000000      0x874 ../libopencm3/lib/libopencm3_stm32f4.a(flash_common_f234.o)
 .debug_macro   0x00000000       0x22 ../libopencm3/lib/libopencm3_stm32f4.a(flash_common_f234.o)
 .debug_macro   0x00000000       0x44 ../libopencm3/lib/libopencm3_stm32f4.a(flash_common_f234.o)
 .debug_macro   0x00000000       0xe3 ../libopencm3/lib/libopencm3_stm32f4.a(flash_common_f234.o)
 .debug_macro   0x00000000       0x22 ../libopencm3/lib/libopencm3_stm32f4.a(flash_common_f234.o)
 .debug_macro   0x00000000      0x1df ../libopencm3/lib/libopencm3_stm32f4.a(flash_common_f234.o)
 .debug_macro   0x00000000       0x22 ../libopencm3/lib/libopencm3_stm32f4.a(flash_common_f234.o)
 .debug_macro   0x00000000       0xfa ../libopencm3/lib/libopencm3_stm32f4.a(flash_common_f234.o)
 .debug_macro   0x00000000       0x58 ../libopencm3/lib/libopencm3_stm32f4.a(flash_common_f234.o)
 .debug_macro   0x00000000      0x26d ../libopencm3/lib/libopencm3_stm32f4.a(flash_common_f234.o)
 .debug_macro   0x00000000       0x64 ../libopencm3/lib/libopencm3_stm32f4.a(flash_common_f234.o)
 .debug_macro   0x00000000       0xf4 ../libopencm3/lib/libopencm3_stm32f4.a(flash_common_f234.o)
 .group         0x00000000        0x8 ../libopencm3/lib/libopencm3_stm32f4.a(rcc_common_all.o)
 .group         0x00000000        0x8 ../libopencm3/lib/libopencm3_stm32f4.a(rcc_common_all.o)
 .group         0x00000000        0x8 ../libopencm3/lib/libopencm3_stm32f4.a(rcc_common_all.o)
 .group         0x00000000        0x8 ../libopencm3/lib/libopencm3_stm32f4.a(rcc_common_all.o)
 .group         0x00000000        0x8 ../libopencm3/lib/libopencm3_stm32f4.a(rcc_common_all.o)
 .group         0x00000000        0x8 ../libopencm3/lib/libopencm3_stm32f4.a(rcc_common_all.o)
 .group         0x00000000        0x8 ../libopencm3/lib/libopencm3_stm32f4.a(rcc_common_all.o)
 .group         0x00000000        0x8 ../libopencm3/lib/libopencm3_stm32f4.a(rcc_common_all.o)
 .group         0x00000000        0x8 ../libopencm3/lib/libopencm3_stm32f4.a(rcc_common_all.o)
 .group         0x00000000        0x8 ../libopencm3/lib/libopencm3_stm32f4.a(rcc_common_all.o)
 .group         0x00000000        0x8 ../libopencm3/lib/libopencm3_stm32f4.a(rcc_common_all.o)
 .text          0x00000000        0x0 ../libopencm3/lib/libopencm3_stm32f4.a(rcc_common_all.o)
 .data          0x00000000        0x0 ../libopencm3/lib/libopencm3_stm32f4.a(rcc_common_all.o)
 .bss           0x00000000        0x0 ../libopencm3/lib/libopencm3_stm32f4.a(rcc_common_all.o)
 .text.rcc_peripheral_enable_clock
                0x00000000        0x8 ../libopencm3/lib/libopencm3_stm32f4.a(rcc_common_all.o)
 .text.rcc_peripheral_disable_clock
                0x00000000        0xa ../libopencm3/lib/libopencm3_stm32f4.a(rcc_common_all.o)
 .text.rcc_peripheral_reset
                0x00000000        0x8 ../libopencm3/lib/libopencm3_stm32f4.a(rcc_common_all.o)
 .text.rcc_peripheral_clear_reset
                0x00000000        0xa ../libopencm3/lib/libopencm3_stm32f4.a(rcc_common_all.o)
 .text.rcc_periph_clock_disable
                0x00000000       0x1c ../libopencm3/lib/libopencm3_stm32f4.a(rcc_common_all.o)
 .text.rcc_periph_reset_pulse
                0x00000000       0x22 ../libopencm3/lib/libopencm3_stm32f4.a(rcc_common_all.o)
 .text.rcc_periph_reset_hold
                0x00000000       0x1a ../libopencm3/lib/libopencm3_stm32f4.a(rcc_common_all.o)
 .text.rcc_periph_reset_release
                0x00000000       0x1c ../libopencm3/lib/libopencm3_stm32f4.a(rcc_common_all.o)
 .text.rcc_set_mco
                0x00000000       0x14 ../libopencm3/lib/libopencm3_stm32f4.a(rcc_common_all.o)
 .debug_macro   0x00000000      0x874 ../libopencm3/lib/libopencm3_stm32f4.a(rcc_common_all.o)
 .debug_macro   0x00000000       0x22 ../libopencm3/lib/libopencm3_stm32f4.a(rcc_common_all.o)
 .debug_macro   0x00000000       0x44 ../libopencm3/lib/libopencm3_stm32f4.a(rcc_common_all.o)
 .debug_macro   0x00000000       0xe3 ../libopencm3/lib/libopencm3_stm32f4.a(rcc_common_all.o)
 .debug_macro   0x00000000       0x22 ../libopencm3/lib/libopencm3_stm32f4.a(rcc_common_all.o)
 .debug_macro   0x00000000      0x1df ../libopencm3/lib/libopencm3_stm32f4.a(rcc_common_all.o)
 .debug_macro   0x00000000       0x22 ../libopencm3/lib/libopencm3_stm32f4.a(rcc_common_all.o)
 .debug_macro   0x00000000       0xfa ../libopencm3/lib/libopencm3_stm32f4.a(rcc_common_all.o)
 .debug_macro   0x00000000       0x58 ../libopencm3/lib/libopencm3_stm32f4.a(rcc_common_all.o)
 .debug_macro   0x00000000      0x26d ../libopencm3/lib/libopencm3_stm32f4.a(rcc_common_all.o)
 .debug_macro   0x00000000      0xb38 ../libopencm3/lib/libopencm3_stm32f4.a(rcc_common_all.o)
 .group         0x00000000        0x8 ../libopencm3/lib/libopencm3_stm32f4.a(usb.o)
 .group         0x00000000        0x8 ../libopencm3/lib/libopencm3_stm32f4.a(usb.o)
 .group         0x00000000        0x8 ../libopencm3/lib/libopencm3_stm32f4.a(usb.o)
 .group         0x00000000        0x8 ../libopencm3/lib/libopencm3_stm32f4.a(usb.o)
 .group         0x00000000        0x8 ../libopencm3/lib/libopencm3_stm32f4.a(usb.o)
 .group         0x00000000        0x8 ../libopencm3/lib/libopencm3_stm32f4.a(usb.o)
 .group         0x00000000        0x8 ../libopencm3/lib/libopencm3_stm32f4.a(usb.o)
 .group         0x00000000        0x8 ../libopencm3/lib/libopencm3_stm32f4.a(usb.o)
 .group         0x00000000        0x8 ../libopencm3/lib/libopencm3_stm32f4.a(usb.o)
 .group         0x00000000        0x8 ../libopencm3/lib/libopencm3_stm32f4.a(usb.o)
 .group         0x00000000        0x8 ../libopencm3/lib/libopencm3_stm32f4.a(usb.o)
 .group         0x00000000        0x8 ../libopencm3/lib/libopencm3_stm32f4.a(usb.o)
 .group         0x00000000        0x8 ../libopencm3/lib/libopencm3_stm32f4.a(usb.o)
 .group         0x00000000        0x8 ../libopencm3/lib/libopencm3_stm32f4.a(usb.o)
 .group         0x00000000        0x8 ../libopencm3/lib/libopencm3_stm32f4.a(usb.o)
 .group         0x00000000        0x8 ../libopencm3/lib/libopencm3_stm32f4.a(usb.o)
 .group         0x00000000        0x8 ../libopencm3/lib/libopencm3_stm32f4.a(usb.o)
 .group         0x00000000        0x8 ../libopencm3/lib/libopencm3_stm32f4.a(usb.o)
 .group         0x00000000        0x8 ../libopencm3/lib/libopencm3_stm32f4.a(usb.o)
 .group         0x00000000        0x8 ../libopencm3/lib/libopencm3_stm32f4.a(usb.o)
 .group         0x00000000        0x8 ../libopencm3/lib/libopencm3_stm32f4.a(usb.o)
 .group         0x00000000        0x8 ../libopencm3/lib/libopencm3_stm32f4.a(usb.o)
 .text          0x00000000        0x0 ../libopencm3/lib/libopencm3_stm32f4.a(usb.o)
 .data          0x00000000        0x0 ../libopencm3/lib/libopencm3_stm32f4.a(usb.o)
 .bss           0x00000000        0x0 ../libopencm3/lib/libopencm3_stm32f4.a(usb.o)
 .text.usbd_register_reset_callback
                0x00000000        0x4 ../libopencm3/lib/libopencm3_stm32f4.a(usb.o)
 .text.usbd_register_suspend_callback
                0x00000000        0x4 ../libopencm3/lib/libopencm3_stm32f4.a(usb.o)
 .text.usbd_register_resume_callback
                0x00000000        0x4 ../libopencm3/lib/libopencm3_stm32f4.a(usb.o)
 .text.usbd_register_sof_callback
                0x00000000        0x4 ../libopencm3/lib/libopencm3_stm32f4.a(usb.o)
 .text.usbd_disconnect
                0x00000000        0xc ../libopencm3/lib/libopencm3_stm32f4.a(usb.o)
 .text.usbd_ep_nak_set
                0x00000000        0x8 ../libopencm3/lib/libopencm3_stm32f4.a(usb.o)
 .debug_macro   0x00000000      0x874 ../libopencm3/lib/libopencm3_stm32f4.a(usb.o)
 .debug_macro   0x00000000       0x22 ../libopencm3/lib/libopencm3_stm32f4.a(usb.o)
 .debug_macro   0x00000000       0xe3 ../libopencm3/lib/libopencm3_stm32f4.a(usb.o)
 .debug_macro   0x00000000       0x22 ../libopencm3/lib/libopencm3_stm32f4.a(usb.o)
 .debug_macro   0x00000000      0x1df ../libopencm3/lib/libopencm3_stm32f4.a(usb.o)
 .debug_macro   0x00000000       0x22 ../libopencm3/lib/libopencm3_stm32f4.a(usb.o)
 .debug_macro   0x00000000       0xfa ../libopencm3/lib/libopencm3_stm32f4.a(usb.o)
 .group         0x00000000        0x8 ../libopencm3/lib/libopencm3_stm32f4.a(usb_standard.o)
 .group         0x00000000        0x8 ../libopencm3/lib/libopencm3_stm32f4.a(usb_standard.o)
 .group         0x00000000        0x8 ../libopencm3/lib/libopencm3_stm32f4.a(usb_standard.o)
 .group         0x00000000        0x8 ../libopencm3/lib/libopencm3_stm32f4.a(usb_standard.o)
 .group         0x00000000        0x8 ../libopencm3/lib/libopencm3_stm32f4.a(usb_standard.o)
 .group         0x00000000        0x8 ../libopencm3/lib/libopencm3_stm32f4.a(usb_standard.o)
 .group         0x00000000        0x8 ../libopencm3/lib/libopencm3_stm32f4.a(usb_standard.o)
 .group         0x00000000        0x8 ../libopencm3/lib/libopencm3_stm32f4.a(usb_standard.o)
 .group         0x00000000        0x8 ../libopencm3/lib/libopencm3_stm32f4.a(usb_standard.o)
 .group         0x00000000        0x8 ../libopencm3/lib/libopencm3_stm32f4.a(usb_standard.o)
 .group         0x00000000        0x8 ../libopencm3/lib/libopencm3_stm32f4.a(usb_standard.o)
 .group         0x00000000        0x8 ../libopencm3/lib/libopencm3_stm32f4.a(usb_standard.o)
 .group         0x00000000        0x8 ../libopencm3/lib/libopencm3_stm32f4.a(usb_standard.o)
 .group         0x00000000        0x8 ../libopencm3/lib/libopencm3_stm32f4.a(usb_standard.o)
 .group         0x00000000        0x8 ../libopencm3/lib/libopencm3_stm32f4.a(usb_standard.o)
 .group         0x00000000        0x8 ../libopencm3/lib/libopencm3_stm32f4.a(usb_standard.o)
 .group         0x00000000        0x8 ../libopencm3/lib/libopencm3_stm32f4.a(usb_standard.o)
 .group         0x00000000        0x8 ../libopencm3/lib/libopencm3_stm32f4.a(usb_standard.o)
 .group         0x00000000        0x8 ../libopencm3/lib/libopencm3_stm32f4.a(usb_standard.o)
 .group         0x00000000        0x8 ../libopencm3/lib/libopencm3_stm32f4.a(usb_standard.o)
 .group         0x00000000        0x8 ../libopencm3/lib/libopencm3_stm32f4.a(usb_standard.o)
 .group         0x00000000        0x8 ../libopencm3/lib/libopencm3_stm32f4.a(usb_standard.o)
 .text          0x00000000        0x0 ../libopencm3/lib/libopencm3_stm32f4.a(usb_standard.o)
 .data          0x00000000        0x0 ../libopencm3/lib/libopencm3_stm32f4.a(usb_standard.o)
 .bss           0x00000000        0x0 ../libopencm3/lib/libopencm3_stm32f4.a(usb_standard.o)
 .text.usbd_register_set_altsetting_callback
                0x00000000        0x6 ../libopencm3/lib/libopencm3_stm32f4.a(usb_standard.o)
 .debug_macro   0x00000000      0x874 ../libopencm3/lib/libopencm3_stm32f4.a(usb_standard.o)
 .debug_macro   0x00000000       0x58 ../libopencm3/lib/libopencm3_stm32f4.a(usb_standard.o)
 .debug_macro   0x00000000       0x22 ../libopencm3/lib/libopencm3_stm32f4.a(usb_standard.o)
 .debug_macro   0x00000000       0x35 ../libopencm3/lib/libopencm3_stm32f4.a(usb_standard.o)
 .debug_macro   0x00000000       0x9c ../libopencm3/lib/libopencm3_stm32f4.a(usb_standard.o)
 .debug_macro   0x00000000      0x166 ../libopencm3/lib/libopencm3_stm32f4.a(usb_standard.o)
 .debug_macro   0x00000000       0x4a ../libopencm3/lib/libopencm3_stm32f4.a(usb_standard.o)
 .debug_macro   0x00000000       0x52 ../libopencm3/lib/libopencm3_stm32f4.a(usb_standard.o)
 .debug_macro   0x00000000       0x16 ../libopencm3/lib/libopencm3_stm32f4.a(usb_standard.o)
 .debug_macro   0x00000000       0x43 ../libopencm3/lib/libopencm3_stm32f4.a(usb_standard.o)
 .debug_macro   0x00000000      0x180 ../libopencm3/lib/libopencm3_stm32f4.a(usb_standard.o)
 .debug_macro   0x00000000      0x29d ../libopencm3/lib/libopencm3_stm32f4.a(usb_standard.o)
 .debug_macro   0x00000000       0x10 ../libopencm3/lib/libopencm3_stm32f4.a(usb_standard.o)
 .debug_macro   0x00000000       0x35 ../libopencm3/lib/libopencm3_stm32f4.a(usb_standard.o)
 .debug_macro   0x00000000       0xe3 ../libopencm3/lib/libopencm3_stm32f4.a(usb_standard.o)
 .debug_macro   0x00000000       0x22 ../libopencm3/lib/libopencm3_stm32f4.a(usb_standard.o)
 .debug_macro   0x00000000      0x1df ../libopencm3/lib/libopencm3_stm32f4.a(usb_standard.o)
 .debug_macro   0x00000000       0x22 ../libopencm3/lib/libopencm3_stm32f4.a(usb_standard.o)
 .debug_macro   0x00000000       0xfa ../libopencm3/lib/libopencm3_stm32f4.a(usb_standard.o)
 .debug_macro   0x00000000      0x196 ../libopencm3/lib/libopencm3_stm32f4.a(usb_standard.o)
 .debug_macro   0x00000000       0x10 ../libopencm3/lib/libopencm3_stm32f4.a(usb_standard.o)
 .debug_macro   0x00000000       0x1c ../libopencm3/lib/libopencm3_stm32f4.a(usb_standard.o)
 .group         0x00000000        0x8 ../libopencm3/lib/libopencm3_stm32f4.a(usb_control.o)
 .group         0x00000000        0x8 ../libopencm3/lib/libopencm3_stm32f4.a(usb_control.o)
 .group         0x00000000        0x8 ../libopencm3/lib/libopencm3_stm32f4.a(usb_control.o)
 .group         0x00000000        0x8 ../libopencm3/lib/libopencm3_stm32f4.a(usb_control.o)
 .group         0x00000000        0x8 ../libopencm3/lib/libopencm3_stm32f4.a(usb_control.o)
 .group         0x00000000        0x8 ../libopencm3/lib/libopencm3_stm32f4.a(usb_control.o)
 .group         0x00000000        0x8 ../libopencm3/lib/libopencm3_stm32f4.a(usb_control.o)
 .group         0x00000000        0x8 ../libopencm3/lib/libopencm3_stm32f4.a(usb_control.o)
 .group         0x00000000        0x8 ../libopencm3/lib/libopencm3_stm32f4.a(usb_control.o)
 .group         0x00000000        0x8 ../libopencm3/lib/libopencm3_stm32f4.a(usb_control.o)
 .group         0x00000000        0x8 ../libopencm3/lib/libopencm3_stm32f4.a(usb_control.o)
 .group         0x00000000        0x8 ../libopencm3/lib/libopencm3_stm32f4.a(usb_control.o)
 .group         0x00000000        0x8 ../libopencm3/lib/libopencm3_stm32f4.a(usb_control.o)
 .group         0x00000000        0x8 ../libopencm3/lib/libopencm3_stm32f4.a(usb_control.o)
 .group         0x00000000        0x8 ../libopencm3/lib/libopencm3_stm32f4.a(usb_control.o)
 .group         0x00000000        0x8 ../libopencm3/lib/libopencm3_stm32f4.a(usb_control.o)
 .group         0x00000000        0x8 ../libopencm3/lib/libopencm3_stm32f4.a(usb_control.o)
 .group         0x00000000        0x8 ../libopencm3/lib/libopencm3_stm32f4.a(usb_control.o)
 .group         0x00000000        0x8 ../libopencm3/lib/libopencm3_stm32f4.a(usb_control.o)
 .group         0x00000000        0x8 ../libopencm3/lib/libopencm3_stm32f4.a(usb_control.o)
 .group         0x00000000        0x8 ../libopencm3/lib/libopencm3_stm32f4.a(usb_control.o)
 .group         0x00000000        0x8 ../libopencm3/lib/libopencm3_stm32f4.a(usb_control.o)
 .group         0x00000000        0x8 ../libopencm3/lib/libopencm3_stm32f4.a(usb_control.o)
 .group         0x00000000        0x8 ../libopencm3/lib/libopencm3_stm32f4.a(usb_control.o)
 .text          0x00000000        0x0 ../libopencm3/lib/libopencm3_stm32f4.a(usb_control.o)
 .data          0x00000000        0x0 ../libopencm3/lib/libopencm3_stm32f4.a(usb_control.o)
 .bss           0x00000000        0x0 ../libopencm3/lib/libopencm3_stm32f4.a(usb_control.o)
 .debug_macro   0x00000000      0x874 ../libopencm3/lib/libopencm3_stm32f4.a(usb_control.o)
 .debug_macro   0x00000000       0x58 ../libopencm3/lib/libopencm3_stm32f4.a(usb_control.o)
 .debug_macro   0x00000000       0x22 ../libopencm3/lib/libopencm3_stm32f4.a(usb_control.o)
 .debug_macro   0x00000000       0x35 ../libopencm3/lib/libopencm3_stm32f4.a(usb_control.o)
 .debug_macro   0x00000000       0x9c ../libopencm3/lib/libopencm3_stm32f4.a(usb_control.o)
 .debug_macro   0x00000000       0x4a ../libopencm3/lib/libopencm3_stm32f4.a(usb_control.o)
 .debug_macro   0x00000000       0x52 ../libopencm3/lib/libopencm3_stm32f4.a(usb_control.o)
 .debug_macro   0x00000000       0x16 ../libopencm3/lib/libopencm3_stm32f4.a(usb_control.o)
 .debug_macro   0x00000000       0x43 ../libopencm3/lib/libopencm3_stm32f4.a(usb_control.o)
 .debug_macro   0x00000000      0x180 ../libopencm3/lib/libopencm3_stm32f4.a(usb_control.o)
 .debug_macro   0x00000000      0x29d ../libopencm3/lib/libopencm3_stm32f4.a(usb_control.o)
 .debug_macro   0x00000000       0xe3 ../libopencm3/lib/libopencm3_stm32f4.a(usb_control.o)
 .debug_macro   0x00000000       0x22 ../libopencm3/lib/libopencm3_stm32f4.a(usb_control.o)
 .debug_macro   0x00000000      0x1df ../libopencm3/lib/libopencm3_stm32f4.a(usb_control.o)
 .debug_macro   0x00000000       0x22 ../libopencm3/lib/libopencm3_stm32f4.a(usb_control.o)
 .debug_macro   0x00000000       0xfa ../libopencm3/lib/libopencm3_stm32f4.a(usb_control.o)
 .debug_macro   0x00000000      0x196 ../libopencm3/lib/libopencm3_stm32f4.a(usb_control.o)
 .debug_macro   0x00000000       0x10 ../libopencm3/lib/libopencm3_stm32f4.a(usb_control.o)
 .debug_macro   0x00000000       0x1c ../libopencm3/lib/libopencm3_stm32f4.a(usb_control.o)
 .group         0x00000000        0x8 ../libopencm3/lib/libopencm3_stm32f4.a(usb_f207.o)
 .group         0x00000000        0x8 ../libopencm3/lib/libopencm3_stm32f4.a(usb_f207.o)
 .group         0x00000000        0x8 ../libopencm3/lib/libopencm3_stm32f4.a(usb_f207.o)
 .group         0x00000000        0x8 ../libopencm3/lib/libopencm3_stm32f4.a(usb_f207.o)
 .group         0x00000000        0x8 ../libopencm3/lib/libopencm3_stm32f4.a(usb_f207.o)
 .group         0x00000000        0x8 ../libopencm3/lib/libopencm3_stm32f4.a(usb_f207.o)
 .group         0x00000000        0x8 ../libopencm3/lib/libopencm3_stm32f4.a(usb_f207.o)
 .group         0x00000000        0x8 ../libopencm3/lib/libopencm3_stm32f4.a(usb_f207.o)
 .group         0x00000000        0x8 ../libopencm3/lib/libopencm3_stm32f4.a(usb_f207.o)
 .group         0x00000000        0x8 ../libopencm3/lib/libopencm3_stm32f4.a(usb_f207.o)
 .group         0x00000000        0x8 ../libopencm3/lib/libopencm3_stm32f4.a(usb_f207.o)
 .group         0x00000000        0x8 ../libopencm3/lib/libopencm3_stm32f4.a(usb_f207.o)
 .group         0x00000000        0x8 ../libopencm3/lib/libopencm3_stm32f4.a(usb_f207.o)
 .group         0x00000000        0x8 ../libopencm3/lib/libopencm3_stm32f4.a(usb_f207.o)
 .group         0x00000000        0x8 ../libopencm3/lib/libopencm3_stm32f4.a(usb_f207.o)
 .group         0x00000000        0x8 ../libopencm3/lib/libopencm3_stm32f4.a(usb_f207.o)
 .group         0x00000000        0x8 ../libopencm3/lib/libopencm3_stm32f4.a(usb_f207.o)
 .group         0x00000000        0x8 ../libopencm3/lib/libopencm3_stm32f4.a(usb_f207.o)
 .group         0x00000000        0x8 ../libopencm3/lib/libopencm3_stm32f4.a(usb_f207.o)
 .group         0x00000000        0x8 ../libopencm3/lib/libopencm3_stm32f4.a(usb_f207.o)
 .group         0x00000000        0x8 ../libopencm3/lib/libopencm3_stm32f4.a(usb_f207.o)
 .group         0x00000000        0x8 ../libopencm3/lib/libopencm3_stm32f4.a(usb_f207.o)
 .group         0x00000000        0x8 ../libopencm3/lib/libopencm3_stm32f4.a(usb_f207.o)
 .group         0x00000000        0x8 ../libopencm3/lib/libopencm3_stm32f4.a(usb_f207.o)
 .group         0x00000000        0x8 ../libopencm3/lib/libopencm3_stm32f4.a(usb_f207.o)
 .group         0x00000000        0x8 ../libopencm3/lib/libopencm3_stm32f4.a(usb_f207.o)
 .group         0x00000000        0x8 ../libopencm3/lib/libopencm3_stm32f4.a(usb_f207.o)
 .text          0x00000000        0x0 ../libopencm3/lib/libopencm3_stm32f4.a(usb_f207.o)
 .data          0x00000000        0x0 ../libopencm3/lib/libopencm3_stm32f4.a(usb_f207.o)
 .bss           0x00000000        0x0 ../libopencm3/lib/libopencm3_stm32f4.a(usb_f207.o)
 .debug_macro   0x00000000      0x874 ../libopencm3/lib/libopencm3_stm32f4.a(usb_f207.o)
 .debug_macro   0x00000000       0x58 ../libopencm3/lib/libopencm3_stm32f4.a(usb_f207.o)
 .debug_macro   0x00000000       0x22 ../libopencm3/lib/libopencm3_stm32f4.a(usb_f207.o)
 .debug_macro   0x00000000       0x35 ../libopencm3/lib/libopencm3_stm32f4.a(usb_f207.o)
 .debug_macro   0x00000000       0x9c ../libopencm3/lib/libopencm3_stm32f4.a(usb_f207.o)
 .debug_macro   0x00000000      0x166 ../libopencm3/lib/libopencm3_stm32f4.a(usb_f207.o)
 .debug_macro   0x00000000       0x4a ../libopencm3/lib/libopencm3_stm32f4.a(usb_f207.o)
 .debug_macro   0x00000000       0x52 ../libopencm3/lib/libopencm3_stm32f4.a(usb_f207.o)
 .debug_macro   0x00000000       0x16 ../libopencm3/lib/libopencm3_stm32f4.a(usb_f207.o)
 .debug_macro   0x00000000       0x43 ../libopencm3/lib/libopencm3_stm32f4.a(usb_f207.o)
 .debug_macro   0x00000000      0x180 ../libopencm3/lib/libopencm3_stm32f4.a(usb_f207.o)
 .debug_macro   0x00000000      0x29d ../libopencm3/lib/libopencm3_stm32f4.a(usb_f207.o)
 .debug_macro   0x00000000       0x10 ../libopencm3/lib/libopencm3_stm32f4.a(usb_f207.o)
 .debug_macro   0x00000000       0x35 ../libopencm3/lib/libopencm3_stm32f4.a(usb_f207.o)
 .debug_macro   0x00000000       0xe3 ../libopencm3/lib/libopencm3_stm32f4.a(usb_f207.o)
 .debug_macro   0x00000000       0x22 ../libopencm3/lib/libopencm3_stm32f4.a(usb_f207.o)
 .debug_macro   0x00000000      0x1df ../libopencm3/lib/libopencm3_stm32f4.a(usb_f207.o)
 .debug_macro   0x00000000       0x22 ../libopencm3/lib/libopencm3_stm32f4.a(usb_f207.o)
 .debug_macro   0x00000000       0xfa ../libopencm3/lib/libopencm3_stm32f4.a(usb_f207.o)
 .debug_macro   0x00000000       0x58 ../libopencm3/lib/libopencm3_stm32f4.a(usb_f207.o)
 .debug_macro   0x00000000      0x26d ../libopencm3/lib/libopencm3_stm32f4.a(usb_f207.o)
 .debug_macro   0x00000000       0x10 ../libopencm3/lib/libopencm3_stm32f4.a(usb_f207.o)
 .debug_macro   0x00000000       0x1c ../libopencm3/lib/libopencm3_stm32f4.a(usb_f207.o)
 .group         0x00000000        0x8 ../libopencm3/lib/libopencm3_stm32f4.a(vector.o)
 .group         0x00000000        0x8 ../libopencm3/lib/libopencm3_stm32f4.a(vector.o)
 .group         0x00000000        0x8 ../libopencm3/lib/libopencm3_stm32f4.a(vector.o)
 .group         0x00000000        0x8 ../libopencm3/lib/libopencm3_stm32f4.a(vector.o)
 .group         0x00000000        0x8 ../libopencm3/lib/libopencm3_stm32f4.a(vector.o)
 .group         0x00000000        0x8 ../libopencm3/lib/libopencm3_stm32f4.a(vector.o)
 .group         0x00000000        0x8 ../libopencm3/lib/libopencm3_stm32f4.a(vector.o)
 .group         0x00000000        0x8 ../libopencm3/lib/libopencm3_stm32f4.a(vector.o)
 .group         0x00000000        0x8 ../libopencm3/lib/libopencm3_stm32f4.a(vector.o)
 .group         0x00000000        0x8 ../libopencm3/lib/libopencm3_stm32f4.a(vector.o)
 .group         0x00000000        0x8 ../libopencm3/lib/libopencm3_stm32f4.a(vector.o)
 .group         0x00000000        0x8 ../libopencm3/lib/libopencm3_stm32f4.a(vector.o)
 .text          0x00000000        0x0 ../libopencm3/lib/libopencm3_stm32f4.a(vector.o)
 .data          0x00000000        0x0 ../libopencm3/lib/libopencm3_stm32f4.a(vector.o)
 .bss           0x00000000        0x0 ../libopencm3/lib/libopencm3_stm32f4.a(vector.o)
 .debug_macro   0x00000000      0x874 ../libopencm3/lib/libopencm3_stm32f4.a(vector.o)
 .debug_macro   0x00000000       0x58 ../libopencm3/lib/libopencm3_stm32f4.a(vector.o)
 .debug_macro   0x00000000       0x22 ../libopencm3/lib/libopencm3_stm32f4.a(vector.o)
 .debug_macro   0x00000000       0x44 ../libopencm3/lib/libopencm3_stm32f4.a(vector.o)
 .debug_macro   0x00000000       0xe3 ../libopencm3/lib/libopencm3_stm32f4.a(vector.o)
 .debug_macro   0x00000000       0x22 ../libopencm3/lib/libopencm3_stm32f4.a(vector.o)
 .debug_macro   0x00000000      0x1df ../libopencm3/lib/libopencm3_stm32f4.a(vector.o)
 .debug_macro   0x00000000       0x22 ../libopencm3/lib/libopencm3_stm32f4.a(vector.o)
 .debug_macro   0x00000000       0xfa ../libopencm3/lib/libopencm3_stm32f4.a(vector.o)
 .group         0x00000000        0x8 ../libopencm3/lib/libopencm3_stm32f4.a(pwr.o)
 .group         0x00000000        0x8 ../libopencm3/lib/libopencm3_stm32f4.a(pwr.o)
 .group         0x00000000        0x8 ../libopencm3/lib/libopencm3_stm32f4.a(pwr.o)
 .group         0x00000000        0x8 ../libopencm3/lib/libopencm3_stm32f4.a(pwr.o)
 .group         0x00000000        0x8 ../libopencm3/lib/libopencm3_stm32f4.a(pwr.o)
 .group         0x00000000        0x8 ../libopencm3/lib/libopencm3_stm32f4.a(pwr.o)
 .group         0x00000000        0x8 ../libopencm3/lib/libopencm3_stm32f4.a(pwr.o)
 .group         0x00000000        0x8 ../libopencm3/lib/libopencm3_stm32f4.a(pwr.o)
 .group         0x00000000        0x8 ../libopencm3/lib/libopencm3_stm32f4.a(pwr.o)
 .group         0x00000000        0x8 ../libopencm3/lib/libopencm3_stm32f4.a(pwr.o)
 .group         0x00000000        0x8 ../libopencm3/lib/libopencm3_stm32f4.a(pwr.o)
 .group         0x00000000        0x8 ../libopencm3/lib/libopencm3_stm32f4.a(pwr.o)
 .text          0x00000000        0x0 ../libopencm3/lib/libopencm3_stm32f4.a(pwr.o)
 .data          0x00000000        0x0 ../libopencm3/lib/libopencm3_stm32f4.a(pwr.o)
 .bss           0x00000000        0x0 ../libopencm3/lib/libopencm3_stm32f4.a(pwr.o)
 .debug_macro   0x00000000      0x874 ../libopencm3/lib/libopencm3_stm32f4.a(pwr.o)
 .debug_macro   0x00000000       0x22 ../libopencm3/lib/libopencm3_stm32f4.a(pwr.o)
 .debug_macro   0x00000000       0x44 ../libopencm3/lib/libopencm3_stm32f4.a(pwr.o)
 .debug_macro   0x00000000       0xe3 ../libopencm3/lib/libopencm3_stm32f4.a(pwr.o)
 .debug_macro   0x00000000       0x22 ../libopencm3/lib/libopencm3_stm32f4.a(pwr.o)
 .debug_macro   0x00000000      0x1df ../libopencm3/lib/libopencm3_stm32f4.a(pwr.o)
 .debug_macro   0x00000000       0x22 ../libopencm3/lib/libopencm3_stm32f4.a(pwr.o)
 .debug_macro   0x00000000       0xfa ../libopencm3/lib/libopencm3_stm32f4.a(pwr.o)
 .debug_macro   0x00000000       0x58 ../libopencm3/lib/libopencm3_stm32f4.a(pwr.o)
 .debug_macro   0x00000000      0x26d ../libopencm3/lib/libopencm3_stm32f4.a(pwr.o)
 .debug_macro   0x00000000       0x8e ../libopencm3/lib/libopencm3_stm32f4.a(pwr.o)
 .debug_macro   0x00000000       0x22 ../libopencm3/lib/libopencm3_stm32f4.a(pwr.o)
 .group         0x00000000        0x8 ../libopencm3/lib/libopencm3_stm32f4.a(usb_fx07_common.o)
 .group         0x00000000        0x8 ../libopencm3/lib/libopencm3_stm32f4.a(usb_fx07_common.o)
 .group         0x00000000        0x8 ../libopencm3/lib/libopencm3_stm32f4.a(usb_fx07_common.o)
 .group         0x00000000        0x8 ../libopencm3/lib/libopencm3_stm32f4.a(usb_fx07_common.o)
 .group         0x00000000        0x8 ../libopencm3/lib/libopencm3_stm32f4.a(usb_fx07_common.o)
 .group         0x00000000        0x8 ../libopencm3/lib/libopencm3_stm32f4.a(usb_fx07_common.o)
 .group         0x00000000        0x8 ../libopencm3/lib/libopencm3_stm32f4.a(usb_fx07_common.o)
 .group         0x00000000        0x8 ../libopencm3/lib/libopencm3_stm32f4.a(usb_fx07_common.o)
 .group         0x00000000        0x8 ../libopencm3/lib/libopencm3_stm32f4.a(usb_fx07_common.o)
 .group         0x00000000        0x8 ../libopencm3/lib/libopencm3_stm32f4.a(usb_fx07_common.o)
 .group         0x00000000        0x8 ../libopencm3/lib/libopencm3_stm32f4.a(usb_fx07_common.o)
 .group         0x00000000        0x8 ../libopencm3/lib/libopencm3_stm32f4.a(usb_fx07_common.o)
 .group         0x00000000        0x8 ../libopencm3/lib/libopencm3_stm32f4.a(usb_fx07_common.o)
 .group         0x00000000        0x8 ../libopencm3/lib/libopencm3_stm32f4.a(usb_fx07_common.o)
 .group         0x00000000        0x8 ../libopencm3/lib/libopencm3_stm32f4.a(usb_fx07_common.o)
 .group         0x00000000        0x8 ../libopencm3/lib/libopencm3_stm32f4.a(usb_fx07_common.o)
 .group         0x00000000        0x8 ../libopencm3/lib/libopencm3_stm32f4.a(usb_fx07_common.o)
 .group         0x00000000        0x8 ../libopencm3/lib/libopencm3_stm32f4.a(usb_fx07_common.o)
 .group         0x00000000        0x8 ../libopencm3/lib/libopencm3_stm32f4.a(usb_fx07_common.o)
 .group         0x00000000        0x8 ../libopencm3/lib/libopencm3_stm32f4.a(usb_fx07_common.o)
 .group         0x00000000        0x8 ../libopencm3/lib/libopencm3_stm32f4.a(usb_fx07_common.o)
 .group         0x00000000        0x8 ../libopencm3/lib/libopencm3_stm32f4.a(usb_fx07_common.o)
 .group         0x00000000        0x8 ../libopencm3/lib/libopencm3_stm32f4.a(usb_fx07_common.o)
 .group         0x00000000        0x8 ../libopencm3/lib/libopencm3_stm32f4.a(usb_fx07_common.o)
 .group         0x00000000        0x8 ../libopencm3/lib/libopencm3_stm32f4.a(usb_fx07_common.o)
 .group         0x00000000        0x8 ../libopencm3/lib/libopencm3_stm32f4.a(usb_fx07_common.o)
 .group         0x00000000        0x8 ../libopencm3/lib/libopencm3_stm32f4.a(usb_fx07_common.o)
 .group         0x00000000        0x8 ../libopencm3/lib/libopencm3_stm32f4.a(usb_fx07_common.o)
 .text          0x00000000        0x0 ../libopencm3/lib/libopencm3_stm32f4.a(usb_fx07_common.o)
 .data          0x00000000        0x0 ../libopencm3/lib/libopencm3_stm32f4.a(usb_fx07_common.o)
 .bss           0x00000000        0x0 ../libopencm3/lib/libopencm3_stm32f4.a(usb_fx07_common.o)
 .debug_macro   0x00000000      0x874 ../libopencm3/lib/libopencm3_stm32f4.a(usb_fx07_common.o)
 .debug_macro   0x00000000       0x58 ../libopencm3/lib/libopencm3_stm32f4.a(usb_fx07_common.o)
 .debug_macro   0x00000000       0x22 ../libopencm3/lib/libopencm3_stm32f4.a(usb_fx07_common.o)
 .debug_macro   0x00000000       0x35 ../libopencm3/lib/libopencm3_stm32f4.a(usb_fx07_common.o)
 .debug_macro   0x00000000       0x9c ../libopencm3/lib/libopencm3_stm32f4.a(usb_fx07_common.o)
 .debug_macro   0x00000000      0x166 ../libopencm3/lib/libopencm3_stm32f4.a(usb_fx07_common.o)
 .debug_macro   0x00000000       0x4a ../libopencm3/lib/libopencm3_stm32f4.a(usb_fx07_common.o)
 .debug_macro   0x00000000       0x52 ../libopencm3/lib/libopencm3_stm32f4.a(usb_fx07_common.o)
 .debug_macro   0x00000000       0x16 ../libopencm3/lib/libopencm3_stm32f4.a(usb_fx07_common.o)
 .debug_macro   0x00000000       0x43 ../libopencm3/lib/libopencm3_stm32f4.a(usb_fx07_common.o)
 .debug_macro   0x00000000      0x180 ../libopencm3/lib/libopencm3_stm32f4.a(usb_fx07_common.o)
 .debug_macro   0x00000000      0x29d ../libopencm3/lib/libopencm3_stm32f4.a(usb_fx07_common.o)
 .debug_macro   0x00000000       0x10 ../libopencm3/lib/libopencm3_stm32f4.a(usb_fx07_common.o)
 .debug_macro   0x00000000       0x35 ../libopencm3/lib/libopencm3_stm32f4.a(usb_fx07_common.o)
 .debug_macro   0x00000000       0xe3 ../libopencm3/lib/libopencm3_stm32f4.a(usb_fx07_common.o)
 .debug_macro   0x00000000       0x22 ../libopencm3/lib/libopencm3_stm32f4.a(usb_fx07_common.o)
 .debug_macro   0x00000000      0x1df ../libopencm3/lib/libopencm3_stm32f4.a(usb_fx07_common.o)
 .debug_macro   0x00000000       0x22 ../libopencm3/lib/libopencm3_stm32f4.a(usb_fx07_common.o)
 .debug_macro   0x00000000       0xfa ../libopencm3/lib/libopencm3_stm32f4.a(usb_fx07_common.o)
 .debug_macro   0x00000000       0x3a ../libopencm3/lib/libopencm3_stm32f4.a(usb_fx07_common.o)
 .debug_macro   0x00000000       0x58 ../libopencm3/lib/libopencm3_stm32f4.a(usb_fx07_common.o)
 .debug_macro   0x00000000      0x26d ../libopencm3/lib/libopencm3_stm32f4.a(usb_fx07_common.o)
 .debug_macro   0x00000000      0x8c9 ../libopencm3/lib/libopencm3_stm32f4.a(usb_fx07_common.o)
 .debug_macro   0x00000000      0x19c ../libopencm3/lib/libopencm3_stm32f4.a(usb_fx07_common.o)
 .debug_macro   0x00000000       0x10 ../libopencm3/lib/libopencm3_stm32f4.a(usb_fx07_common.o)
 .debug_macro   0x00000000       0x1c ../libopencm3/lib/libopencm3_stm32f4.a(usb_fx07_common.o)
 .data          0x00000000        0x0 /home/yang/Library/gcc-arm-none-eabi-5_4-2016q3/bin/../lib/gcc/arm-none-eabi/5.4.1/../../../../arm-none-eabi/lib/armv7e-m/fpu/libc.a(lib_a-memcpy.o)
 .bss           0x00000000        0x0 /home/yang/Library/gcc-arm-none-eabi-5_4-2016q3/bin/../lib/gcc/arm-none-eabi/5.4.1/../../../../arm-none-eabi/lib/armv7e-m/fpu/libc.a(lib_a-memcpy.o)
 .data          0x00000000        0x0 /home/yang/Library/gcc-arm-none-eabi-5_4-2016q3/bin/../lib/gcc/arm-none-eabi/5.4.1/../../../../arm-none-eabi/lib/armv7e-m/fpu/libc.a(lib_a-strlen.o)
 .bss           0x00000000        0x0 /home/yang/Library/gcc-arm-none-eabi-5_4-2016q3/bin/../lib/gcc/arm-none-eabi/5.4.1/../../../../arm-none-eabi/lib/armv7e-m/fpu/libc.a(lib_a-strlen.o)

Memory Configuration

Name             Origin             Length             Attributes
rom              0x08000000         0x00200000         xr
ram              0x20000000         0x00020000         xrw
*default*        0x00000000         0xffffffff

Linker script and memory map

LOAD cdcacm.o
LOAD ../libopencm3/lib/libopencm3_stm32f4.a
START GROUP
LOAD /home/yang/Library/gcc-arm-none-eabi-5_4-2016q3/bin/../lib/gcc/arm-none-eabi/5.4.1/../../../../arm-none-eabi/lib/armv7e-m/fpu/libc.a
LOAD /home/yang/Library/gcc-arm-none-eabi-5_4-2016q3/bin/../lib/gcc/arm-none-eabi/5.4.1/armv7e-m/fpu/libgcc.a
LOAD /home/yang/Library/gcc-arm-none-eabi-5_4-2016q3/bin/../lib/gcc/arm-none-eabi/5.4.1/../../../../arm-none-eabi/lib/armv7e-m/fpu/libnosys.a
END GROUP
START GROUP
LOAD /home/yang/Library/gcc-arm-none-eabi-5_4-2016q3/bin/../lib/gcc/arm-none-eabi/5.4.1/armv7e-m/fpu/libgcc.a
LOAD /home/yang/Library/gcc-arm-none-eabi-5_4-2016q3/bin/../lib/gcc/arm-none-eabi/5.4.1/../../../../arm-none-eabi/lib/armv7e-m/fpu/libc.a
END GROUP

.text           0x08000000     0x1830
 *(.vectors)
 .vectors       0x08000000      0x1ac ../libopencm3/lib/libopencm3_stm32f4.a(vector.o)
                0x08000000                vector_table
 *(.text*)
 .text.cdcacm_control_request
                0x080001ac       0x1c cdcacm.o
 .text.cdcacm_set_config
                0x080001c8       0x4c cdcacm.o
 .text.cdcacm_data_rx_cb
                0x08000214       0x28 cdcacm.o
 .text.startup.main
                0x0800023c       0x7c cdcacm.o
                0x0800023c                main
 .text.rcc_is_osc_ready
                0x080002b8       0x5c ../libopencm3/lib/libopencm3_stm32f4.a(rcc.o)
                0x080002b8                rcc_is_osc_ready
 .text.rcc_wait_for_osc_ready
                0x08000314       0x10 ../libopencm3/lib/libopencm3_stm32f4.a(rcc.o)
                0x08000314                rcc_wait_for_osc_ready
 .text.rcc_osc_on
                0x08000324       0x58 ../libopencm3/lib/libopencm3_stm32f4.a(rcc.o)
                0x08000324                rcc_osc_on
 .text.rcc_osc_off
                0x0800037c       0x58 ../libopencm3/lib/libopencm3_stm32f4.a(rcc.o)
                0x0800037c                rcc_osc_off
 .text.rcc_set_sysclk_source
                0x080003d4       0x14 ../libopencm3/lib/libopencm3_stm32f4.a(rcc.o)
                0x080003d4                rcc_set_sysclk_source
 .text.rcc_set_ppre2
                0x080003e8       0x14 ../libopencm3/lib/libopencm3_stm32f4.a(rcc.o)
                0x080003e8                rcc_set_ppre2
 .text.rcc_set_ppre1
                0x080003fc       0x14 ../libopencm3/lib/libopencm3_stm32f4.a(rcc.o)
                0x080003fc                rcc_set_ppre1
 .text.rcc_set_hpre
                0x08000410       0x14 ../libopencm3/lib/libopencm3_stm32f4.a(rcc.o)
                0x08000410                rcc_set_hpre
 .text.rcc_set_main_pll_hse
                0x08000424       0x44 ../libopencm3/lib/libopencm3_stm32f4.a(rcc.o)
                0x08000424                rcc_set_main_pll_hse
 .text.rcc_clock_setup_hse_3v3
                0x08000468       0xa8 ../libopencm3/lib/libopencm3_stm32f4.a(rcc.o)
                0x08000468                rcc_clock_setup_hse_3v3
 .text.gpio_mode_setup
                0x08000510       0x3a ../libopencm3/lib/libopencm3_stm32f4.a(gpio_common_f0234.o)
                0x08000510                gpio_mode_setup
 .text.gpio_set_af
                0x0800054a       0x54 ../libopencm3/lib/libopencm3_stm32f4.a(gpio_common_f0234.o)
                0x0800054a                gpio_set_af
 *fill*         0x0800059e        0x2 
 .text.flash_set_ws
                0x080005a0       0x14 ../libopencm3/lib/libopencm3_stm32f4.a(flash_common_f234.o)
                0x080005a0                flash_set_ws
 .text.rcc_periph_clock_enable
                0x080005b4       0x1a ../libopencm3/lib/libopencm3_stm32f4.a(rcc_common_all.o)
                0x080005b4                rcc_periph_clock_enable
 *fill*         0x080005ce        0x2 
 .text.usbd_init
                0x080005d0       0x58 ../libopencm3/lib/libopencm3_stm32f4.a(usb.o)
                0x080005d0                usbd_init
 .text.usbd_poll
                0x08000628        0x8 ../libopencm3/lib/libopencm3_stm32f4.a(usb.o)
                0x08000628                usbd_poll
 .text.usbd_ep_setup
                0x08000630       0x10 ../libopencm3/lib/libopencm3_stm32f4.a(usb.o)
                0x08000630                usbd_ep_setup
 .text._usbd_reset
                0x08000640       0x34 ../libopencm3/lib/libopencm3_stm32f4.a(usb.o)
                0x08000640                _usbd_reset
 .text.usbd_ep_write_packet
                0x08000674       0x10 ../libopencm3/lib/libopencm3_stm32f4.a(usb.o)
                0x08000674                usbd_ep_write_packet
 .text.usbd_ep_read_packet
                0x08000684       0x10 ../libopencm3/lib/libopencm3_stm32f4.a(usb.o)
                0x08000684                usbd_ep_read_packet
 .text.usbd_ep_stall_set
                0x08000694        0x8 ../libopencm3/lib/libopencm3_stm32f4.a(usb.o)
                0x08000694                usbd_ep_stall_set
 .text.usbd_ep_stall_get
                0x0800069c        0x8 ../libopencm3/lib/libopencm3_stm32f4.a(usb.o)
                0x0800069c                usbd_ep_stall_get
 .text.usb_standard_set_configuration
                0x080006a4       0x96 ../libopencm3/lib/libopencm3_stm32f4.a(usb_standard.o)
 .text.usb_standard_get_configuration
                0x0800073a       0x22 ../libopencm3/lib/libopencm3_stm32f4.a(usb_standard.o)
 .text.usb_standard_get_interface
                0x0800075c       0x38 ../libopencm3/lib/libopencm3_stm32f4.a(usb_standard.o)
 .text.usb_standard_device_get_status
                0x08000794       0x18 ../libopencm3/lib/libopencm3_stm32f4.a(usb_standard.o)
 .text.usb_standard_interface_get_status
                0x080007ac       0x18 ../libopencm3/lib/libopencm3_stm32f4.a(usb_standard.o)
 .text.usb_standard_endpoint_get_status
                0x080007c4       0x2a ../libopencm3/lib/libopencm3_stm32f4.a(usb_standard.o)
 .text.usb_standard_endpoint_stall
                0x080007ee       0x10 ../libopencm3/lib/libopencm3_stm32f4.a(usb_standard.o)
 .text.usb_standard_endpoint_unstall
                0x080007fe       0x10 ../libopencm3/lib/libopencm3_stm32f4.a(usb_standard.o)
 .text.usb_standard_set_address
                0x0800080e       0x2a ../libopencm3/lib/libopencm3_stm32f4.a(usb_standard.o)
 .text.usb_standard_set_interface
                0x08000838       0x50 ../libopencm3/lib/libopencm3_stm32f4.a(usb_standard.o)
 .text.usb_standard_get_descriptor
                0x08000888      0x25e ../libopencm3/lib/libopencm3_stm32f4.a(usb_standard.o)
 .text.usbd_register_set_config_callback
                0x08000ae6       0x24 ../libopencm3/lib/libopencm3_stm32f4.a(usb_standard.o)
                0x08000ae6                usbd_register_set_config_callback
 *fill*         0x08000b0a        0x2 
 .text._usbd_standard_request_device
                0x08000b0c       0x20 ../libopencm3/lib/libopencm3_stm32f4.a(usb_standard.o)
                0x08000b0c                _usbd_standard_request_device
 .text._usbd_standard_request_interface
                0x08000b2c       0x20 ../libopencm3/lib/libopencm3_stm32f4.a(usb_standard.o)
                0x08000b2c                _usbd_standard_request_interface
 .text._usbd_standard_request_endpoint
                0x08000b4c       0x3c ../libopencm3/lib/libopencm3_stm32f4.a(usb_standard.o)
                0x08000b4c                _usbd_standard_request_endpoint
 .text._usbd_standard_request
                0x08000b88       0x34 ../libopencm3/lib/libopencm3_stm32f4.a(usb_standard.o)
                0x08000b88                _usbd_standard_request
 .text.stall_transaction
                0x08000bbc       0x14 ../libopencm3/lib/libopencm3_stm32f4.a(usb_control.o)
 .text.usb_control_recv_chunk
                0x08000bd0       0x3a ../libopencm3/lib/libopencm3_stm32f4.a(usb_control.o)
 .text.usb_control_send_chunk
                0x08000c0a       0x54 ../libopencm3/lib/libopencm3_stm32f4.a(usb_control.o)
 .text.usb_control_request_dispatch
                0x08000c5e       0x5c ../libopencm3/lib/libopencm3_stm32f4.a(usb_control.o)
 .text.usb_control_setup_read
                0x08000cba       0x66 ../libopencm3/lib/libopencm3_stm32f4.a(usb_control.o)
 .text.usbd_register_control_callback
                0x08000d20       0x26 ../libopencm3/lib/libopencm3_stm32f4.a(usb_control.o)
                0x08000d20                usbd_register_control_callback
 .text._usbd_control_setup
                0x08000d46       0x5a ../libopencm3/lib/libopencm3_stm32f4.a(usb_control.o)
                0x08000d46                _usbd_control_setup
 .text._usbd_control_out
                0x08000da0       0x86 ../libopencm3/lib/libopencm3_stm32f4.a(usb_control.o)
                0x08000da0                _usbd_control_out
 .text._usbd_control_in
                0x08000e26       0x56 ../libopencm3/lib/libopencm3_stm32f4.a(usb_control.o)
                0x08000e26                _usbd_control_in
 .text.stm32f207_usbd_init
                0x08000e7c       0x9c ../libopencm3/lib/libopencm3_stm32f4.a(usb_f207.o)
 .text.blocking_handler
                0x08000f18        0x2 ../libopencm3/lib/libopencm3_stm32f4.a(vector.o)
                0x08000f18                dma2_stream1_isr
                0x08000f18                tim8_brk_tim12_isr
                0x08000f18                dma1_stream7_isr
                0x08000f18                usart3_isr
                0x08000f18                tim7_isr
                0x08000f18                dma2d_isr
                0x08000f18                uart8_isr
                0x08000f18                dma1_stream2_isr
                0x08000f18                otg_hs_isr
                0x08000f18                blocking_handler
                0x08000f18                tim5_isr
                0x08000f18                rtc_wkup_isr
                0x08000f18                otg_fs_isr
                0x08000f18                spi1_isr
                0x08000f18                i2c3_er_isr
                0x08000f18                exti2_isr
                0x08000f18                spi5_isr
                0x08000f18                usb_fs_wkup_isr
                0x08000f18                tamp_stamp_isr
                0x08000f18                can1_rx1_isr
                0x08000f18                dma2_stream0_isr
                0x08000f18                usart1_isr
                0x08000f18                i2c3_ev_isr
                0x08000f18                usage_fault_handler
                0x08000f18                can2_rx0_isr
                0x08000f18                dma1_stream6_isr
                0x08000f18                can2_rx1_isr
                0x08000f18                can1_sce_isr
                0x08000f18                tim1_cc_isr
                0x08000f18                can1_tx_isr
                0x08000f18                tim1_up_tim10_isr
                0x08000f18                sdio_isr
                0x08000f18                eth_isr
                0x08000f18                spi6_isr
                0x08000f18                dma2_stream5_isr
                0x08000f18                pvd_isr
                0x08000f18                can1_rx0_isr
                0x08000f18                rcc_isr
                0x08000f18                dma2_stream3_isr
                0x08000f18                flash_isr
                0x08000f18                uart4_isr
                0x08000f18                lcd_tft_isr
                0x08000f18                rtc_alarm_isr
                0x08000f18                exti15_10_isr
                0x08000f18                hash_rng_isr
                0x08000f18                tim1_trg_com_tim11_isr
                0x08000f18                hard_fault_handler
                0x08000f18                exti1_isr
                0x08000f18                i2c1_ev_isr
                0x08000f18                usart6_isr
                0x08000f18                spi2_isr
                0x08000f18                cryp_isr
                0x08000f18                nvic_wwdg_isr
                0x08000f18                dma1_stream1_isr
                0x08000f18                dma2_stream4_isr
                0x08000f18                exti3_isr
                0x08000f18                tim3_isr
                0x08000f18                usart2_isr
                0x08000f18                sai1_isr
                0x08000f18                fpu_isr
                0x08000f18                dma1_stream4_isr
                0x08000f18                i2c2_er_isr
                0x08000f18                i2c2_ev_isr
                0x08000f18                uart5_isr
                0x08000f18                dma2_stream6_isr
                0x08000f18                spi4_isr
                0x08000f18                adc_isr
                0x08000f18                dma2_stream7_isr
                0x08000f18                tim8_up_tim13_isr
                0x08000f18                fsmc_isr
                0x08000f18                exti4_isr
                0x08000f18                tim6_dac_isr
                0x08000f18                dma1_stream3_isr
                0x08000f18                tim8_trg_com_tim14_isr
                0x08000f18                mem_manage_handler
                0x08000f18                lcd_tft_err_isr
                0x08000f18                can2_tx_isr
                0x08000f18                exti9_5_isr
                0x08000f18                tim1_brk_tim9_isr
                0x08000f18                uart7_isr
                0x08000f18                can2_sce_isr
                0x08000f18                tim4_isr
                0x08000f18                otg_hs_wkup_isr
                0x08000f18                i2c1_er_isr
                0x08000f18                dma1_stream0_isr
                0x08000f18                tim8_cc_isr
                0x08000f18                dcmi_isr
                0x08000f18                dma2_stream2_isr
                0x08000f18                eth_wkup_isr
                0x08000f18                bus_fault_handler
                0x08000f18                otg_hs_ep1_out_isr
                0x08000f18                spi3_isr
                0x08000f18                dma1_stream5_isr
                0x08000f18                otg_hs_ep1_in_isr
                0x08000f18                tim2_isr
                0x08000f18                exti0_isr
 .text.null_handler
                0x08000f1a        0x2 ../libopencm3/lib/libopencm3_stm32f4.a(vector.o)
                0x08000f1a                null_handler
                0x08000f1a                sv_call_handler
                0x08000f1a                pend_sv_handler
                0x08000f1a                debug_monitor_handler
                0x08000f1a                sys_tick_handler
                0x08000f1a                nmi_handler
 .text.reset_handler
                0x08000f1c       0x98 ../libopencm3/lib/libopencm3_stm32f4.a(vector.o)
                0x08000f1c                reset_handler
 .text.pwr_set_vos_scale
                0x08000fb4       0x20 ../libopencm3/lib/libopencm3_stm32f4.a(pwr.o)
                0x08000fb4                pwr_set_vos_scale
 .text.stm32fx07_set_address
                0x08000fd4       0x18 ../libopencm3/lib/libopencm3_stm32f4.a(usb_fx07_common.o)
                0x08000fd4                stm32fx07_set_address
 .text.stm32fx07_ep_setup
                0x08000fec      0x144 ../libopencm3/lib/libopencm3_stm32f4.a(usb_fx07_common.o)
                0x08000fec                stm32fx07_ep_setup
 .text.stm32fx07_endpoints_reset
                0x08001130       0x4c ../libopencm3/lib/libopencm3_stm32f4.a(usb_fx07_common.o)
                0x08001130                stm32fx07_endpoints_reset
 .text.stm32fx07_ep_stall_set
                0x0800117c       0x4e ../libopencm3/lib/libopencm3_stm32f4.a(usb_fx07_common.o)
                0x0800117c                stm32fx07_ep_stall_set
 .text.stm32fx07_ep_stall_get
                0x080011ca       0x1e ../libopencm3/lib/libopencm3_stm32f4.a(usb_fx07_common.o)
                0x080011ca                stm32fx07_ep_stall_get
 .text.stm32fx07_ep_nak_set
                0x080011e8       0x2a ../libopencm3/lib/libopencm3_stm32f4.a(usb_fx07_common.o)
                0x080011e8                stm32fx07_ep_nak_set
 .text.stm32fx07_ep_write_packet
                0x08001212       0x52 ../libopencm3/lib/libopencm3_stm32f4.a(usb_fx07_common.o)
                0x08001212                stm32fx07_ep_write_packet
 .text.stm32fx07_ep_read_packet
                0x08001264       0x84 ../libopencm3/lib/libopencm3_stm32f4.a(usb_fx07_common.o)
                0x08001264                stm32fx07_ep_read_packet
 .text.stm32fx07_poll
                0x080012e8      0x122 ../libopencm3/lib/libopencm3_stm32f4.a(usb_fx07_common.o)
                0x080012e8                stm32fx07_poll
 .text.stm32fx07_disconnect
                0x0800140a       0x1c ../libopencm3/lib/libopencm3_stm32f4.a(usb_fx07_common.o)
                0x0800140a                stm32fx07_disconnect
 *fill*         0x08001426        0x2 
 .text          0x08001428      0x134 /home/yang/Library/gcc-arm-none-eabi-5_4-2016q3/bin/../lib/gcc/arm-none-eabi/5.4.1/../../../../arm-none-eabi/lib/armv7e-m/fpu/libc.a(lib_a-memcpy.o)
                0x08001428                memcpy
 *fill*         0x0800155c       0x24 
 .text          0x08001580       0xdc /home/yang/Library/gcc-arm-none-eabi-5_4-2016q3/bin/../lib/gcc/arm-none-eabi/5.4.1/../../../../arm-none-eabi/lib/armv7e-m/fpu/libc.a(lib_a-strlen.o)
                0x08001580                strlen
                0x0800165c                . = ALIGN (0x4)
 *(.rodata*)
 .rodata.dev    0x0800165c       0x12 cdcacm.o
 .rodata.data_endp
                0x0800166e       0x1e cdcacm.o
 .rodata.config
                0x0800168c        0xd cdcacm.o
 *fill*         0x08001699        0x3 
 .rodata.ifaces
                0x0800169c       0x20 cdcacm.o
 .rodata.comm_iface
                0x080016bc       0x15 cdcacm.o
 .rodata.str1.1
                0x080016d1       0x2c cdcacm.o
 .rodata.data_iface
                0x080016fd       0x15 cdcacm.o
 .rodata.comm_endp
                0x08001712        0xf cdcacm.o
 .rodata.cdcacm_functional_descriptors
                0x08001721       0x13 cdcacm.o
 .rodata.rcc_hse_8mhz_3v3
                0x08001734       0x70 ../libopencm3/lib/libopencm3_stm32f4.a(rcc.o)
                0x08001734                rcc_hse_8mhz_3v3
 .rodata.CSWTCH.24
                0x080017a4       0x28 ../libopencm3/lib/libopencm3_stm32f4.a(usb_standard.o)
 .rodata.CSWTCH.26
                0x080017cc       0x30 ../libopencm3/lib/libopencm3_stm32f4.a(usb_standard.o)
 .rodata.stm32f207_usb_driver
                0x080017fc       0x34 ../libopencm3/lib/libopencm3_stm32f4.a(usb_f207.o)
                0x080017fc                stm32f207_usb_driver
                0x08001830                . = ALIGN (0x4)

.glue_7         0x08001830        0x0
 .glue_7        0x08001830        0x0 linker stubs

.glue_7t        0x08001830        0x0
 .glue_7t       0x08001830        0x0 linker stubs

.vfp11_veneer   0x08001830        0x0
 .vfp11_veneer  0x08001830        0x0 linker stubs

.v4_bx          0x08001830        0x0
 .v4_bx         0x08001830        0x0 linker stubs

.iplt           0x08001830        0x0
 .iplt          0x08001830        0x0 cdcacm.o

.rel.dyn        0x08001830        0x0
 .rel.iplt      0x08001830        0x0 cdcacm.o

.preinit_array  0x08001830        0x0
                0x08001830                . = ALIGN (0x4)
                0x08001830                __preinit_array_start = .
 *(.preinit_array)
                0x08001830                __preinit_array_end = .

.init_array     0x08001830        0x0
                0x08001830                . = ALIGN (0x4)
                0x08001830                __init_array_start = .
 *(SORT(.init_array.*))
 *(.init_array)
                0x08001830                __init_array_end = .

.fini_array     0x08001830        0x0
                0x08001830                . = ALIGN (0x4)
                0x08001830                __fini_array_start = .
 *(.fini_array)
 *(SORT(.fini_array.*))
                0x08001830                __fini_array_end = .

.ARM.extab
 *(.ARM.extab*)

.ARM.exidx      0x08001830        0x0
                0x08001830                __exidx_start = .
 *(.ARM.exidx*)
                0x08001830                __exidx_end = .
                0x08001830                . = ALIGN (0x4)
                0x08001830                _etext = .

.data           0x20000000       0x18 load address 0x08001830
                0x20000000                _data = .
 *(.data*)
 .data.usb_strings
                0x20000000        0xc cdcacm.o
 .data.rcc_ahb_frequency
                0x2000000c        0x4 ../libopencm3/lib/libopencm3_stm32f4.a(rcc.o)
                0x2000000c                rcc_ahb_frequency
 .data.rcc_apb1_frequency
                0x20000010        0x4 ../libopencm3/lib/libopencm3_stm32f4.a(rcc.o)
                0x20000010                rcc_apb1_frequency
 .data.rcc_apb2_frequency
                0x20000014        0x4 ../libopencm3/lib/libopencm3_stm32f4.a(rcc.o)
                0x20000014                rcc_apb2_frequency
                0x20000018                . = ALIGN (0x4)
                0x20000018                _edata = .
                0x08001830                _data_loadaddr = LOADADDR (.data)

.igot.plt       0x20000018        0x0 load address 0x08001848
 .igot.plt      0x20000018        0x0 cdcacm.o

.bss            0x20000018      0x17c load address 0x08001848
 *(.bss*)
 .bss.usbd_control_buffer
                0x20000018       0x80 cdcacm.o
                0x20000018                usbd_control_buffer
 .bss.usbd_dev  0x20000098       0xfc ../libopencm3/lib/libopencm3_stm32f4.a(usb_f207.o)
 *(COMMON)
                0x20000194                . = ALIGN (0x4)
                0x20000194                _ebss = .

/DISCARD/
 *(.eh_frame)
                0x20000194                . = ALIGN (0x4)
                0x20000194                end = .
                0x20020000                PROVIDE (_stack, (ORIGIN (ram) + LENGTH (ram)))
OUTPUT(cdcacm.elf elf32-littlearm)

.debug_info     0x00000000     0x7004
 .debug_info    0x00000000      0xfd8 cdcacm.o
 .debug_info    0x00000fd8      0x953 ../libopencm3/lib/libopencm3_stm32f4.a(rcc.o)
 .debug_info    0x0000192b      0x1eb ../libopencm3/lib/libopencm3_stm32f4.a(gpio_common_f0234.o)
 .debug_info    0x00001b16      0x11f ../libopencm3/lib/libopencm3_stm32f4.a(flash_common_f234.o)
 .debug_info    0x00001c35      0x858 ../libopencm3/lib/libopencm3_stm32f4.a(rcc_common_all.o)
 .debug_info    0x0000248d      0xda2 ../libopencm3/lib/libopencm3_stm32f4.a(usb.o)
 .debug_info    0x0000322f     0x14d3 ../libopencm3/lib/libopencm3_stm32f4.a(usb_standard.o)
 .debug_info    0x00004702      0xf1b ../libopencm3/lib/libopencm3_stm32f4.a(usb_control.o)
 .debug_info    0x0000561d      0x953 ../libopencm3/lib/libopencm3_stm32f4.a(usb_f207.o)
 .debug_info    0x00005f70      0x2af ../libopencm3/lib/libopencm3_stm32f4.a(vector.o)
 .debug_info    0x0000621f       0xbe ../libopencm3/lib/libopencm3_stm32f4.a(pwr.o)
 .debug_info    0x000062dd      0xd27 ../libopencm3/lib/libopencm3_stm32f4.a(usb_fx07_common.o)

.debug_abbrev   0x00000000     0x14fe
 .debug_abbrev  0x00000000      0x24d cdcacm.o
 .debug_abbrev  0x0000024d      0x241 ../libopencm3/lib/libopencm3_stm32f4.a(rcc.o)
 .debug_abbrev  0x0000048e       0xb7 ../libopencm3/lib/libopencm3_stm32f4.a(gpio_common_f0234.o)
 .debug_abbrev  0x00000545       0x8a ../libopencm3/lib/libopencm3_stm32f4.a(flash_common_f234.o)
 .debug_abbrev  0x000005cf       0xc1 ../libopencm3/lib/libopencm3_stm32f4.a(rcc_common_all.o)
 .debug_abbrev  0x00000690      0x1ee ../libopencm3/lib/libopencm3_stm32f4.a(usb.o)
 .debug_abbrev  0x0000087e      0x40c ../libopencm3/lib/libopencm3_stm32f4.a(usb_standard.o)
 .debug_abbrev  0x00000c8a      0x33d ../libopencm3/lib/libopencm3_stm32f4.a(usb_control.o)
 .debug_abbrev  0x00000fc7      0x11d ../libopencm3/lib/libopencm3_stm32f4.a(usb_f207.o)
 .debug_abbrev  0x000010e4      0x147 ../libopencm3/lib/libopencm3_stm32f4.a(vector.o)
 .debug_abbrev  0x0000122b       0x79 ../libopencm3/lib/libopencm3_stm32f4.a(pwr.o)
 .debug_abbrev  0x000012a4      0x25a ../libopencm3/lib/libopencm3_stm32f4.a(usb_fx07_common.o)

.debug_loc      0x00000000     0x2d3c
 .debug_loc     0x00000000      0x11b cdcacm.o
 .debug_loc     0x0000011b      0x5c0 ../libopencm3/lib/libopencm3_stm32f4.a(rcc.o)
 .debug_loc     0x000006db       0xcd ../libopencm3/lib/libopencm3_stm32f4.a(gpio_common_f0234.o)
 .debug_loc     0x000007a8       0x3f ../libopencm3/lib/libopencm3_stm32f4.a(flash_common_f234.o)
 .debug_loc     0x000007e7      0x14a ../libopencm3/lib/libopencm3_stm32f4.a(rcc_common_all.o)
 .debug_loc     0x00000931      0x4b1 ../libopencm3/lib/libopencm3_stm32f4.a(usb.o)
 .debug_loc     0x00000de2     0x1265 ../libopencm3/lib/libopencm3_stm32f4.a(usb_standard.o)
 .debug_loc     0x00002047      0x5c7 ../libopencm3/lib/libopencm3_stm32f4.a(usb_control.o)
 .debug_loc     0x0000260e       0xac ../libopencm3/lib/libopencm3_stm32f4.a(vector.o)
 .debug_loc     0x000026ba      0x682 ../libopencm3/lib/libopencm3_stm32f4.a(usb_fx07_common.o)

.debug_aranges  0x00000000      0x470
 .debug_aranges
                0x00000000       0x38 cdcacm.o
 .debug_aranges
                0x00000038       0xf0 ../libopencm3/lib/libopencm3_stm32f4.a(rcc.o)
 .debug_aranges
                0x00000128       0x30 ../libopencm3/lib/libopencm3_stm32f4.a(gpio_common_f0234.o)
 .debug_aranges
                0x00000158       0x50 ../libopencm3/lib/libopencm3_stm32f4.a(flash_common_f234.o)
 .debug_aranges
                0x000001a8       0x68 ../libopencm3/lib/libopencm3_stm32f4.a(rcc_common_all.o)
 .debug_aranges
                0x00000210       0x88 ../libopencm3/lib/libopencm3_stm32f4.a(usb.o)
 .debug_aranges
                0x00000298       0xa0 ../libopencm3/lib/libopencm3_stm32f4.a(usb_standard.o)
 .debug_aranges
                0x00000338       0x60 ../libopencm3/lib/libopencm3_stm32f4.a(usb_control.o)
 .debug_aranges
                0x00000398       0x20 ../libopencm3/lib/libopencm3_stm32f4.a(usb_f207.o)
 .debug_aranges
                0x000003b8       0x30 ../libopencm3/lib/libopencm3_stm32f4.a(vector.o)
 .debug_aranges
                0x000003e8       0x20 ../libopencm3/lib/libopencm3_stm32f4.a(pwr.o)
 .debug_aranges
                0x00000408       0x68 ../libopencm3/lib/libopencm3_stm32f4.a(usb_fx07_common.o)

.debug_ranges   0x00000000      0x420
 .debug_ranges  0x00000000       0x28 cdcacm.o
 .debug_ranges  0x00000028       0xe0 ../libopencm3/lib/libopencm3_stm32f4.a(rcc.o)
 .debug_ranges  0x00000108       0x20 ../libopencm3/lib/libopencm3_stm32f4.a(gpio_common_f0234.o)
 .debug_ranges  0x00000128       0x40 ../libopencm3/lib/libopencm3_stm32f4.a(flash_common_f234.o)
 .debug_ranges  0x00000168       0x58 ../libopencm3/lib/libopencm3_stm32f4.a(rcc_common_all.o)
 .debug_ranges  0x000001c0       0x78 ../libopencm3/lib/libopencm3_stm32f4.a(usb.o)
 .debug_ranges  0x00000238       0xe8 ../libopencm3/lib/libopencm3_stm32f4.a(usb_standard.o)
 .debug_ranges  0x00000320       0x68 ../libopencm3/lib/libopencm3_stm32f4.a(usb_control.o)
 .debug_ranges  0x00000388       0x10 ../libopencm3/lib/libopencm3_stm32f4.a(usb_f207.o)
 .debug_ranges  0x00000398       0x20 ../libopencm3/lib/libopencm3_stm32f4.a(vector.o)
 .debug_ranges  0x000003b8       0x10 ../libopencm3/lib/libopencm3_stm32f4.a(pwr.o)
 .debug_ranges  0x000003c8       0x58 ../libopencm3/lib/libopencm3_stm32f4.a(usb_fx07_common.o)

.debug_line     0x00000000     0x2e0e
 .debug_line    0x00000000      0x21c cdcacm.o
 .debug_line    0x0000021c      0x592 ../libopencm3/lib/libopencm3_stm32f4.a(rcc.o)
 .debug_line    0x000007ae      0x34d ../libopencm3/lib/libopencm3_stm32f4.a(gpio_common_f0234.o)
 .debug_line    0x00000afb      0x35c ../libopencm3/lib/libopencm3_stm32f4.a(flash_common_f234.o)
 .debug_line    0x00000e57      0x366 ../libopencm3/lib/libopencm3_stm32f4.a(rcc_common_all.o)
 .debug_line    0x000011bd      0x3d3 ../libopencm3/lib/libopencm3_stm32f4.a(usb.o)
 .debug_line    0x00001590      0x566 ../libopencm3/lib/libopencm3_stm32f4.a(usb_standard.o)
 .debug_line    0x00001af6      0x417 ../libopencm3/lib/libopencm3_stm32f4.a(usb_control.o)
 .debug_line    0x00001f0d      0x3a6 ../libopencm3/lib/libopencm3_stm32f4.a(usb_f207.o)
 .debug_line    0x000022b3      0x36f ../libopencm3/lib/libopencm3_stm32f4.a(vector.o)
 .debug_line    0x00002622      0x2bb ../libopencm3/lib/libopencm3_stm32f4.a(pwr.o)
 .debug_line    0x000028dd      0x531 ../libopencm3/lib/libopencm3_stm32f4.a(usb_fx07_common.o)

.debug_str      0x00000000    0x14d59
 .debug_str     0x00000000      0xd66 cdcacm.o
                                0xea7 (size before relaxing)
 .debug_str     0x00000d66     0x82b6 ../libopencm3/lib/libopencm3_stm32f4.a(rcc.o)
                               0x859d (size before relaxing)
 .debug_str     0x0000901c     0x1423 ../libopencm3/lib/libopencm3_stm32f4.a(gpio_common_f0234.o)
                               0x5a78 (size before relaxing)
 .debug_str     0x0000a43f       0x96 ../libopencm3/lib/libopencm3_stm32f4.a(flash_common_f234.o)
                               0x4d93 (size before relaxing)
 .debug_str     0x0000a4d5      0x3db ../libopencm3/lib/libopencm3_stm32f4.a(rcc_common_all.o)
                               0x8056 (size before relaxing)
 .debug_str     0x0000a8b0     0x2f98 ../libopencm3/lib/libopencm3_stm32f4.a(usb.o)
                               0x6992 (size before relaxing)
 .debug_str     0x0000d848      0x322 ../libopencm3/lib/libopencm3_stm32f4.a(usb_standard.o)
                               0x6b4f (size before relaxing)
 .debug_str     0x0000db6a      0x1d7 ../libopencm3/lib/libopencm3_stm32f4.a(usb_control.o)
                               0x6a62 (size before relaxing)
 .debug_str     0x0000dd41     0x3972 ../libopencm3/lib/libopencm3_stm32f4.a(usb_f207.o)
                               0xb299 (size before relaxing)
 .debug_str     0x000116b3     0x2a45 ../libopencm3/lib/libopencm3_stm32f4.a(vector.o)
                               0x60c2 (size before relaxing)
 .debug_str     0x000140f8        0x6 ../libopencm3/lib/libopencm3_stm32f4.a(pwr.o)
                               0x4988 (size before relaxing)
 .debug_str     0x000140fe      0xc5b ../libopencm3/lib/libopencm3_stm32f4.a(usb_fx07_common.o)
                               0xbf31 (size before relaxing)

.comment        0x00000000       0xde
 .comment       0x00000000       0x6e cdcacm.o
                                 0x6f (size before relaxing)
 .comment       0x0000006e       0x70 ../libopencm3/lib/libopencm3_stm32f4.a(rcc.o)
                                 0x71 (size before relaxing)
 .comment       0x000000de       0x71 ../libopencm3/lib/libopencm3_stm32f4.a(gpio_common_f0234.o)
 .comment       0x000000de       0x71 ../libopencm3/lib/libopencm3_stm32f4.a(flash_common_f234.o)
 .comment       0x000000de       0x71 ../libopencm3/lib/libopencm3_stm32f4.a(rcc_common_all.o)
 .comment       0x000000de       0x71 ../libopencm3/lib/libopencm3_stm32f4.a(usb.o)
 .comment       0x000000de       0x71 ../libopencm3/lib/libopencm3_stm32f4.a(usb_standard.o)
 .comment       0x000000de       0x71 ../libopencm3/lib/libopencm3_stm32f4.a(usb_control.o)
 .comment       0x000000de       0x71 ../libopencm3/lib/libopencm3_stm32f4.a(usb_f207.o)
 .comment       0x000000de       0x71 ../libopencm3/lib/libopencm3_stm32f4.a(vector.o)
 .comment       0x000000de       0x71 ../libopencm3/lib/libopencm3_stm32f4.a(pwr.o)
 .comment       0x000000de       0x71 ../libopencm3/lib/libopencm3_stm32f4.a(usb_fx07_common.o)

.ARM.attributes
                0x00000000       0x37
 .ARM.attributes
                0x00000000       0x39 cdcacm.o
 .ARM.attributes
                0x00000039       0x39 ../libopencm3/lib/libopencm3_stm32f4.a(rcc.o)
 .ARM.attributes
                0x00000072       0x39 ../libopencm3/lib/libopencm3_stm32f4.a(gpio_common_f0234.o)
 .ARM.attributes
                0x000000ab       0x39 ../libopencm3/lib/libopencm3_stm32f4.a(flash_common_f234.o)
 .ARM.attributes
                0x000000e4       0x39 ../libopencm3/lib/libopencm3_stm32f4.a(rcc_common_all.o)
 .ARM.attributes
                0x0000011d       0x39 ../libopencm3/lib/libopencm3_stm32f4.a(usb.o)
 .ARM.attributes
                0x00000156       0x39 ../libopencm3/lib/libopencm3_stm32f4.a(usb_standard.o)
 .ARM.attributes
                0x0000018f       0x39 ../libopencm3/lib/libopencm3_stm32f4.a(usb_control.o)
 .ARM.attributes
                0x000001c8       0x39 ../libopencm3/lib/libopencm3_stm32f4.a(usb_f207.o)
 .ARM.attributes
                0x00000201       0x39 ../libopencm3/lib/libopencm3_stm32f4.a(vector.o)
 .ARM.attributes
                0x0000023a       0x39 ../libopencm3/lib/libopencm3_stm32f4.a(pwr.o)
 .ARM.attributes
                0x00000273       0x39 ../libopencm3/lib/libopencm3_stm32f4.a(usb_fx07_common.o)
 .ARM.attributes
                0x000002ac       0x20 /home/yang/Library/gcc-arm-none-eabi-5_4-2016q3/bin/../lib/gcc/arm-none-eabi/5.4.1/../../../../arm-none-eabi/lib/armv7e-m/fpu/libc.a(lib_a-memcpy.o)
 .ARM.attributes
                0x000002cc       0x20 /home/yang/Library/gcc-arm-none-eabi-5_4-2016q3/bin/../lib/gcc/arm-none-eabi/5.4.1/../../../../arm-none-eabi/lib/armv7e-m/fpu/libc.a(lib_a-strlen.o)

.debug_frame    0x00000000      0xa0c
 .debug_frame   0x00000000       0x7c cdcacm.o
 .debug_frame   0x0000007c      0x1ec ../libopencm3/lib/libopencm3_stm32f4.a(rcc.o)
 .debug_frame   0x00000268       0x6c ../libopencm3/lib/libopencm3_stm32f4.a(gpio_common_f0234.o)
 .debug_frame   0x000002d4       0x80 ../libopencm3/lib/libopencm3_stm32f4.a(flash_common_f234.o)
 .debug_frame   0x00000354       0xb0 ../libopencm3/lib/libopencm3_stm32f4.a(rcc_common_all.o)
 .debug_frame   0x00000404      0x13c ../libopencm3/lib/libopencm3_stm32f4.a(usb.o)
 .debug_frame   0x00000540      0x1ec ../libopencm3/lib/libopencm3_stm32f4.a(usb_standard.o)
 .debug_frame   0x0000072c      0x150 ../libopencm3/lib/libopencm3_stm32f4.a(usb_control.o)
 .debug_frame   0x0000087c       0x20 ../libopencm3/lib/libopencm3_stm32f4.a(usb_f207.o)
 .debug_frame   0x0000089c       0x40 ../libopencm3/lib/libopencm3_stm32f4.a(vector.o)
 .debug_frame   0x000008dc       0x20 ../libopencm3/lib/libopencm3_stm32f4.a(pwr.o)
 .debug_frame   0x000008fc      0x110 ../libopencm3/lib/libopencm3_stm32f4.a(usb_fx07_common.o)

.debug_macro    0x00000000     0x4f33
 .debug_macro   0x00000000       0xf7 ../libopencm3/lib/libopencm3_stm32f4.a(rcc.o)
 .debug_macro   0x000000f7      0x874 ../libopencm3/lib/libopencm3_stm32f4.a(rcc.o)
 .debug_macro   0x0000096b       0x22 ../libopencm3/lib/libopencm3_stm32f4.a(rcc.o)
 .debug_macro   0x0000098d       0x44 ../libopencm3/lib/libopencm3_stm32f4.a(rcc.o)
 .debug_macro   0x000009d1       0xe3 ../libopencm3/lib/libopencm3_stm32f4.a(rcc.o)
 .debug_macro   0x00000ab4       0x22 ../libopencm3/lib/libopencm3_stm32f4.a(rcc.o)
 .debug_macro   0x00000ad6      0x1df ../libopencm3/lib/libopencm3_stm32f4.a(rcc.o)
 .debug_macro   0x00000cb5       0x22 ../libopencm3/lib/libopencm3_stm32f4.a(rcc.o)
 .debug_macro   0x00000cd7       0xfa ../libopencm3/lib/libopencm3_stm32f4.a(rcc.o)
 .debug_macro   0x00000dd1       0x16 ../libopencm3/lib/libopencm3_stm32f4.a(rcc.o)
 .debug_macro   0x00000de7       0x58 ../libopencm3/lib/libopencm3_stm32f4.a(rcc.o)
 .debug_macro   0x00000e3f      0x26d ../libopencm3/lib/libopencm3_stm32f4.a(rcc.o)
 .debug_macro   0x000010ac      0xb38 ../libopencm3/lib/libopencm3_stm32f4.a(rcc.o)
 .debug_macro   0x00001be4       0x8e ../libopencm3/lib/libopencm3_stm32f4.a(rcc.o)
 .debug_macro   0x00001c72       0x22 ../libopencm3/lib/libopencm3_stm32f4.a(rcc.o)
 .debug_macro   0x00001c94       0x64 ../libopencm3/lib/libopencm3_stm32f4.a(rcc.o)
 .debug_macro   0x00001cf8       0xf4 ../libopencm3/lib/libopencm3_stm32f4.a(rcc.o)
 .debug_macro   0x00001dec       0xc3 ../libopencm3/lib/libopencm3_stm32f4.a(gpio_common_f0234.o)
 .debug_macro   0x00001eaf       0x76 ../libopencm3/lib/libopencm3_stm32f4.a(gpio_common_f0234.o)
 .debug_macro   0x00001f25      0x2e6 ../libopencm3/lib/libopencm3_stm32f4.a(gpio_common_f0234.o)
 .debug_macro   0x0000220b      0x14e ../libopencm3/lib/libopencm3_stm32f4.a(gpio_common_f0234.o)
 .debug_macro   0x00002359       0xb4 ../libopencm3/lib/libopencm3_stm32f4.a(flash_common_f234.o)
 .debug_macro   0x0000240d       0xc0 ../libopencm3/lib/libopencm3_stm32f4.a(rcc_common_all.o)
 .debug_macro   0x000024cd      0x135 ../libopencm3/lib/libopencm3_stm32f4.a(usb.o)
 .debug_macro   0x00002602       0x58 ../libopencm3/lib/libopencm3_stm32f4.a(usb.o)
 .debug_macro   0x0000265a       0x35 ../libopencm3/lib/libopencm3_stm32f4.a(usb.o)
 .debug_macro   0x0000268f       0x9c ../libopencm3/lib/libopencm3_stm32f4.a(usb.o)
 .debug_macro   0x0000272b      0x166 ../libopencm3/lib/libopencm3_stm32f4.a(usb.o)
 .debug_macro   0x00002891       0x4a ../libopencm3/lib/libopencm3_stm32f4.a(usb.o)
 .debug_macro   0x000028db       0x52 ../libopencm3/lib/libopencm3_stm32f4.a(usb.o)
 .debug_macro   0x0000292d       0x16 ../libopencm3/lib/libopencm3_stm32f4.a(usb.o)
 .debug_macro   0x00002943       0x43 ../libopencm3/lib/libopencm3_stm32f4.a(usb.o)
 .debug_macro   0x00002986      0x180 ../libopencm3/lib/libopencm3_stm32f4.a(usb.o)
 .debug_macro   0x00002b06      0x29d ../libopencm3/lib/libopencm3_stm32f4.a(usb.o)
 .debug_macro   0x00002da3       0x10 ../libopencm3/lib/libopencm3_stm32f4.a(usb.o)
 .debug_macro   0x00002db3       0x35 ../libopencm3/lib/libopencm3_stm32f4.a(usb.o)
 .debug_macro   0x00002de8      0x196 ../libopencm3/lib/libopencm3_stm32f4.a(usb.o)
 .debug_macro   0x00002f7e       0x10 ../libopencm3/lib/libopencm3_stm32f4.a(usb.o)
 .debug_macro   0x00002f8e       0x1c ../libopencm3/lib/libopencm3_stm32f4.a(usb.o)
 .debug_macro   0x00002faa      0x135 ../libopencm3/lib/libopencm3_stm32f4.a(usb_standard.o)
 .debug_macro   0x000030df      0x14c ../libopencm3/lib/libopencm3_stm32f4.a(usb_control.o)
 .debug_macro   0x0000322b       0x16 ../libopencm3/lib/libopencm3_stm32f4.a(usb_control.o)
 .debug_macro   0x00003241      0x10e ../libopencm3/lib/libopencm3_stm32f4.a(usb_control.o)
 .debug_macro   0x0000334f       0x7f ../libopencm3/lib/libopencm3_stm32f4.a(usb_control.o)
 .debug_macro   0x000033ce       0x16 ../libopencm3/lib/libopencm3_stm32f4.a(usb_control.o)
 .debug_macro   0x000033e4       0x29 ../libopencm3/lib/libopencm3_stm32f4.a(usb_control.o)
 .debug_macro   0x0000340d      0x182 ../libopencm3/lib/libopencm3_stm32f4.a(usb_f207.o)
 .debug_macro   0x0000358f       0x3a ../libopencm3/lib/libopencm3_stm32f4.a(usb_f207.o)
 .debug_macro   0x000035c9      0x8c9 ../libopencm3/lib/libopencm3_stm32f4.a(usb_f207.o)
 .debug_macro   0x00003e92      0x249 ../libopencm3/lib/libopencm3_stm32f4.a(usb_f207.o)
 .debug_macro   0x000040db      0x19c ../libopencm3/lib/libopencm3_stm32f4.a(usb_f207.o)
 .debug_macro   0x00004277       0xc5 ../libopencm3/lib/libopencm3_stm32f4.a(vector.o)
 .debug_macro   0x0000433c      0x3a1 ../libopencm3/lib/libopencm3_stm32f4.a(vector.o)
 .debug_macro   0x000046dd       0x6a ../libopencm3/lib/libopencm3_stm32f4.a(vector.o)
 .debug_macro   0x00004747      0x22c ../libopencm3/lib/libopencm3_stm32f4.a(vector.o)
 .debug_macro   0x00004973       0xaa ../libopencm3/lib/libopencm3_stm32f4.a(pwr.o)
 .debug_macro   0x00004a1d      0x197 ../libopencm3/lib/libopencm3_stm32f4.a(usb_fx07_common.o)
 .debug_macro   0x00004bb4      0x130 ../libopencm3/lib/libopencm3_stm32f4.a(usb_fx07_common.o)
 .debug_macro   0x00004ce4      0x24f ../libopencm3/lib/libopencm3_stm32f4.a(usb_fx07_common.o)
