Archive member included to satisfy reference by file (symbol)

../libopencm3/lib/libopencm3_stm32f4.a(rcc.o)
                              blink.o (rcc_clock_setup_hse_3v3)
../libopencm3/lib/libopencm3_stm32f4.a(gpio_common_all.o)
                              blink.o (gpio_toggle)
../libopencm3/lib/libopencm3_stm32f4.a(gpio_common_f0234.o)
                              blink.o (gpio_mode_setup)
../libopencm3/lib/libopencm3_stm32f4.a(flash_common_f234.o)
                              ../libopencm3/lib/libopencm3_stm32f4.a(rcc.o) (flash_set_ws)
../libopencm3/lib/libopencm3_stm32f4.a(rcc_common_all.o)
                              blink.o (rcc_periph_clock_enable)
../libopencm3/lib/libopencm3_stm32f4.a(vector.o)
                              (reset_handler)
../libopencm3/lib/libopencm3_stm32f4.a(systick.o)
                              delay.o (systick_set_reload)
../libopencm3/lib/libopencm3_stm32f4.a(pwr.o)
                              ../libopencm3/lib/libopencm3_stm32f4.a(rcc.o) (pwr_set_vos_scale)

Discarded input sections

 .text          0x00000000        0x0 delay.o
 .data          0x00000000        0x0 delay.o
 .bss           0x00000000        0x0 delay.o
 .text          0x00000000        0x0 blink.o
 .data          0x00000000        0x0 blink.o
 .bss           0x00000000        0x0 blink.o
 .group         0x00000000        0x8 ../libopencm3/lib/libopencm3_stm32f4.a(rcc.o)
 .group         0x00000000        0x8 ../libopencm3/lib/libopencm3_stm32f4.a(rcc.o)
 .group         0x00000000        0x8 ../libopencm3/lib/libopencm3_stm32f4.a(rcc.o)
 .group         0x00000000        0x8 ../libopencm3/lib/libopencm3_stm32f4.a(rcc.o)
 .group         0x00000000        0x8 ../libopencm3/lib/libopencm3_stm32f4.a(rcc.o)
 .group         0x00000000        0x8 ../libopencm3/lib/libopencm3_stm32f4.a(rcc.o)
 .group         0x00000000        0x8 ../libopencm3/lib/libopencm3_stm32f4.a(rcc.o)
 .group         0x00000000        0x8 ../libopencm3/lib/libopencm3_stm32f4.a(rcc.o)
 .group         0x00000000        0x8 ../libopencm3/lib/libopencm3_stm32f4.a(rcc.o)
 .group         0x00000000        0x8 ../libopencm3/lib/libopencm3_stm32f4.a(rcc.o)
 .group         0x00000000        0x8 ../libopencm3/lib/libopencm3_stm32f4.a(rcc.o)
 .group         0x00000000        0x8 ../libopencm3/lib/libopencm3_stm32f4.a(rcc.o)
 .group         0x00000000        0x8 ../libopencm3/lib/libopencm3_stm32f4.a(rcc.o)
 .group         0x00000000        0x8 ../libopencm3/lib/libopencm3_stm32f4.a(rcc.o)
 .group         0x00000000        0x8 ../libopencm3/lib/libopencm3_stm32f4.a(rcc.o)
 .group         0x00000000        0x8 ../libopencm3/lib/libopencm3_stm32f4.a(rcc.o)
 .text          0x00000000        0x0 ../libopencm3/lib/libopencm3_stm32f4.a(rcc.o)
 .data          0x00000000        0x0 ../libopencm3/lib/libopencm3_stm32f4.a(rcc.o)
 .bss           0x00000000        0x0 ../libopencm3/lib/libopencm3_stm32f4.a(rcc.o)
 .text.rcc_osc_ready_int_clear
                0x00000000       0x5c ../libopencm3/lib/libopencm3_stm32f4.a(rcc.o)
 .text.rcc_osc_ready_int_enable
                0x00000000       0x5c ../libopencm3/lib/libopencm3_stm32f4.a(rcc.o)
 .text.rcc_osc_ready_int_disable
                0x00000000       0x5c ../libopencm3/lib/libopencm3_stm32f4.a(rcc.o)
 .text.rcc_osc_ready_int_flag
                0x00000000       0x60 ../libopencm3/lib/libopencm3_stm32f4.a(rcc.o)
 .text.rcc_css_int_clear
                0x00000000       0x10 ../libopencm3/lib/libopencm3_stm32f4.a(rcc.o)
 .text.rcc_css_int_flag
                0x00000000       0x10 ../libopencm3/lib/libopencm3_stm32f4.a(rcc.o)
 .text.rcc_wait_for_sysclk_status
                0x00000000       0x38 ../libopencm3/lib/libopencm3_stm32f4.a(rcc.o)
 .text.rcc_css_enable
                0x00000000       0x10 ../libopencm3/lib/libopencm3_stm32f4.a(rcc.o)
 .text.rcc_css_disable
                0x00000000       0x10 ../libopencm3/lib/libopencm3_stm32f4.a(rcc.o)
 .text.rcc_osc_bypass_enable
                0x00000000       0x28 ../libopencm3/lib/libopencm3_stm32f4.a(rcc.o)
 .text.rcc_osc_bypass_disable
                0x00000000       0x28 ../libopencm3/lib/libopencm3_stm32f4.a(rcc.o)
 .text.rcc_pllsai_config
                0x00000000       0x28 ../libopencm3/lib/libopencm3_stm32f4.a(rcc.o)
 .text.rcc_pllsai_postscalers
                0x00000000       0x24 ../libopencm3/lib/libopencm3_stm32f4.a(rcc.o)
 .text.rcc_set_pll_source
                0x00000000       0x14 ../libopencm3/lib/libopencm3_stm32f4.a(rcc.o)
 .text.rcc_set_rtcpre
                0x00000000       0x14 ../libopencm3/lib/libopencm3_stm32f4.a(rcc.o)
 .text.rcc_set_main_pll_hsi
                0x00000000       0x40 ../libopencm3/lib/libopencm3_stm32f4.a(rcc.o)
 .text.rcc_system_clock_source
                0x00000000       0x10 ../libopencm3/lib/libopencm3_stm32f4.a(rcc.o)
 .rodata.rcc_hse_16mhz_3v3
                0x00000000       0x70 ../libopencm3/lib/libopencm3_stm32f4.a(rcc.o)
 .rodata.rcc_hse_12mhz_3v3
                0x00000000       0x70 ../libopencm3/lib/libopencm3_stm32f4.a(rcc.o)
 .rodata.rcc_hse_25mhz_3v3
                0x00000000       0x70 ../libopencm3/lib/libopencm3_stm32f4.a(rcc.o)
 .group         0x00000000        0x8 ../libopencm3/lib/libopencm3_stm32f4.a(gpio_common_all.o)
 .group         0x00000000        0x8 ../libopencm3/lib/libopencm3_stm32f4.a(gpio_common_all.o)
 .group         0x00000000        0x8 ../libopencm3/lib/libopencm3_stm32f4.a(gpio_common_all.o)
 .group         0x00000000        0x8 ../libopencm3/lib/libopencm3_stm32f4.a(gpio_common_all.o)
 .group         0x00000000        0x8 ../libopencm3/lib/libopencm3_stm32f4.a(gpio_common_all.o)
 .group         0x00000000        0x8 ../libopencm3/lib/libopencm3_stm32f4.a(gpio_common_all.o)
 .group         0x00000000        0x8 ../libopencm3/lib/libopencm3_stm32f4.a(gpio_common_all.o)
 .group         0x00000000        0x8 ../libopencm3/lib/libopencm3_stm32f4.a(gpio_common_all.o)
 .group         0x00000000        0x8 ../libopencm3/lib/libopencm3_stm32f4.a(gpio_common_all.o)
 .group         0x00000000        0x8 ../libopencm3/lib/libopencm3_stm32f4.a(gpio_common_all.o)
 .group         0x00000000        0x8 ../libopencm3/lib/libopencm3_stm32f4.a(gpio_common_all.o)
 .group         0x00000000        0x8 ../libopencm3/lib/libopencm3_stm32f4.a(gpio_common_all.o)
 .group         0x00000000        0x8 ../libopencm3/lib/libopencm3_stm32f4.a(gpio_common_all.o)
 .text          0x00000000        0x0 ../libopencm3/lib/libopencm3_stm32f4.a(gpio_common_all.o)
 .data          0x00000000        0x0 ../libopencm3/lib/libopencm3_stm32f4.a(gpio_common_all.o)
 .bss           0x00000000        0x0 ../libopencm3/lib/libopencm3_stm32f4.a(gpio_common_all.o)
 .text.gpio_set
                0x00000000        0x4 ../libopencm3/lib/libopencm3_stm32f4.a(gpio_common_all.o)
 .text.gpio_clear
                0x00000000        0x6 ../libopencm3/lib/libopencm3_stm32f4.a(gpio_common_all.o)
 .text.gpio_get
                0x00000000        0x6 ../libopencm3/lib/libopencm3_stm32f4.a(gpio_common_all.o)
 .text.gpio_port_read
                0x00000000        0x6 ../libopencm3/lib/libopencm3_stm32f4.a(gpio_common_all.o)
 .text.gpio_port_write
                0x00000000        0x4 ../libopencm3/lib/libopencm3_stm32f4.a(gpio_common_all.o)
 .text.gpio_port_config_lock
                0x00000000       0x10 ../libopencm3/lib/libopencm3_stm32f4.a(gpio_common_all.o)
 .debug_macro   0x00000000      0x874 ../libopencm3/lib/libopencm3_stm32f4.a(gpio_common_all.o)
 .debug_macro   0x00000000       0x22 ../libopencm3/lib/libopencm3_stm32f4.a(gpio_common_all.o)
 .debug_macro   0x00000000       0x44 ../libopencm3/lib/libopencm3_stm32f4.a(gpio_common_all.o)
 .debug_macro   0x00000000       0xe3 ../libopencm3/lib/libopencm3_stm32f4.a(gpio_common_all.o)
 .debug_macro   0x00000000       0x22 ../libopencm3/lib/libopencm3_stm32f4.a(gpio_common_all.o)
 .debug_macro   0x00000000      0x1df ../libopencm3/lib/libopencm3_stm32f4.a(gpio_common_all.o)
 .debug_macro   0x00000000       0x22 ../libopencm3/lib/libopencm3_stm32f4.a(gpio_common_all.o)
 .debug_macro   0x00000000       0xfa ../libopencm3/lib/libopencm3_stm32f4.a(gpio_common_all.o)
 .debug_macro   0x00000000       0x58 ../libopencm3/lib/libopencm3_stm32f4.a(gpio_common_all.o)
 .debug_macro   0x00000000      0x26d ../libopencm3/lib/libopencm3_stm32f4.a(gpio_common_all.o)
 .group         0x00000000        0x8 ../libopencm3/lib/libopencm3_stm32f4.a(gpio_common_f0234.o)
 .group         0x00000000        0x8 ../libopencm3/lib/libopencm3_stm32f4.a(gpio_common_f0234.o)
 .group         0x00000000        0x8 ../libopencm3/lib/libopencm3_stm32f4.a(gpio_common_f0234.o)
 .group         0x00000000        0x8 ../libopencm3/lib/libopencm3_stm32f4.a(gpio_common_f0234.o)
 .group         0x00000000        0x8 ../libopencm3/lib/libopencm3_stm32f4.a(gpio_common_f0234.o)
 .group         0x00000000        0x8 ../libopencm3/lib/libopencm3_stm32f4.a(gpio_common_f0234.o)
 .group         0x00000000        0x8 ../libopencm3/lib/libopencm3_stm32f4.a(gpio_common_f0234.o)
 .group         0x00000000        0x8 ../libopencm3/lib/libopencm3_stm32f4.a(gpio_common_f0234.o)
 .group         0x00000000        0x8 ../libopencm3/lib/libopencm3_stm32f4.a(gpio_common_f0234.o)
 .group         0x00000000        0x8 ../libopencm3/lib/libopencm3_stm32f4.a(gpio_common_f0234.o)
 .group         0x00000000        0x8 ../libopencm3/lib/libopencm3_stm32f4.a(gpio_common_f0234.o)
 .group         0x00000000        0x8 ../libopencm3/lib/libopencm3_stm32f4.a(gpio_common_f0234.o)
 .group         0x00000000        0x8 ../libopencm3/lib/libopencm3_stm32f4.a(gpio_common_f0234.o)
 .text          0x00000000        0x0 ../libopencm3/lib/libopencm3_stm32f4.a(gpio_common_f0234.o)
 .data          0x00000000        0x0 ../libopencm3/lib/libopencm3_stm32f4.a(gpio_common_f0234.o)
 .bss           0x00000000        0x0 ../libopencm3/lib/libopencm3_stm32f4.a(gpio_common_f0234.o)
 .text.gpio_set_output_options
                0x00000000       0x36 ../libopencm3/lib/libopencm3_stm32f4.a(gpio_common_f0234.o)
 .text.gpio_set_af
                0x00000000       0x54 ../libopencm3/lib/libopencm3_stm32f4.a(gpio_common_f0234.o)
 .debug_macro   0x00000000      0x874 ../libopencm3/lib/libopencm3_stm32f4.a(gpio_common_f0234.o)
 .debug_macro   0x00000000       0x22 ../libopencm3/lib/libopencm3_stm32f4.a(gpio_common_f0234.o)
 .debug_macro   0x00000000       0x44 ../libopencm3/lib/libopencm3_stm32f4.a(gpio_common_f0234.o)
 .debug_macro   0x00000000       0xe3 ../libopencm3/lib/libopencm3_stm32f4.a(gpio_common_f0234.o)
 .debug_macro   0x00000000       0x22 ../libopencm3/lib/libopencm3_stm32f4.a(gpio_common_f0234.o)
 .debug_macro   0x00000000      0x1df ../libopencm3/lib/libopencm3_stm32f4.a(gpio_common_f0234.o)
 .debug_macro   0x00000000       0x22 ../libopencm3/lib/libopencm3_stm32f4.a(gpio_common_f0234.o)
 .debug_macro   0x00000000       0xfa ../libopencm3/lib/libopencm3_stm32f4.a(gpio_common_f0234.o)
 .debug_macro   0x00000000       0x58 ../libopencm3/lib/libopencm3_stm32f4.a(gpio_common_f0234.o)
 .debug_macro   0x00000000      0x26d ../libopencm3/lib/libopencm3_stm32f4.a(gpio_common_f0234.o)
 .debug_macro   0x00000000       0x76 ../libopencm3/lib/libopencm3_stm32f4.a(gpio_common_f0234.o)
 .debug_macro   0x00000000      0x2e6 ../libopencm3/lib/libopencm3_stm32f4.a(gpio_common_f0234.o)
 .debug_macro   0x00000000      0x14e ../libopencm3/lib/libopencm3_stm32f4.a(gpio_common_f0234.o)
 .group         0x00000000        0x8 ../libopencm3/lib/libopencm3_stm32f4.a(flash_common_f234.o)
 .group         0x00000000        0x8 ../libopencm3/lib/libopencm3_stm32f4.a(flash_common_f234.o)
 .group         0x00000000        0x8 ../libopencm3/lib/libopencm3_stm32f4.a(flash_common_f234.o)
 .group         0x00000000        0x8 ../libopencm3/lib/libopencm3_stm32f4.a(flash_common_f234.o)
 .group         0x00000000        0x8 ../libopencm3/lib/libopencm3_stm32f4.a(flash_common_f234.o)
 .group         0x00000000        0x8 ../libopencm3/lib/libopencm3_stm32f4.a(flash_common_f234.o)
 .group         0x00000000        0x8 ../libopencm3/lib/libopencm3_stm32f4.a(flash_common_f234.o)
 .group         0x00000000        0x8 ../libopencm3/lib/libopencm3_stm32f4.a(flash_common_f234.o)
 .group         0x00000000        0x8 ../libopencm3/lib/libopencm3_stm32f4.a(flash_common_f234.o)
 .group         0x00000000        0x8 ../libopencm3/lib/libopencm3_stm32f4.a(flash_common_f234.o)
 .group         0x00000000        0x8 ../libopencm3/lib/libopencm3_stm32f4.a(flash_common_f234.o)
 .group         0x00000000        0x8 ../libopencm3/lib/libopencm3_stm32f4.a(flash_common_f234.o)
 .text          0x00000000        0x0 ../libopencm3/lib/libopencm3_stm32f4.a(flash_common_f234.o)
 .data          0x00000000        0x0 ../libopencm3/lib/libopencm3_stm32f4.a(flash_common_f234.o)
 .bss           0x00000000        0x0 ../libopencm3/lib/libopencm3_stm32f4.a(flash_common_f234.o)
 .text.flash_unlock
                0x00000000       0x24 ../libopencm3/lib/libopencm3_stm32f4.a(flash_common_f234.o)
 .text.flash_lock
                0x00000000       0x10 ../libopencm3/lib/libopencm3_stm32f4.a(flash_common_f234.o)
 .text.flash_clear_pgperr_flag
                0x00000000       0x10 ../libopencm3/lib/libopencm3_stm32f4.a(flash_common_f234.o)
 .text.flash_clear_eop_flag
                0x00000000       0x10 ../libopencm3/lib/libopencm3_stm32f4.a(flash_common_f234.o)
 .text.flash_clear_bsy_flag
                0x00000000       0x10 ../libopencm3/lib/libopencm3_stm32f4.a(flash_common_f234.o)
 .text.flash_wait_for_last_operation
                0x00000000       0x10 ../libopencm3/lib/libopencm3_stm32f4.a(flash_common_f234.o)
 .debug_macro   0x00000000      0x874 ../libopencm3/lib/libopencm3_stm32f4.a(flash_common_f234.o)
 .debug_macro   0x00000000       0x22 ../libopencm3/lib/libopencm3_stm32f4.a(flash_common_f234.o)
 .debug_macro   0x00000000       0x44 ../libopencm3/lib/libopencm3_stm32f4.a(flash_common_f234.o)
 .debug_macro   0x00000000       0xe3 ../libopencm3/lib/libopencm3_stm32f4.a(flash_common_f234.o)
 .debug_macro   0x00000000       0x22 ../libopencm3/lib/libopencm3_stm32f4.a(flash_common_f234.o)
 .debug_macro   0x00000000      0x1df ../libopencm3/lib/libopencm3_stm32f4.a(flash_common_f234.o)
 .debug_macro   0x00000000       0x22 ../libopencm3/lib/libopencm3_stm32f4.a(flash_common_f234.o)
 .debug_macro   0x00000000       0xfa ../libopencm3/lib/libopencm3_stm32f4.a(flash_common_f234.o)
 .debug_macro   0x00000000       0x58 ../libopencm3/lib/libopencm3_stm32f4.a(flash_common_f234.o)
 .debug_macro   0x00000000      0x26d ../libopencm3/lib/libopencm3_stm32f4.a(flash_common_f234.o)
 .debug_macro   0x00000000       0x64 ../libopencm3/lib/libopencm3_stm32f4.a(flash_common_f234.o)
 .debug_macro   0x00000000       0xf4 ../libopencm3/lib/libopencm3_stm32f4.a(flash_common_f234.o)
 .group         0x00000000        0x8 ../libopencm3/lib/libopencm3_stm32f4.a(rcc_common_all.o)
 .group         0x00000000        0x8 ../libopencm3/lib/libopencm3_stm32f4.a(rcc_common_all.o)
 .group         0x00000000        0x8 ../libopencm3/lib/libopencm3_stm32f4.a(rcc_common_all.o)
 .group         0x00000000        0x8 ../libopencm3/lib/libopencm3_stm32f4.a(rcc_common_all.o)
 .group         0x00000000        0x8 ../libopencm3/lib/libopencm3_stm32f4.a(rcc_common_all.o)
 .group         0x00000000        0x8 ../libopencm3/lib/libopencm3_stm32f4.a(rcc_common_all.o)
 .group         0x00000000        0x8 ../libopencm3/lib/libopencm3_stm32f4.a(rcc_common_all.o)
 .group         0x00000000        0x8 ../libopencm3/lib/libopencm3_stm32f4.a(rcc_common_all.o)
 .group         0x00000000        0x8 ../libopencm3/lib/libopencm3_stm32f4.a(rcc_common_all.o)
 .group         0x00000000        0x8 ../libopencm3/lib/libopencm3_stm32f4.a(rcc_common_all.o)
 .group         0x00000000        0x8 ../libopencm3/lib/libopencm3_stm32f4.a(rcc_common_all.o)
 .text          0x00000000        0x0 ../libopencm3/lib/libopencm3_stm32f4.a(rcc_common_all.o)
 .data          0x00000000        0x0 ../libopencm3/lib/libopencm3_stm32f4.a(rcc_common_all.o)
 .bss           0x00000000        0x0 ../libopencm3/lib/libopencm3_stm32f4.a(rcc_common_all.o)
 .text.rcc_peripheral_enable_clock
                0x00000000        0x8 ../libopencm3/lib/libopencm3_stm32f4.a(rcc_common_all.o)
 .text.rcc_peripheral_disable_clock
                0x00000000        0xa ../libopencm3/lib/libopencm3_stm32f4.a(rcc_common_all.o)
 .text.rcc_peripheral_reset
                0x00000000        0x8 ../libopencm3/lib/libopencm3_stm32f4.a(rcc_common_all.o)
 .text.rcc_peripheral_clear_reset
                0x00000000        0xa ../libopencm3/lib/libopencm3_stm32f4.a(rcc_common_all.o)
 .text.rcc_periph_clock_disable
                0x00000000       0x1c ../libopencm3/lib/libopencm3_stm32f4.a(rcc_common_all.o)
 .text.rcc_periph_reset_pulse
                0x00000000       0x22 ../libopencm3/lib/libopencm3_stm32f4.a(rcc_common_all.o)
 .text.rcc_periph_reset_hold
                0x00000000       0x1a ../libopencm3/lib/libopencm3_stm32f4.a(rcc_common_all.o)
 .text.rcc_periph_reset_release
                0x00000000       0x1c ../libopencm3/lib/libopencm3_stm32f4.a(rcc_common_all.o)
 .text.rcc_set_mco
                0x00000000       0x14 ../libopencm3/lib/libopencm3_stm32f4.a(rcc_common_all.o)
 .debug_macro   0x00000000      0x874 ../libopencm3/lib/libopencm3_stm32f4.a(rcc_common_all.o)
 .debug_macro   0x00000000       0x22 ../libopencm3/lib/libopencm3_stm32f4.a(rcc_common_all.o)
 .debug_macro   0x00000000       0x44 ../libopencm3/lib/libopencm3_stm32f4.a(rcc_common_all.o)
 .debug_macro   0x00000000       0xe3 ../libopencm3/lib/libopencm3_stm32f4.a(rcc_common_all.o)
 .debug_macro   0x00000000       0x22 ../libopencm3/lib/libopencm3_stm32f4.a(rcc_common_all.o)
 .debug_macro   0x00000000      0x1df ../libopencm3/lib/libopencm3_stm32f4.a(rcc_common_all.o)
 .debug_macro   0x00000000       0x22 ../libopencm3/lib/libopencm3_stm32f4.a(rcc_common_all.o)
 .debug_macro   0x00000000       0xfa ../libopencm3/lib/libopencm3_stm32f4.a(rcc_common_all.o)
 .debug_macro   0x00000000       0x58 ../libopencm3/lib/libopencm3_stm32f4.a(rcc_common_all.o)
 .debug_macro   0x00000000      0x26d ../libopencm3/lib/libopencm3_stm32f4.a(rcc_common_all.o)
 .debug_macro   0x00000000      0xb38 ../libopencm3/lib/libopencm3_stm32f4.a(rcc_common_all.o)
 .group         0x00000000        0x8 ../libopencm3/lib/libopencm3_stm32f4.a(vector.o)
 .group         0x00000000        0x8 ../libopencm3/lib/libopencm3_stm32f4.a(vector.o)
 .group         0x00000000        0x8 ../libopencm3/lib/libopencm3_stm32f4.a(vector.o)
 .group         0x00000000        0x8 ../libopencm3/lib/libopencm3_stm32f4.a(vector.o)
 .group         0x00000000        0x8 ../libopencm3/lib/libopencm3_stm32f4.a(vector.o)
 .group         0x00000000        0x8 ../libopencm3/lib/libopencm3_stm32f4.a(vector.o)
 .group         0x00000000        0x8 ../libopencm3/lib/libopencm3_stm32f4.a(vector.o)
 .group         0x00000000        0x8 ../libopencm3/lib/libopencm3_stm32f4.a(vector.o)
 .group         0x00000000        0x8 ../libopencm3/lib/libopencm3_stm32f4.a(vector.o)
 .group         0x00000000        0x8 ../libopencm3/lib/libopencm3_stm32f4.a(vector.o)
 .group         0x00000000        0x8 ../libopencm3/lib/libopencm3_stm32f4.a(vector.o)
 .group         0x00000000        0x8 ../libopencm3/lib/libopencm3_stm32f4.a(vector.o)
 .text          0x00000000        0x0 ../libopencm3/lib/libopencm3_stm32f4.a(vector.o)
 .data          0x00000000        0x0 ../libopencm3/lib/libopencm3_stm32f4.a(vector.o)
 .bss           0x00000000        0x0 ../libopencm3/lib/libopencm3_stm32f4.a(vector.o)
 .debug_macro   0x00000000      0x874 ../libopencm3/lib/libopencm3_stm32f4.a(vector.o)
 .debug_macro   0x00000000       0x58 ../libopencm3/lib/libopencm3_stm32f4.a(vector.o)
 .debug_macro   0x00000000       0x22 ../libopencm3/lib/libopencm3_stm32f4.a(vector.o)
 .debug_macro   0x00000000       0x44 ../libopencm3/lib/libopencm3_stm32f4.a(vector.o)
 .debug_macro   0x00000000       0xe3 ../libopencm3/lib/libopencm3_stm32f4.a(vector.o)
 .debug_macro   0x00000000       0x22 ../libopencm3/lib/libopencm3_stm32f4.a(vector.o)
 .debug_macro   0x00000000      0x1df ../libopencm3/lib/libopencm3_stm32f4.a(vector.o)
 .debug_macro   0x00000000       0x22 ../libopencm3/lib/libopencm3_stm32f4.a(vector.o)
 .debug_macro   0x00000000       0xfa ../libopencm3/lib/libopencm3_stm32f4.a(vector.o)
 .group         0x00000000        0x8 ../libopencm3/lib/libopencm3_stm32f4.a(systick.o)
 .group         0x00000000        0x8 ../libopencm3/lib/libopencm3_stm32f4.a(systick.o)
 .group         0x00000000        0x8 ../libopencm3/lib/libopencm3_stm32f4.a(systick.o)
 .group         0x00000000        0x8 ../libopencm3/lib/libopencm3_stm32f4.a(systick.o)
 .group         0x00000000        0x8 ../libopencm3/lib/libopencm3_stm32f4.a(systick.o)
 .group         0x00000000        0x8 ../libopencm3/lib/libopencm3_stm32f4.a(systick.o)
 .group         0x00000000        0x8 ../libopencm3/lib/libopencm3_stm32f4.a(systick.o)
 .group         0x00000000        0x8 ../libopencm3/lib/libopencm3_stm32f4.a(systick.o)
 .group         0x00000000        0x8 ../libopencm3/lib/libopencm3_stm32f4.a(systick.o)
 .group         0x00000000        0x8 ../libopencm3/lib/libopencm3_stm32f4.a(systick.o)
 .text          0x00000000        0x0 ../libopencm3/lib/libopencm3_stm32f4.a(systick.o)
 .data          0x00000000        0x0 ../libopencm3/lib/libopencm3_stm32f4.a(systick.o)
 .bss           0x00000000        0x0 ../libopencm3/lib/libopencm3_stm32f4.a(systick.o)
 .text.systick_get_reload
                0x00000000       0x10 ../libopencm3/lib/libopencm3_stm32f4.a(systick.o)
 .text.systick_get_value
                0x00000000       0x10 ../libopencm3/lib/libopencm3_stm32f4.a(systick.o)
 .text.systick_set_frequency
                0x00000000       0x3c ../libopencm3/lib/libopencm3_stm32f4.a(systick.o)
 .text.systick_interrupt_disable
                0x00000000       0x10 ../libopencm3/lib/libopencm3_stm32f4.a(systick.o)
 .text.systick_counter_disable
                0x00000000       0x10 ../libopencm3/lib/libopencm3_stm32f4.a(systick.o)
 .text.systick_get_countflag
                0x00000000       0x10 ../libopencm3/lib/libopencm3_stm32f4.a(systick.o)
 .text.systick_clear
                0x00000000        0xc ../libopencm3/lib/libopencm3_stm32f4.a(systick.o)
 .text.systick_get_calib
                0x00000000       0x10 ../libopencm3/lib/libopencm3_stm32f4.a(systick.o)
 .debug_macro   0x00000000      0x874 ../libopencm3/lib/libopencm3_stm32f4.a(systick.o)
 .debug_macro   0x00000000       0x58 ../libopencm3/lib/libopencm3_stm32f4.a(systick.o)
 .debug_macro   0x00000000       0x22 ../libopencm3/lib/libopencm3_stm32f4.a(systick.o)
 .debug_macro   0x00000000       0x44 ../libopencm3/lib/libopencm3_stm32f4.a(systick.o)
 .debug_macro   0x00000000       0xe3 ../libopencm3/lib/libopencm3_stm32f4.a(systick.o)
 .debug_macro   0x00000000       0x22 ../libopencm3/lib/libopencm3_stm32f4.a(systick.o)
 .debug_macro   0x00000000      0x1df ../libopencm3/lib/libopencm3_stm32f4.a(systick.o)
 .debug_macro   0x00000000       0x22 ../libopencm3/lib/libopencm3_stm32f4.a(systick.o)
 .debug_macro   0x00000000       0xfa ../libopencm3/lib/libopencm3_stm32f4.a(systick.o)
 .group         0x00000000        0x8 ../libopencm3/lib/libopencm3_stm32f4.a(pwr.o)
 .group         0x00000000        0x8 ../libopencm3/lib/libopencm3_stm32f4.a(pwr.o)
 .group         0x00000000        0x8 ../libopencm3/lib/libopencm3_stm32f4.a(pwr.o)
 .group         0x00000000        0x8 ../libopencm3/lib/libopencm3_stm32f4.a(pwr.o)
 .group         0x00000000        0x8 ../libopencm3/lib/libopencm3_stm32f4.a(pwr.o)
 .group         0x00000000        0x8 ../libopencm3/lib/libopencm3_stm32f4.a(pwr.o)
 .group         0x00000000        0x8 ../libopencm3/lib/libopencm3_stm32f4.a(pwr.o)
 .group         0x00000000        0x8 ../libopencm3/lib/libopencm3_stm32f4.a(pwr.o)
 .group         0x00000000        0x8 ../libopencm3/lib/libopencm3_stm32f4.a(pwr.o)
 .group         0x00000000        0x8 ../libopencm3/lib/libopencm3_stm32f4.a(pwr.o)
 .group         0x00000000        0x8 ../libopencm3/lib/libopencm3_stm32f4.a(pwr.o)
 .group         0x00000000        0x8 ../libopencm3/lib/libopencm3_stm32f4.a(pwr.o)
 .text          0x00000000        0x0 ../libopencm3/lib/libopencm3_stm32f4.a(pwr.o)
 .data          0x00000000        0x0 ../libopencm3/lib/libopencm3_stm32f4.a(pwr.o)
 .bss           0x00000000        0x0 ../libopencm3/lib/libopencm3_stm32f4.a(pwr.o)
 .debug_macro   0x00000000      0x874 ../libopencm3/lib/libopencm3_stm32f4.a(pwr.o)
 .debug_macro   0x00000000       0x22 ../libopencm3/lib/libopencm3_stm32f4.a(pwr.o)
 .debug_macro   0x00000000       0x44 ../libopencm3/lib/libopencm3_stm32f4.a(pwr.o)
 .debug_macro   0x00000000       0xe3 ../libopencm3/lib/libopencm3_stm32f4.a(pwr.o)
 .debug_macro   0x00000000       0x22 ../libopencm3/lib/libopencm3_stm32f4.a(pwr.o)
 .debug_macro   0x00000000      0x1df ../libopencm3/lib/libopencm3_stm32f4.a(pwr.o)
 .debug_macro   0x00000000       0x22 ../libopencm3/lib/libopencm3_stm32f4.a(pwr.o)
 .debug_macro   0x00000000       0xfa ../libopencm3/lib/libopencm3_stm32f4.a(pwr.o)
 .debug_macro   0x00000000       0x58 ../libopencm3/lib/libopencm3_stm32f4.a(pwr.o)
 .debug_macro   0x00000000      0x26d ../libopencm3/lib/libopencm3_stm32f4.a(pwr.o)
 .debug_macro   0x00000000       0x8e ../libopencm3/lib/libopencm3_stm32f4.a(pwr.o)
 .debug_macro   0x00000000       0x22 ../libopencm3/lib/libopencm3_stm32f4.a(pwr.o)

Memory Configuration

Name             Origin             Length             Attributes
rom              0x08000000         0x00200000         xr
ram              0x20000000         0x00020000         xrw
*default*        0x00000000         0xffffffff

Linker script and memory map

LOAD delay.o
LOAD blink.o
LOAD ../libopencm3/lib/libopencm3_stm32f4.a
START GROUP
LOAD /home/yang/Library/gcc-arm-none-eabi-5_4-2016q3/bin/../lib/gcc/arm-none-eabi/5.4.1/../../../../arm-none-eabi/lib/armv7e-m/fpu/libc.a
LOAD /home/yang/Library/gcc-arm-none-eabi-5_4-2016q3/bin/../lib/gcc/arm-none-eabi/5.4.1/armv7e-m/fpu/libgcc.a
LOAD /home/yang/Library/gcc-arm-none-eabi-5_4-2016q3/bin/../lib/gcc/arm-none-eabi/5.4.1/../../../../arm-none-eabi/lib/armv7e-m/fpu/libnosys.a
END GROUP
START GROUP
LOAD /home/yang/Library/gcc-arm-none-eabi-5_4-2016q3/bin/../lib/gcc/arm-none-eabi/5.4.1/armv7e-m/fpu/libgcc.a
LOAD /home/yang/Library/gcc-arm-none-eabi-5_4-2016q3/bin/../lib/gcc/arm-none-eabi/5.4.1/../../../../arm-none-eabi/lib/armv7e-m/fpu/libc.a
END GROUP

.text           0x08000000      0x678
 *(.vectors)
 .vectors       0x08000000      0x1ac ../libopencm3/lib/libopencm3_stm32f4.a(vector.o)
                0x08000000                vector_table
 *(.text*)
 .text.sys_tick_handler
                0x080001ac       0x10 delay.o
                0x080001ac                sys_tick_handler
 .text.delay_ms
                0x080001bc       0x14 delay.o
                0x080001bc                delay_ms
 .text.delay_setup
                0x080001d0       0x20 delay.o
                0x080001d0                delay_setup
 .text.startup.main
                0x080001f0       0x40 blink.o
                0x080001f0                main
 .text.rcc_is_osc_ready
                0x08000230       0x5c ../libopencm3/lib/libopencm3_stm32f4.a(rcc.o)
                0x08000230                rcc_is_osc_ready
 .text.rcc_wait_for_osc_ready
                0x0800028c       0x10 ../libopencm3/lib/libopencm3_stm32f4.a(rcc.o)
                0x0800028c                rcc_wait_for_osc_ready
 .text.rcc_osc_on
                0x0800029c       0x58 ../libopencm3/lib/libopencm3_stm32f4.a(rcc.o)
                0x0800029c                rcc_osc_on
 .text.rcc_osc_off
                0x080002f4       0x58 ../libopencm3/lib/libopencm3_stm32f4.a(rcc.o)
                0x080002f4                rcc_osc_off
 .text.rcc_set_sysclk_source
                0x0800034c       0x14 ../libopencm3/lib/libopencm3_stm32f4.a(rcc.o)
                0x0800034c                rcc_set_sysclk_source
 .text.rcc_set_ppre2
                0x08000360       0x14 ../libopencm3/lib/libopencm3_stm32f4.a(rcc.o)
                0x08000360                rcc_set_ppre2
 .text.rcc_set_ppre1
                0x08000374       0x14 ../libopencm3/lib/libopencm3_stm32f4.a(rcc.o)
                0x08000374                rcc_set_ppre1
 .text.rcc_set_hpre
                0x08000388       0x14 ../libopencm3/lib/libopencm3_stm32f4.a(rcc.o)
                0x08000388                rcc_set_hpre
 .text.rcc_set_main_pll_hse
                0x0800039c       0x44 ../libopencm3/lib/libopencm3_stm32f4.a(rcc.o)
                0x0800039c                rcc_set_main_pll_hse
 .text.rcc_clock_setup_hse_3v3
                0x080003e0       0xa8 ../libopencm3/lib/libopencm3_stm32f4.a(rcc.o)
                0x080003e0                rcc_clock_setup_hse_3v3
 .text.gpio_toggle
                0x08000488       0x10 ../libopencm3/lib/libopencm3_stm32f4.a(gpio_common_all.o)
                0x08000488                gpio_toggle
 .text.gpio_mode_setup
                0x08000498       0x3a ../libopencm3/lib/libopencm3_stm32f4.a(gpio_common_f0234.o)
                0x08000498                gpio_mode_setup
 *fill*         0x080004d2        0x2 
 .text.flash_set_ws
                0x080004d4       0x14 ../libopencm3/lib/libopencm3_stm32f4.a(flash_common_f234.o)
                0x080004d4                flash_set_ws
 .text.rcc_periph_clock_enable
                0x080004e8       0x1a ../libopencm3/lib/libopencm3_stm32f4.a(rcc_common_all.o)
                0x080004e8                rcc_periph_clock_enable
 .text.blocking_handler
                0x08000502        0x2 ../libopencm3/lib/libopencm3_stm32f4.a(vector.o)
                0x08000502                dma2_stream1_isr
                0x08000502                tim8_brk_tim12_isr
                0x08000502                dma1_stream7_isr
                0x08000502                usart3_isr
                0x08000502                tim7_isr
                0x08000502                dma2d_isr
                0x08000502                uart8_isr
                0x08000502                dma1_stream2_isr
                0x08000502                otg_hs_isr
                0x08000502                blocking_handler
                0x08000502                tim5_isr
                0x08000502                rtc_wkup_isr
                0x08000502                otg_fs_isr
                0x08000502                spi1_isr
                0x08000502                i2c3_er_isr
                0x08000502                exti2_isr
                0x08000502                spi5_isr
                0x08000502                usb_fs_wkup_isr
                0x08000502                tamp_stamp_isr
                0x08000502                can1_rx1_isr
                0x08000502                dma2_stream0_isr
                0x08000502                usart1_isr
                0x08000502                i2c3_ev_isr
                0x08000502                usage_fault_handler
                0x08000502                can2_rx0_isr
                0x08000502                dma1_stream6_isr
                0x08000502                can2_rx1_isr
                0x08000502                can1_sce_isr
                0x08000502                tim1_cc_isr
                0x08000502                can1_tx_isr
                0x08000502                tim1_up_tim10_isr
                0x08000502                sdio_isr
                0x08000502                eth_isr
                0x08000502                spi6_isr
                0x08000502                dma2_stream5_isr
                0x08000502                pvd_isr
                0x08000502                can1_rx0_isr
                0x08000502                rcc_isr
                0x08000502                dma2_stream3_isr
                0x08000502                flash_isr
                0x08000502                uart4_isr
                0x08000502                lcd_tft_isr
                0x08000502                rtc_alarm_isr
                0x08000502                exti15_10_isr
                0x08000502                hash_rng_isr
                0x08000502                tim1_trg_com_tim11_isr
                0x08000502                hard_fault_handler
                0x08000502                exti1_isr
                0x08000502                i2c1_ev_isr
                0x08000502                usart6_isr
                0x08000502                spi2_isr
                0x08000502                cryp_isr
                0x08000502                nvic_wwdg_isr
                0x08000502                dma1_stream1_isr
                0x08000502                dma2_stream4_isr
                0x08000502                exti3_isr
                0x08000502                tim3_isr
                0x08000502                usart2_isr
                0x08000502                sai1_isr
                0x08000502                fpu_isr
                0x08000502                dma1_stream4_isr
                0x08000502                i2c2_er_isr
                0x08000502                i2c2_ev_isr
                0x08000502                uart5_isr
                0x08000502                dma2_stream6_isr
                0x08000502                spi4_isr
                0x08000502                adc_isr
                0x08000502                dma2_stream7_isr
                0x08000502                tim8_up_tim13_isr
                0x08000502                fsmc_isr
                0x08000502                exti4_isr
                0x08000502                tim6_dac_isr
                0x08000502                dma1_stream3_isr
                0x08000502                tim8_trg_com_tim14_isr
                0x08000502                mem_manage_handler
                0x08000502                lcd_tft_err_isr
                0x08000502                can2_tx_isr
                0x08000502                exti9_5_isr
                0x08000502                tim1_brk_tim9_isr
                0x08000502                uart7_isr
                0x08000502                can2_sce_isr
                0x08000502                tim4_isr
                0x08000502                otg_hs_wkup_isr
                0x08000502                i2c1_er_isr
                0x08000502                dma1_stream0_isr
                0x08000502                tim8_cc_isr
                0x08000502                dcmi_isr
                0x08000502                dma2_stream2_isr
                0x08000502                eth_wkup_isr
                0x08000502                bus_fault_handler
                0x08000502                otg_hs_ep1_out_isr
                0x08000502                spi3_isr
                0x08000502                dma1_stream5_isr
                0x08000502                otg_hs_ep1_in_isr
                0x08000502                tim2_isr
                0x08000502                exti0_isr
 .text.null_handler
                0x08000504        0x2 ../libopencm3/lib/libopencm3_stm32f4.a(vector.o)
                0x08000504                null_handler
                0x08000504                sv_call_handler
                0x08000504                pend_sv_handler
                0x08000504                debug_monitor_handler
                0x08000504                nmi_handler
 *fill*         0x08000506        0x2 
 .text.reset_handler
                0x08000508       0x98 ../libopencm3/lib/libopencm3_stm32f4.a(vector.o)
                0x08000508                reset_handler
 .text.systick_set_reload
                0x080005a0       0x10 ../libopencm3/lib/libopencm3_stm32f4.a(systick.o)
                0x080005a0                systick_set_reload
 .text.systick_set_clocksource
                0x080005b0       0x18 ../libopencm3/lib/libopencm3_stm32f4.a(systick.o)
                0x080005b0                systick_set_clocksource
 .text.systick_interrupt_enable
                0x080005c8       0x10 ../libopencm3/lib/libopencm3_stm32f4.a(systick.o)
                0x080005c8                systick_interrupt_enable
 .text.systick_counter_enable
                0x080005d8       0x10 ../libopencm3/lib/libopencm3_stm32f4.a(systick.o)
                0x080005d8                systick_counter_enable
 .text.pwr_set_vos_scale
                0x080005e8       0x20 ../libopencm3/lib/libopencm3_stm32f4.a(pwr.o)
                0x080005e8                pwr_set_vos_scale
                0x08000608                . = ALIGN (0x4)
 *(.rodata*)
 .rodata.rcc_hse_8mhz_3v3
                0x08000608       0x70 ../libopencm3/lib/libopencm3_stm32f4.a(rcc.o)
                0x08000608                rcc_hse_8mhz_3v3
                0x08000678                . = ALIGN (0x4)

.glue_7         0x08000678        0x0
 .glue_7        0x08000678        0x0 linker stubs

.glue_7t        0x08000678        0x0
 .glue_7t       0x08000678        0x0 linker stubs

.vfp11_veneer   0x08000678        0x0
 .vfp11_veneer  0x08000678        0x0 linker stubs

.v4_bx          0x08000678        0x0
 .v4_bx         0x08000678        0x0 linker stubs

.iplt           0x08000678        0x0
 .iplt          0x08000678        0x0 delay.o

.rel.dyn        0x08000678        0x0
 .rel.iplt      0x08000678        0x0 delay.o

.preinit_array  0x08000678        0x0
                0x08000678                . = ALIGN (0x4)
                0x08000678                __preinit_array_start = .
 *(.preinit_array)
                0x08000678                __preinit_array_end = .

.init_array     0x08000678        0x0
                0x08000678                . = ALIGN (0x4)
                0x08000678                __init_array_start = .
 *(SORT(.init_array.*))
 *(.init_array)
                0x08000678                __init_array_end = .

.fini_array     0x08000678        0x0
                0x08000678                . = ALIGN (0x4)
                0x08000678                __fini_array_start = .
 *(.fini_array)
 *(SORT(.fini_array.*))
                0x08000678                __fini_array_end = .

.ARM.extab
 *(.ARM.extab*)

.ARM.exidx      0x08000678        0x0
                0x08000678                __exidx_start = .
 *(.ARM.exidx*)
                0x08000678                __exidx_end = .
                0x08000678                . = ALIGN (0x4)
                0x08000678                _etext = .

.data           0x20000000        0xc load address 0x08000678
                0x20000000                _data = .
 *(.data*)
 .data.rcc_ahb_frequency
                0x20000000        0x4 ../libopencm3/lib/libopencm3_stm32f4.a(rcc.o)
                0x20000000                rcc_ahb_frequency
 .data.rcc_apb1_frequency
                0x20000004        0x4 ../libopencm3/lib/libopencm3_stm32f4.a(rcc.o)
                0x20000004                rcc_apb1_frequency
 .data.rcc_apb2_frequency
                0x20000008        0x4 ../libopencm3/lib/libopencm3_stm32f4.a(rcc.o)
                0x20000008                rcc_apb2_frequency
                0x2000000c                . = ALIGN (0x4)
                0x2000000c                _edata = .
                0x08000678                _data_loadaddr = LOADADDR (.data)

.igot.plt       0x2000000c        0x0 load address 0x08000684
 .igot.plt      0x2000000c        0x0 delay.o

.bss            0x2000000c        0x4 load address 0x08000684
 *(.bss*)
 .bss.system_millis
                0x2000000c        0x4 delay.o
                0x2000000c                system_millis
 *(COMMON)
                0x20000010                . = ALIGN (0x4)
                0x20000010                _ebss = .

/DISCARD/
 *(.eh_frame)
                0x20000010                . = ALIGN (0x4)
                0x20000010                end = .
                0x20020000                PROVIDE (_stack, (ORIGIN (ram) + LENGTH (ram)))
OUTPUT(blink.elf elf32-littlearm)

.debug_info     0x00000000     0x2516
 .debug_info    0x00000000      0x159 delay.o
 .debug_info    0x00000159      0x71a blink.o
 .debug_info    0x00000873      0x953 ../libopencm3/lib/libopencm3_stm32f4.a(rcc.o)
 .debug_info    0x000011c6      0x22c ../libopencm3/lib/libopencm3_stm32f4.a(gpio_common_all.o)
 .debug_info    0x000013f2      0x1eb ../libopencm3/lib/libopencm3_stm32f4.a(gpio_common_f0234.o)
 .debug_info    0x000015dd      0x11f ../libopencm3/lib/libopencm3_stm32f4.a(flash_common_f234.o)
 .debug_info    0x000016fc      0x858 ../libopencm3/lib/libopencm3_stm32f4.a(rcc_common_all.o)
 .debug_info    0x00001f54      0x2af ../libopencm3/lib/libopencm3_stm32f4.a(vector.o)
 .debug_info    0x00002203      0x255 ../libopencm3/lib/libopencm3_stm32f4.a(systick.o)
 .debug_info    0x00002458       0xbe ../libopencm3/lib/libopencm3_stm32f4.a(pwr.o)

.debug_abbrev   0x00000000      0xa57
 .debug_abbrev  0x00000000       0xe2 delay.o
 .debug_abbrev  0x000000e2      0x132 blink.o
 .debug_abbrev  0x00000214      0x241 ../libopencm3/lib/libopencm3_stm32f4.a(rcc.o)
 .debug_abbrev  0x00000455      0x10e ../libopencm3/lib/libopencm3_stm32f4.a(gpio_common_all.o)
 .debug_abbrev  0x00000563       0xb7 ../libopencm3/lib/libopencm3_stm32f4.a(gpio_common_f0234.o)
 .debug_abbrev  0x0000061a       0x8a ../libopencm3/lib/libopencm3_stm32f4.a(flash_common_f234.o)
 .debug_abbrev  0x000006a4       0xc1 ../libopencm3/lib/libopencm3_stm32f4.a(rcc_common_all.o)
 .debug_abbrev  0x00000765      0x147 ../libopencm3/lib/libopencm3_stm32f4.a(vector.o)
 .debug_abbrev  0x000008ac      0x132 ../libopencm3/lib/libopencm3_stm32f4.a(systick.o)
 .debug_abbrev  0x000009de       0x79 ../libopencm3/lib/libopencm3_stm32f4.a(pwr.o)

.debug_loc      0x00000000      0xaf9
 .debug_loc     0x00000000       0x21 delay.o
 .debug_loc     0x00000021      0x5c0 ../libopencm3/lib/libopencm3_stm32f4.a(rcc.o)
 .debug_loc     0x000005e1       0x84 ../libopencm3/lib/libopencm3_stm32f4.a(gpio_common_all.o)
 .debug_loc     0x00000665       0xcd ../libopencm3/lib/libopencm3_stm32f4.a(gpio_common_f0234.o)
 .debug_loc     0x00000732       0x3f ../libopencm3/lib/libopencm3_stm32f4.a(flash_common_f234.o)
 .debug_loc     0x00000771      0x14a ../libopencm3/lib/libopencm3_stm32f4.a(rcc_common_all.o)
 .debug_loc     0x000008bb       0xac ../libopencm3/lib/libopencm3_stm32f4.a(vector.o)
 .debug_loc     0x00000967      0x192 ../libopencm3/lib/libopencm3_stm32f4.a(systick.o)

.debug_aranges  0x00000000      0x340
 .debug_aranges
                0x00000000       0x30 delay.o
 .debug_aranges
                0x00000030       0x20 blink.o
 .debug_aranges
                0x00000050       0xf0 ../libopencm3/lib/libopencm3_stm32f4.a(rcc.o)
 .debug_aranges
                0x00000140       0x50 ../libopencm3/lib/libopencm3_stm32f4.a(gpio_common_all.o)
 .debug_aranges
                0x00000190       0x30 ../libopencm3/lib/libopencm3_stm32f4.a(gpio_common_f0234.o)
 .debug_aranges
                0x000001c0       0x50 ../libopencm3/lib/libopencm3_stm32f4.a(flash_common_f234.o)
 .debug_aranges
                0x00000210       0x68 ../libopencm3/lib/libopencm3_stm32f4.a(rcc_common_all.o)
 .debug_aranges
                0x00000278       0x30 ../libopencm3/lib/libopencm3_stm32f4.a(vector.o)
 .debug_aranges
                0x000002a8       0x78 ../libopencm3/lib/libopencm3_stm32f4.a(systick.o)
 .debug_aranges
                0x00000320       0x20 ../libopencm3/lib/libopencm3_stm32f4.a(pwr.o)

.debug_ranges   0x00000000      0x2a0
 .debug_ranges  0x00000000       0x20 delay.o
 .debug_ranges  0x00000020       0x10 blink.o
 .debug_ranges  0x00000030       0xe0 ../libopencm3/lib/libopencm3_stm32f4.a(rcc.o)
 .debug_ranges  0x00000110       0x40 ../libopencm3/lib/libopencm3_stm32f4.a(gpio_common_all.o)
 .debug_ranges  0x00000150       0x20 ../libopencm3/lib/libopencm3_stm32f4.a(gpio_common_f0234.o)
 .debug_ranges  0x00000170       0x40 ../libopencm3/lib/libopencm3_stm32f4.a(flash_common_f234.o)
 .debug_ranges  0x000001b0       0x58 ../libopencm3/lib/libopencm3_stm32f4.a(rcc_common_all.o)
 .debug_ranges  0x00000208       0x20 ../libopencm3/lib/libopencm3_stm32f4.a(vector.o)
 .debug_ranges  0x00000228       0x68 ../libopencm3/lib/libopencm3_stm32f4.a(systick.o)
 .debug_ranges  0x00000290       0x10 ../libopencm3/lib/libopencm3_stm32f4.a(pwr.o)

.debug_line     0x00000000     0x1f25
 .debug_line    0x00000000      0x14d delay.o
 .debug_line    0x0000014d      0x1ad blink.o
 .debug_line    0x000002fa      0x592 ../libopencm3/lib/libopencm3_stm32f4.a(rcc.o)
 .debug_line    0x0000088c      0x36c ../libopencm3/lib/libopencm3_stm32f4.a(gpio_common_all.o)
 .debug_line    0x00000bf8      0x34d ../libopencm3/lib/libopencm3_stm32f4.a(gpio_common_f0234.o)
 .debug_line    0x00000f45      0x35c ../libopencm3/lib/libopencm3_stm32f4.a(flash_common_f234.o)
 .debug_line    0x000012a1      0x366 ../libopencm3/lib/libopencm3_stm32f4.a(rcc_common_all.o)
 .debug_line    0x00001607      0x36f ../libopencm3/lib/libopencm3_stm32f4.a(vector.o)
 .debug_line    0x00001976      0x2f4 ../libopencm3/lib/libopencm3_stm32f4.a(systick.o)
 .debug_line    0x00001c6a      0x2bb ../libopencm3/lib/libopencm3_stm32f4.a(pwr.o)

.debug_str      0x00000000     0xd1f3
 .debug_str     0x00000000      0x196 delay.o
                                0x223 (size before relaxing)
 .debug_str     0x00000196      0x73b blink.o
                                0x924 (size before relaxing)
 .debug_str     0x000008d1     0x82d3 ../libopencm3/lib/libopencm3_stm32f4.a(rcc.o)
                               0x859d (size before relaxing)
 .debug_str     0x00008ba4     0x1413 ../libopencm3/lib/libopencm3_stm32f4.a(gpio_common_all.o)
                               0x5a56 (size before relaxing)
 .debug_str     0x00009fb7       0x8a ../libopencm3/lib/libopencm3_stm32f4.a(gpio_common_f0234.o)
                               0x5a78 (size before relaxing)
 .debug_str     0x0000a041       0x96 ../libopencm3/lib/libopencm3_stm32f4.a(flash_common_f234.o)
                               0x4d93 (size before relaxing)
 .debug_str     0x0000a0d7      0x3db ../libopencm3/lib/libopencm3_stm32f4.a(rcc_common_all.o)
                               0x8056 (size before relaxing)
 .debug_str     0x0000a4b2     0x2a4b ../libopencm3/lib/libopencm3_stm32f4.a(vector.o)
                               0x60c2 (size before relaxing)
 .debug_str     0x0000cefd      0x2f0 ../libopencm3/lib/libopencm3_stm32f4.a(systick.o)
                               0x39d8 (size before relaxing)
 .debug_str     0x0000d1ed        0x6 ../libopencm3/lib/libopencm3_stm32f4.a(pwr.o)
                               0x4988 (size before relaxing)

.comment        0x00000000       0xde
 .comment       0x00000000       0x6e delay.o
                                 0x6f (size before relaxing)
 .comment       0x0000006e       0x6f blink.o
 .comment       0x0000006e       0x70 ../libopencm3/lib/libopencm3_stm32f4.a(rcc.o)
                                 0x71 (size before relaxing)
 .comment       0x000000de       0x71 ../libopencm3/lib/libopencm3_stm32f4.a(gpio_common_all.o)
 .comment       0x000000de       0x71 ../libopencm3/lib/libopencm3_stm32f4.a(gpio_common_f0234.o)
 .comment       0x000000de       0x71 ../libopencm3/lib/libopencm3_stm32f4.a(flash_common_f234.o)
 .comment       0x000000de       0x71 ../libopencm3/lib/libopencm3_stm32f4.a(rcc_common_all.o)
 .comment       0x000000de       0x71 ../libopencm3/lib/libopencm3_stm32f4.a(vector.o)
 .comment       0x000000de       0x71 ../libopencm3/lib/libopencm3_stm32f4.a(systick.o)
 .comment       0x000000de       0x71 ../libopencm3/lib/libopencm3_stm32f4.a(pwr.o)

.ARM.attributes
                0x00000000       0x39
 .ARM.attributes
                0x00000000       0x39 delay.o
 .ARM.attributes
                0x00000039       0x39 blink.o
 .ARM.attributes
                0x00000072       0x39 ../libopencm3/lib/libopencm3_stm32f4.a(rcc.o)
 .ARM.attributes
                0x000000ab       0x39 ../libopencm3/lib/libopencm3_stm32f4.a(gpio_common_all.o)
 .ARM.attributes
                0x000000e4       0x39 ../libopencm3/lib/libopencm3_stm32f4.a(gpio_common_f0234.o)
 .ARM.attributes
                0x0000011d       0x39 ../libopencm3/lib/libopencm3_stm32f4.a(flash_common_f234.o)
 .ARM.attributes
                0x00000156       0x39 ../libopencm3/lib/libopencm3_stm32f4.a(rcc_common_all.o)
 .ARM.attributes
                0x0000018f       0x39 ../libopencm3/lib/libopencm3_stm32f4.a(vector.o)
 .ARM.attributes
                0x000001c8       0x39 ../libopencm3/lib/libopencm3_stm32f4.a(systick.o)
 .ARM.attributes
                0x00000201       0x39 ../libopencm3/lib/libopencm3_stm32f4.a(pwr.o)

.debug_frame    0x00000000      0x5b4
 .debug_frame   0x00000000       0x4c delay.o
 .debug_frame   0x0000004c       0x28 blink.o
 .debug_frame   0x00000074      0x1ec ../libopencm3/lib/libopencm3_stm32f4.a(rcc.o)
 .debug_frame   0x00000260       0x80 ../libopencm3/lib/libopencm3_stm32f4.a(gpio_common_all.o)
 .debug_frame   0x000002e0       0x6c ../libopencm3/lib/libopencm3_stm32f4.a(gpio_common_f0234.o)
 .debug_frame   0x0000034c       0x80 ../libopencm3/lib/libopencm3_stm32f4.a(flash_common_f234.o)
 .debug_frame   0x000003cc       0xb0 ../libopencm3/lib/libopencm3_stm32f4.a(rcc_common_all.o)
 .debug_frame   0x0000047c       0x40 ../libopencm3/lib/libopencm3_stm32f4.a(vector.o)
 .debug_frame   0x000004bc       0xd8 ../libopencm3/lib/libopencm3_stm32f4.a(systick.o)
 .debug_frame   0x00000594       0x20 ../libopencm3/lib/libopencm3_stm32f4.a(pwr.o)

.debug_macro    0x00000000     0x2e1e
 .debug_macro   0x00000000       0xf7 ../libopencm3/lib/libopencm3_stm32f4.a(rcc.o)
 .debug_macro   0x000000f7      0x874 ../libopencm3/lib/libopencm3_stm32f4.a(rcc.o)
 .debug_macro   0x0000096b       0x22 ../libopencm3/lib/libopencm3_stm32f4.a(rcc.o)
 .debug_macro   0x0000098d       0x44 ../libopencm3/lib/libopencm3_stm32f4.a(rcc.o)
 .debug_macro   0x000009d1       0xe3 ../libopencm3/lib/libopencm3_stm32f4.a(rcc.o)
 .debug_macro   0x00000ab4       0x22 ../libopencm3/lib/libopencm3_stm32f4.a(rcc.o)
 .debug_macro   0x00000ad6      0x1df ../libopencm3/lib/libopencm3_stm32f4.a(rcc.o)
 .debug_macro   0x00000cb5       0x22 ../libopencm3/lib/libopencm3_stm32f4.a(rcc.o)
 .debug_macro   0x00000cd7       0xfa ../libopencm3/lib/libopencm3_stm32f4.a(rcc.o)
 .debug_macro   0x00000dd1       0x16 ../libopencm3/lib/libopencm3_stm32f4.a(rcc.o)
 .debug_macro   0x00000de7       0x58 ../libopencm3/lib/libopencm3_stm32f4.a(rcc.o)
 .debug_macro   0x00000e3f      0x26d ../libopencm3/lib/libopencm3_stm32f4.a(rcc.o)
 .debug_macro   0x000010ac      0xb38 ../libopencm3/lib/libopencm3_stm32f4.a(rcc.o)
 .debug_macro   0x00001be4       0x8e ../libopencm3/lib/libopencm3_stm32f4.a(rcc.o)
 .debug_macro   0x00001c72       0x22 ../libopencm3/lib/libopencm3_stm32f4.a(rcc.o)
 .debug_macro   0x00001c94       0x64 ../libopencm3/lib/libopencm3_stm32f4.a(rcc.o)
 .debug_macro   0x00001cf8       0xf4 ../libopencm3/lib/libopencm3_stm32f4.a(rcc.o)
 .debug_macro   0x00001dec       0xc3 ../libopencm3/lib/libopencm3_stm32f4.a(gpio_common_all.o)
 .debug_macro   0x00001eaf       0x76 ../libopencm3/lib/libopencm3_stm32f4.a(gpio_common_all.o)
 .debug_macro   0x00001f25      0x2e6 ../libopencm3/lib/libopencm3_stm32f4.a(gpio_common_all.o)
 .debug_macro   0x0000220b      0x14e ../libopencm3/lib/libopencm3_stm32f4.a(gpio_common_all.o)
 .debug_macro   0x00002359       0xc3 ../libopencm3/lib/libopencm3_stm32f4.a(gpio_common_f0234.o)
 .debug_macro   0x0000241c       0xb4 ../libopencm3/lib/libopencm3_stm32f4.a(flash_common_f234.o)
 .debug_macro   0x000024d0       0xc0 ../libopencm3/lib/libopencm3_stm32f4.a(rcc_common_all.o)
 .debug_macro   0x00002590       0xc5 ../libopencm3/lib/libopencm3_stm32f4.a(vector.o)
 .debug_macro   0x00002655      0x3a1 ../libopencm3/lib/libopencm3_stm32f4.a(vector.o)
 .debug_macro   0x000029f6       0x6a ../libopencm3/lib/libopencm3_stm32f4.a(vector.o)
 .debug_macro   0x00002a60      0x22c ../libopencm3/lib/libopencm3_stm32f4.a(vector.o)
 .debug_macro   0x00002c8c       0x84 ../libopencm3/lib/libopencm3_stm32f4.a(systick.o)
 .debug_macro   0x00002d10       0x64 ../libopencm3/lib/libopencm3_stm32f4.a(systick.o)
 .debug_macro   0x00002d74       0xaa ../libopencm3/lib/libopencm3_stm32f4.a(pwr.o)
