Archive member included to satisfy reference by file (symbol)

../libopencm3/lib/libopencm3_stm32f4.a(rcc.o)
                              blink.o (rcc_clock_setup_hse_3v3)
../libopencm3/lib/libopencm3_stm32f4.a(gpio_common_all.o)
                              blink.o (gpio_toggle)
../libopencm3/lib/libopencm3_stm32f4.a(gpio_common_f0234.o)
                              blink.o (gpio_mode_setup)
../libopencm3/lib/libopencm3_stm32f4.a(flash_common_f234.o)
                              ../libopencm3/lib/libopencm3_stm32f4.a(rcc.o) (flash_set_ws)
../libopencm3/lib/libopencm3_stm32f4.a(rcc_common_all.o)
                              blink.o (rcc_periph_clock_enable)
../libopencm3/lib/libopencm3_stm32f4.a(vector.o)
                              (reset_handler)
../libopencm3/lib/libopencm3_stm32f4.a(systick.o)
                              delay.o (systick_set_reload)
../libopencm3/lib/libopencm3_stm32f4.a(pwr.o)
                              ../libopencm3/lib/libopencm3_stm32f4.a(rcc.o) (pwr_set_vos_scale)

Discarded input sections

 .text          0x00000000        0x0 delay.o
 .data          0x00000000        0x0 delay.o
 .bss           0x00000000        0x0 delay.o
 .text          0x00000000        0x0 blink.o
 .data          0x00000000        0x0 blink.o
 .bss           0x00000000        0x0 blink.o
 .group         0x00000000        0x8 ../libopencm3/lib/libopencm3_stm32f4.a(rcc.o)
 .group         0x00000000        0x8 ../libopencm3/lib/libopencm3_stm32f4.a(rcc.o)
 .group         0x00000000        0x8 ../libopencm3/lib/libopencm3_stm32f4.a(rcc.o)
 .group         0x00000000        0x8 ../libopencm3/lib/libopencm3_stm32f4.a(rcc.o)
 .group         0x00000000        0x8 ../libopencm3/lib/libopencm3_stm32f4.a(rcc.o)
 .group         0x00000000        0x8 ../libopencm3/lib/libopencm3_stm32f4.a(rcc.o)
 .group         0x00000000        0x8 ../libopencm3/lib/libopencm3_stm32f4.a(rcc.o)
 .group         0x00000000        0x8 ../libopencm3/lib/libopencm3_stm32f4.a(rcc.o)
 .group         0x00000000        0x8 ../libopencm3/lib/libopencm3_stm32f4.a(rcc.o)
 .group         0x00000000        0x8 ../libopencm3/lib/libopencm3_stm32f4.a(rcc.o)
 .group         0x00000000        0x8 ../libopencm3/lib/libopencm3_stm32f4.a(rcc.o)
 .group         0x00000000        0x8 ../libopencm3/lib/libopencm3_stm32f4.a(rcc.o)
 .group         0x00000000        0x8 ../libopencm3/lib/libopencm3_stm32f4.a(rcc.o)
 .group         0x00000000        0x8 ../libopencm3/lib/libopencm3_stm32f4.a(rcc.o)
 .group         0x00000000        0x8 ../libopencm3/lib/libopencm3_stm32f4.a(rcc.o)
 .group         0x00000000        0x8 ../libopencm3/lib/libopencm3_stm32f4.a(rcc.o)
 .group         0x00000000        0x8 ../libopencm3/lib/libopencm3_stm32f4.a(rcc.o)
 .text          0x00000000        0x0 ../libopencm3/lib/libopencm3_stm32f4.a(rcc.o)
 .data          0x00000000        0x0 ../libopencm3/lib/libopencm3_stm32f4.a(rcc.o)
 .bss           0x00000000        0x0 ../libopencm3/lib/libopencm3_stm32f4.a(rcc.o)
 .text.rcc_osc_ready_int_clear
                0x00000000       0x5c ../libopencm3/lib/libopencm3_stm32f4.a(rcc.o)
 .text.rcc_osc_ready_int_enable
                0x00000000       0x5c ../libopencm3/lib/libopencm3_stm32f4.a(rcc.o)
 .text.rcc_osc_ready_int_disable
                0x00000000       0x5c ../libopencm3/lib/libopencm3_stm32f4.a(rcc.o)
 .text.rcc_osc_ready_int_flag
                0x00000000       0x60 ../libopencm3/lib/libopencm3_stm32f4.a(rcc.o)
 .text.rcc_css_int_clear
                0x00000000       0x10 ../libopencm3/lib/libopencm3_stm32f4.a(rcc.o)
 .text.rcc_css_int_flag
                0x00000000       0x10 ../libopencm3/lib/libopencm3_stm32f4.a(rcc.o)
 .text.rcc_wait_for_sysclk_status
                0x00000000       0x3c ../libopencm3/lib/libopencm3_stm32f4.a(rcc.o)
 .text.rcc_css_enable
                0x00000000       0x10 ../libopencm3/lib/libopencm3_stm32f4.a(rcc.o)
 .text.rcc_css_disable
                0x00000000       0x10 ../libopencm3/lib/libopencm3_stm32f4.a(rcc.o)
 .text.rcc_osc_bypass_enable
                0x00000000       0x28 ../libopencm3/lib/libopencm3_stm32f4.a(rcc.o)
 .text.rcc_osc_bypass_disable
                0x00000000       0x28 ../libopencm3/lib/libopencm3_stm32f4.a(rcc.o)
 .text.rcc_pllsai_config
                0x00000000       0x2c ../libopencm3/lib/libopencm3_stm32f4.a(rcc.o)
 .text.rcc_pllsai_postscalers
                0x00000000       0x24 ../libopencm3/lib/libopencm3_stm32f4.a(rcc.o)
 .text.rcc_set_pll_source
                0x00000000       0x14 ../libopencm3/lib/libopencm3_stm32f4.a(rcc.o)
 .text.rcc_set_rtcpre
                0x00000000       0x14 ../libopencm3/lib/libopencm3_stm32f4.a(rcc.o)
 .text.rcc_set_main_pll_hsi
                0x00000000       0x44 ../libopencm3/lib/libopencm3_stm32f4.a(rcc.o)
 .text.rcc_system_clock_source
                0x00000000       0x10 ../libopencm3/lib/libopencm3_stm32f4.a(rcc.o)
 .rodata.rcc_hse_16mhz_3v3
                0x00000000       0x70 ../libopencm3/lib/libopencm3_stm32f4.a(rcc.o)
 .rodata.rcc_hse_12mhz_3v3
                0x00000000       0x70 ../libopencm3/lib/libopencm3_stm32f4.a(rcc.o)
 .rodata.rcc_hse_25mhz_3v3
                0x00000000       0x70 ../libopencm3/lib/libopencm3_stm32f4.a(rcc.o)
 .group         0x00000000        0x8 ../libopencm3/lib/libopencm3_stm32f4.a(gpio_common_all.o)
 .group         0x00000000        0x8 ../libopencm3/lib/libopencm3_stm32f4.a(gpio_common_all.o)
 .group         0x00000000        0x8 ../libopencm3/lib/libopencm3_stm32f4.a(gpio_common_all.o)
 .group         0x00000000        0x8 ../libopencm3/lib/libopencm3_stm32f4.a(gpio_common_all.o)
 .group         0x00000000        0x8 ../libopencm3/lib/libopencm3_stm32f4.a(gpio_common_all.o)
 .group         0x00000000        0x8 ../libopencm3/lib/libopencm3_stm32f4.a(gpio_common_all.o)
 .group         0x00000000        0x8 ../libopencm3/lib/libopencm3_stm32f4.a(gpio_common_all.o)
 .group         0x00000000        0x8 ../libopencm3/lib/libopencm3_stm32f4.a(gpio_common_all.o)
 .group         0x00000000        0x8 ../libopencm3/lib/libopencm3_stm32f4.a(gpio_common_all.o)
 .group         0x00000000        0x8 ../libopencm3/lib/libopencm3_stm32f4.a(gpio_common_all.o)
 .group         0x00000000        0x8 ../libopencm3/lib/libopencm3_stm32f4.a(gpio_common_all.o)
 .group         0x00000000        0x8 ../libopencm3/lib/libopencm3_stm32f4.a(gpio_common_all.o)
 .group         0x00000000        0x8 ../libopencm3/lib/libopencm3_stm32f4.a(gpio_common_all.o)
 .group         0x00000000        0x8 ../libopencm3/lib/libopencm3_stm32f4.a(gpio_common_all.o)
 .text          0x00000000        0x0 ../libopencm3/lib/libopencm3_stm32f4.a(gpio_common_all.o)
 .data          0x00000000        0x0 ../libopencm3/lib/libopencm3_stm32f4.a(gpio_common_all.o)
 .bss           0x00000000        0x0 ../libopencm3/lib/libopencm3_stm32f4.a(gpio_common_all.o)
 .text.gpio_set
                0x00000000        0x4 ../libopencm3/lib/libopencm3_stm32f4.a(gpio_common_all.o)
 .text.gpio_clear
                0x00000000        0x6 ../libopencm3/lib/libopencm3_stm32f4.a(gpio_common_all.o)
 .text.gpio_get
                0x00000000        0x6 ../libopencm3/lib/libopencm3_stm32f4.a(gpio_common_all.o)
 .text.gpio_port_read
                0x00000000        0x6 ../libopencm3/lib/libopencm3_stm32f4.a(gpio_common_all.o)
 .text.gpio_port_write
                0x00000000        0x4 ../libopencm3/lib/libopencm3_stm32f4.a(gpio_common_all.o)
 .text.gpio_port_config_lock
                0x00000000       0x10 ../libopencm3/lib/libopencm3_stm32f4.a(gpio_common_all.o)
 .debug_macro   0x00000000      0x88c ../libopencm3/lib/libopencm3_stm32f4.a(gpio_common_all.o)
 .debug_macro   0x00000000       0x22 ../libopencm3/lib/libopencm3_stm32f4.a(gpio_common_all.o)
 .debug_macro   0x00000000       0x87 ../libopencm3/lib/libopencm3_stm32f4.a(gpio_common_all.o)
 .debug_macro   0x00000000       0x44 ../libopencm3/lib/libopencm3_stm32f4.a(gpio_common_all.o)
 .debug_macro   0x00000000       0xfd ../libopencm3/lib/libopencm3_stm32f4.a(gpio_common_all.o)
 .debug_macro   0x00000000       0x5e ../libopencm3/lib/libopencm3_stm32f4.a(gpio_common_all.o)
 .debug_macro   0x00000000      0x1df ../libopencm3/lib/libopencm3_stm32f4.a(gpio_common_all.o)
 .debug_macro   0x00000000       0x22 ../libopencm3/lib/libopencm3_stm32f4.a(gpio_common_all.o)
 .debug_macro   0x00000000       0xfa ../libopencm3/lib/libopencm3_stm32f4.a(gpio_common_all.o)
 .debug_macro   0x00000000       0x58 ../libopencm3/lib/libopencm3_stm32f4.a(gpio_common_all.o)
 .debug_macro   0x00000000      0x26d ../libopencm3/lib/libopencm3_stm32f4.a(gpio_common_all.o)
 .group         0x00000000        0x8 ../libopencm3/lib/libopencm3_stm32f4.a(gpio_common_f0234.o)
 .group         0x00000000        0x8 ../libopencm3/lib/libopencm3_stm32f4.a(gpio_common_f0234.o)
 .group         0x00000000        0x8 ../libopencm3/lib/libopencm3_stm32f4.a(gpio_common_f0234.o)
 .group         0x00000000        0x8 ../libopencm3/lib/libopencm3_stm32f4.a(gpio_common_f0234.o)
 .group         0x00000000        0x8 ../libopencm3/lib/libopencm3_stm32f4.a(gpio_common_f0234.o)
 .group         0x00000000        0x8 ../libopencm3/lib/libopencm3_stm32f4.a(gpio_common_f0234.o)
 .group         0x00000000        0x8 ../libopencm3/lib/libopencm3_stm32f4.a(gpio_common_f0234.o)
 .group         0x00000000        0x8 ../libopencm3/lib/libopencm3_stm32f4.a(gpio_common_f0234.o)
 .group         0x00000000        0x8 ../libopencm3/lib/libopencm3_stm32f4.a(gpio_common_f0234.o)
 .group         0x00000000        0x8 ../libopencm3/lib/libopencm3_stm32f4.a(gpio_common_f0234.o)
 .group         0x00000000        0x8 ../libopencm3/lib/libopencm3_stm32f4.a(gpio_common_f0234.o)
 .group         0x00000000        0x8 ../libopencm3/lib/libopencm3_stm32f4.a(gpio_common_f0234.o)
 .group         0x00000000        0x8 ../libopencm3/lib/libopencm3_stm32f4.a(gpio_common_f0234.o)
 .group         0x00000000        0x8 ../libopencm3/lib/libopencm3_stm32f4.a(gpio_common_f0234.o)
 .text          0x00000000        0x0 ../libopencm3/lib/libopencm3_stm32f4.a(gpio_common_f0234.o)
 .data          0x00000000        0x0 ../libopencm3/lib/libopencm3_stm32f4.a(gpio_common_f0234.o)
 .bss           0x00000000        0x0 ../libopencm3/lib/libopencm3_stm32f4.a(gpio_common_f0234.o)
 .text.gpio_set_output_options
                0x00000000       0x36 ../libopencm3/lib/libopencm3_stm32f4.a(gpio_common_f0234.o)
 .text.gpio_set_af
                0x00000000       0x58 ../libopencm3/lib/libopencm3_stm32f4.a(gpio_common_f0234.o)
 .debug_macro   0x00000000      0x88c ../libopencm3/lib/libopencm3_stm32f4.a(gpio_common_f0234.o)
 .debug_macro   0x00000000       0x22 ../libopencm3/lib/libopencm3_stm32f4.a(gpio_common_f0234.o)
 .debug_macro   0x00000000       0x87 ../libopencm3/lib/libopencm3_stm32f4.a(gpio_common_f0234.o)
 .debug_macro   0x00000000       0x44 ../libopencm3/lib/libopencm3_stm32f4.a(gpio_common_f0234.o)
 .debug_macro   0x00000000       0xfd ../libopencm3/lib/libopencm3_stm32f4.a(gpio_common_f0234.o)
 .debug_macro   0x00000000       0x5e ../libopencm3/lib/libopencm3_stm32f4.a(gpio_common_f0234.o)
 .debug_macro   0x00000000      0x1df ../libopencm3/lib/libopencm3_stm32f4.a(gpio_common_f0234.o)
 .debug_macro   0x00000000       0x22 ../libopencm3/lib/libopencm3_stm32f4.a(gpio_common_f0234.o)
 .debug_macro   0x00000000       0xfa ../libopencm3/lib/libopencm3_stm32f4.a(gpio_common_f0234.o)
 .debug_macro   0x00000000       0x58 ../libopencm3/lib/libopencm3_stm32f4.a(gpio_common_f0234.o)
 .debug_macro   0x00000000      0x26d ../libopencm3/lib/libopencm3_stm32f4.a(gpio_common_f0234.o)
 .debug_macro   0x00000000       0x76 ../libopencm3/lib/libopencm3_stm32f4.a(gpio_common_f0234.o)
 .debug_macro   0x00000000      0x2e6 ../libopencm3/lib/libopencm3_stm32f4.a(gpio_common_f0234.o)
 .debug_macro   0x00000000      0x14e ../libopencm3/lib/libopencm3_stm32f4.a(gpio_common_f0234.o)
 .group         0x00000000        0x8 ../libopencm3/lib/libopencm3_stm32f4.a(flash_common_f234.o)
 .group         0x00000000        0x8 ../libopencm3/lib/libopencm3_stm32f4.a(flash_common_f234.o)
 .group         0x00000000        0x8 ../libopencm3/lib/libopencm3_stm32f4.a(flash_common_f234.o)
 .group         0x00000000        0x8 ../libopencm3/lib/libopencm3_stm32f4.a(flash_common_f234.o)
 .group         0x00000000        0x8 ../libopencm3/lib/libopencm3_stm32f4.a(flash_common_f234.o)
 .group         0x00000000        0x8 ../libopencm3/lib/libopencm3_stm32f4.a(flash_common_f234.o)
 .group         0x00000000        0x8 ../libopencm3/lib/libopencm3_stm32f4.a(flash_common_f234.o)
 .group         0x00000000        0x8 ../libopencm3/lib/libopencm3_stm32f4.a(flash_common_f234.o)
 .group         0x00000000        0x8 ../libopencm3/lib/libopencm3_stm32f4.a(flash_common_f234.o)
 .group         0x00000000        0x8 ../libopencm3/lib/libopencm3_stm32f4.a(flash_common_f234.o)
 .group         0x00000000        0x8 ../libopencm3/lib/libopencm3_stm32f4.a(flash_common_f234.o)
 .group         0x00000000        0x8 ../libopencm3/lib/libopencm3_stm32f4.a(flash_common_f234.o)
 .group         0x00000000        0x8 ../libopencm3/lib/libopencm3_stm32f4.a(flash_common_f234.o)
 .text          0x00000000        0x0 ../libopencm3/lib/libopencm3_stm32f4.a(flash_common_f234.o)
 .data          0x00000000        0x0 ../libopencm3/lib/libopencm3_stm32f4.a(flash_common_f234.o)
 .bss           0x00000000        0x0 ../libopencm3/lib/libopencm3_stm32f4.a(flash_common_f234.o)
 .text.flash_unlock
                0x00000000       0x24 ../libopencm3/lib/libopencm3_stm32f4.a(flash_common_f234.o)
 .text.flash_lock
                0x00000000       0x10 ../libopencm3/lib/libopencm3_stm32f4.a(flash_common_f234.o)
 .text.flash_clear_pgperr_flag
                0x00000000       0x10 ../libopencm3/lib/libopencm3_stm32f4.a(flash_common_f234.o)
 .text.flash_clear_eop_flag
                0x00000000       0x10 ../libopencm3/lib/libopencm3_stm32f4.a(flash_common_f234.o)
 .text.flash_clear_bsy_flag
                0x00000000       0x10 ../libopencm3/lib/libopencm3_stm32f4.a(flash_common_f234.o)
 .text.flash_wait_for_last_operation
                0x00000000       0x10 ../libopencm3/lib/libopencm3_stm32f4.a(flash_common_f234.o)
 .debug_macro   0x00000000      0x88c ../libopencm3/lib/libopencm3_stm32f4.a(flash_common_f234.o)
 .debug_macro   0x00000000       0x22 ../libopencm3/lib/libopencm3_stm32f4.a(flash_common_f234.o)
 .debug_macro   0x00000000       0x87 ../libopencm3/lib/libopencm3_stm32f4.a(flash_common_f234.o)
 .debug_macro   0x00000000       0x44 ../libopencm3/lib/libopencm3_stm32f4.a(flash_common_f234.o)
 .debug_macro   0x00000000       0xfd ../libopencm3/lib/libopencm3_stm32f4.a(flash_common_f234.o)
 .debug_macro   0x00000000       0x5e ../libopencm3/lib/libopencm3_stm32f4.a(flash_common_f234.o)
 .debug_macro   0x00000000      0x1df ../libopencm3/lib/libopencm3_stm32f4.a(flash_common_f234.o)
 .debug_macro   0x00000000       0x22 ../libopencm3/lib/libopencm3_stm32f4.a(flash_common_f234.o)
 .debug_macro   0x00000000       0xfa ../libopencm3/lib/libopencm3_stm32f4.a(flash_common_f234.o)
 .debug_macro   0x00000000       0x58 ../libopencm3/lib/libopencm3_stm32f4.a(flash_common_f234.o)
 .debug_macro   0x00000000      0x26d ../libopencm3/lib/libopencm3_stm32f4.a(flash_common_f234.o)
 .debug_macro   0x00000000       0x64 ../libopencm3/lib/libopencm3_stm32f4.a(flash_common_f234.o)
 .debug_macro   0x00000000       0xf4 ../libopencm3/lib/libopencm3_stm32f4.a(flash_common_f234.o)
 .group         0x00000000        0x8 ../libopencm3/lib/libopencm3_stm32f4.a(rcc_common_all.o)
 .group         0x00000000        0x8 ../libopencm3/lib/libopencm3_stm32f4.a(rcc_common_all.o)
 .group         0x00000000        0x8 ../libopencm3/lib/libopencm3_stm32f4.a(rcc_common_all.o)
 .group         0x00000000        0x8 ../libopencm3/lib/libopencm3_stm32f4.a(rcc_common_all.o)
 .group         0x00000000        0x8 ../libopencm3/lib/libopencm3_stm32f4.a(rcc_common_all.o)
 .group         0x00000000        0x8 ../libopencm3/lib/libopencm3_stm32f4.a(rcc_common_all.o)
 .group         0x00000000        0x8 ../libopencm3/lib/libopencm3_stm32f4.a(rcc_common_all.o)
 .group         0x00000000        0x8 ../libopencm3/lib/libopencm3_stm32f4.a(rcc_common_all.o)
 .group         0x00000000        0x8 ../libopencm3/lib/libopencm3_stm32f4.a(rcc_common_all.o)
 .group         0x00000000        0x8 ../libopencm3/lib/libopencm3_stm32f4.a(rcc_common_all.o)
 .group         0x00000000        0x8 ../libopencm3/lib/libopencm3_stm32f4.a(rcc_common_all.o)
 .group         0x00000000        0x8 ../libopencm3/lib/libopencm3_stm32f4.a(rcc_common_all.o)
 .text          0x00000000        0x0 ../libopencm3/lib/libopencm3_stm32f4.a(rcc_common_all.o)
 .data          0x00000000        0x0 ../libopencm3/lib/libopencm3_stm32f4.a(rcc_common_all.o)
 .bss           0x00000000        0x0 ../libopencm3/lib/libopencm3_stm32f4.a(rcc_common_all.o)
 .text.rcc_peripheral_enable_clock
                0x00000000        0x8 ../libopencm3/lib/libopencm3_stm32f4.a(rcc_common_all.o)
 .text.rcc_peripheral_disable_clock
                0x00000000        0xa ../libopencm3/lib/libopencm3_stm32f4.a(rcc_common_all.o)
 .text.rcc_peripheral_reset
                0x00000000        0x8 ../libopencm3/lib/libopencm3_stm32f4.a(rcc_common_all.o)
 .text.rcc_peripheral_clear_reset
                0x00000000        0xa ../libopencm3/lib/libopencm3_stm32f4.a(rcc_common_all.o)
 .text.rcc_periph_clock_disable
                0x00000000       0x1e ../libopencm3/lib/libopencm3_stm32f4.a(rcc_common_all.o)
 .text.rcc_periph_reset_pulse
                0x00000000       0x26 ../libopencm3/lib/libopencm3_stm32f4.a(rcc_common_all.o)
 .text.rcc_periph_reset_hold
                0x00000000       0x1c ../libopencm3/lib/libopencm3_stm32f4.a(rcc_common_all.o)
 .text.rcc_periph_reset_release
                0x00000000       0x1e ../libopencm3/lib/libopencm3_stm32f4.a(rcc_common_all.o)
 .text.rcc_set_mco
                0x00000000       0x14 ../libopencm3/lib/libopencm3_stm32f4.a(rcc_common_all.o)
 .debug_macro   0x00000000      0x88c ../libopencm3/lib/libopencm3_stm32f4.a(rcc_common_all.o)
 .debug_macro   0x00000000       0x22 ../libopencm3/lib/libopencm3_stm32f4.a(rcc_common_all.o)
 .debug_macro   0x00000000       0x87 ../libopencm3/lib/libopencm3_stm32f4.a(rcc_common_all.o)
 .debug_macro   0x00000000       0x44 ../libopencm3/lib/libopencm3_stm32f4.a(rcc_common_all.o)
 .debug_macro   0x00000000       0xfd ../libopencm3/lib/libopencm3_stm32f4.a(rcc_common_all.o)
 .debug_macro   0x00000000       0x5e ../libopencm3/lib/libopencm3_stm32f4.a(rcc_common_all.o)
 .debug_macro   0x00000000      0x1df ../libopencm3/lib/libopencm3_stm32f4.a(rcc_common_all.o)
 .debug_macro   0x00000000       0x22 ../libopencm3/lib/libopencm3_stm32f4.a(rcc_common_all.o)
 .debug_macro   0x00000000       0xfa ../libopencm3/lib/libopencm3_stm32f4.a(rcc_common_all.o)
 .debug_macro   0x00000000       0x58 ../libopencm3/lib/libopencm3_stm32f4.a(rcc_common_all.o)
 .debug_macro   0x00000000      0x26d ../libopencm3/lib/libopencm3_stm32f4.a(rcc_common_all.o)
 .debug_macro   0x00000000      0xb38 ../libopencm3/lib/libopencm3_stm32f4.a(rcc_common_all.o)
 .group         0x00000000        0x8 ../libopencm3/lib/libopencm3_stm32f4.a(vector.o)
 .group         0x00000000        0x8 ../libopencm3/lib/libopencm3_stm32f4.a(vector.o)
 .group         0x00000000        0x8 ../libopencm3/lib/libopencm3_stm32f4.a(vector.o)
 .group         0x00000000        0x8 ../libopencm3/lib/libopencm3_stm32f4.a(vector.o)
 .group         0x00000000        0x8 ../libopencm3/lib/libopencm3_stm32f4.a(vector.o)
 .group         0x00000000        0x8 ../libopencm3/lib/libopencm3_stm32f4.a(vector.o)
 .group         0x00000000        0x8 ../libopencm3/lib/libopencm3_stm32f4.a(vector.o)
 .group         0x00000000        0x8 ../libopencm3/lib/libopencm3_stm32f4.a(vector.o)
 .group         0x00000000        0x8 ../libopencm3/lib/libopencm3_stm32f4.a(vector.o)
 .group         0x00000000        0x8 ../libopencm3/lib/libopencm3_stm32f4.a(vector.o)
 .group         0x00000000        0x8 ../libopencm3/lib/libopencm3_stm32f4.a(vector.o)
 .group         0x00000000        0x8 ../libopencm3/lib/libopencm3_stm32f4.a(vector.o)
 .group         0x00000000        0x8 ../libopencm3/lib/libopencm3_stm32f4.a(vector.o)
 .text          0x00000000        0x0 ../libopencm3/lib/libopencm3_stm32f4.a(vector.o)
 .data          0x00000000        0x0 ../libopencm3/lib/libopencm3_stm32f4.a(vector.o)
 .bss           0x00000000        0x0 ../libopencm3/lib/libopencm3_stm32f4.a(vector.o)
 .debug_macro   0x00000000      0x88c ../libopencm3/lib/libopencm3_stm32f4.a(vector.o)
 .debug_macro   0x00000000       0x58 ../libopencm3/lib/libopencm3_stm32f4.a(vector.o)
 .debug_macro   0x00000000       0x22 ../libopencm3/lib/libopencm3_stm32f4.a(vector.o)
 .debug_macro   0x00000000       0x87 ../libopencm3/lib/libopencm3_stm32f4.a(vector.o)
 .debug_macro   0x00000000       0x44 ../libopencm3/lib/libopencm3_stm32f4.a(vector.o)
 .debug_macro   0x00000000       0xfd ../libopencm3/lib/libopencm3_stm32f4.a(vector.o)
 .debug_macro   0x00000000       0x5e ../libopencm3/lib/libopencm3_stm32f4.a(vector.o)
 .debug_macro   0x00000000      0x1df ../libopencm3/lib/libopencm3_stm32f4.a(vector.o)
 .debug_macro   0x00000000       0x22 ../libopencm3/lib/libopencm3_stm32f4.a(vector.o)
 .debug_macro   0x00000000       0xfa ../libopencm3/lib/libopencm3_stm32f4.a(vector.o)
 .group         0x00000000        0x8 ../libopencm3/lib/libopencm3_stm32f4.a(systick.o)
 .group         0x00000000        0x8 ../libopencm3/lib/libopencm3_stm32f4.a(systick.o)
 .group         0x00000000        0x8 ../libopencm3/lib/libopencm3_stm32f4.a(systick.o)
 .group         0x00000000        0x8 ../libopencm3/lib/libopencm3_stm32f4.a(systick.o)
 .group         0x00000000        0x8 ../libopencm3/lib/libopencm3_stm32f4.a(systick.o)
 .group         0x00000000        0x8 ../libopencm3/lib/libopencm3_stm32f4.a(systick.o)
 .group         0x00000000        0x8 ../libopencm3/lib/libopencm3_stm32f4.a(systick.o)
 .group         0x00000000        0x8 ../libopencm3/lib/libopencm3_stm32f4.a(systick.o)
 .group         0x00000000        0x8 ../libopencm3/lib/libopencm3_stm32f4.a(systick.o)
 .group         0x00000000        0x8 ../libopencm3/lib/libopencm3_stm32f4.a(systick.o)
 .group         0x00000000        0x8 ../libopencm3/lib/libopencm3_stm32f4.a(systick.o)
 .text          0x00000000        0x0 ../libopencm3/lib/libopencm3_stm32f4.a(systick.o)
 .data          0x00000000        0x0 ../libopencm3/lib/libopencm3_stm32f4.a(systick.o)
 .bss           0x00000000        0x0 ../libopencm3/lib/libopencm3_stm32f4.a(systick.o)
 .text.systick_get_reload
                0x00000000       0x10 ../libopencm3/lib/libopencm3_stm32f4.a(systick.o)
 .text.systick_get_value
                0x00000000       0x10 ../libopencm3/lib/libopencm3_stm32f4.a(systick.o)
 .text.systick_set_frequency
                0x00000000       0x3c ../libopencm3/lib/libopencm3_stm32f4.a(systick.o)
 .text.systick_interrupt_disable
                0x00000000       0x10 ../libopencm3/lib/libopencm3_stm32f4.a(systick.o)
 .text.systick_counter_disable
                0x00000000       0x10 ../libopencm3/lib/libopencm3_stm32f4.a(systick.o)
 .text.systick_get_countflag
                0x00000000       0x10 ../libopencm3/lib/libopencm3_stm32f4.a(systick.o)
 .text.systick_clear
                0x00000000        0xc ../libopencm3/lib/libopencm3_stm32f4.a(systick.o)
 .text.systick_get_calib
                0x00000000       0x10 ../libopencm3/lib/libopencm3_stm32f4.a(systick.o)
 .debug_macro   0x00000000      0x88c ../libopencm3/lib/libopencm3_stm32f4.a(systick.o)
 .debug_macro   0x00000000       0x58 ../libopencm3/lib/libopencm3_stm32f4.a(systick.o)
 .debug_macro   0x00000000       0x22 ../libopencm3/lib/libopencm3_stm32f4.a(systick.o)
 .debug_macro   0x00000000       0x87 ../libopencm3/lib/libopencm3_stm32f4.a(systick.o)
 .debug_macro   0x00000000       0x44 ../libopencm3/lib/libopencm3_stm32f4.a(systick.o)
 .debug_macro   0x00000000       0xfd ../libopencm3/lib/libopencm3_stm32f4.a(systick.o)
 .debug_macro   0x00000000       0x5e ../libopencm3/lib/libopencm3_stm32f4.a(systick.o)
 .debug_macro   0x00000000      0x1df ../libopencm3/lib/libopencm3_stm32f4.a(systick.o)
 .debug_macro   0x00000000       0x22 ../libopencm3/lib/libopencm3_stm32f4.a(systick.o)
 .debug_macro   0x00000000       0xfa ../libopencm3/lib/libopencm3_stm32f4.a(systick.o)
 .group         0x00000000        0x8 ../libopencm3/lib/libopencm3_stm32f4.a(pwr.o)
 .group         0x00000000        0x8 ../libopencm3/lib/libopencm3_stm32f4.a(pwr.o)
 .group         0x00000000        0x8 ../libopencm3/lib/libopencm3_stm32f4.a(pwr.o)
 .group         0x00000000        0x8 ../libopencm3/lib/libopencm3_stm32f4.a(pwr.o)
 .group         0x00000000        0x8 ../libopencm3/lib/libopencm3_stm32f4.a(pwr.o)
 .group         0x00000000        0x8 ../libopencm3/lib/libopencm3_stm32f4.a(pwr.o)
 .group         0x00000000        0x8 ../libopencm3/lib/libopencm3_stm32f4.a(pwr.o)
 .group         0x00000000        0x8 ../libopencm3/lib/libopencm3_stm32f4.a(pwr.o)
 .group         0x00000000        0x8 ../libopencm3/lib/libopencm3_stm32f4.a(pwr.o)
 .group         0x00000000        0x8 ../libopencm3/lib/libopencm3_stm32f4.a(pwr.o)
 .group         0x00000000        0x8 ../libopencm3/lib/libopencm3_stm32f4.a(pwr.o)
 .group         0x00000000        0x8 ../libopencm3/lib/libopencm3_stm32f4.a(pwr.o)
 .group         0x00000000        0x8 ../libopencm3/lib/libopencm3_stm32f4.a(pwr.o)
 .text          0x00000000        0x0 ../libopencm3/lib/libopencm3_stm32f4.a(pwr.o)
 .data          0x00000000        0x0 ../libopencm3/lib/libopencm3_stm32f4.a(pwr.o)
 .bss           0x00000000        0x0 ../libopencm3/lib/libopencm3_stm32f4.a(pwr.o)
 .debug_macro   0x00000000      0x88c ../libopencm3/lib/libopencm3_stm32f4.a(pwr.o)
 .debug_macro   0x00000000       0x22 ../libopencm3/lib/libopencm3_stm32f4.a(pwr.o)
 .debug_macro   0x00000000       0x87 ../libopencm3/lib/libopencm3_stm32f4.a(pwr.o)
 .debug_macro   0x00000000       0x44 ../libopencm3/lib/libopencm3_stm32f4.a(pwr.o)
 .debug_macro   0x00000000       0xfd ../libopencm3/lib/libopencm3_stm32f4.a(pwr.o)
 .debug_macro   0x00000000       0x5e ../libopencm3/lib/libopencm3_stm32f4.a(pwr.o)
 .debug_macro   0x00000000      0x1df ../libopencm3/lib/libopencm3_stm32f4.a(pwr.o)
 .debug_macro   0x00000000       0x22 ../libopencm3/lib/libopencm3_stm32f4.a(pwr.o)
 .debug_macro   0x00000000       0xfa ../libopencm3/lib/libopencm3_stm32f4.a(pwr.o)
 .debug_macro   0x00000000       0x58 ../libopencm3/lib/libopencm3_stm32f4.a(pwr.o)
 .debug_macro   0x00000000      0x26d ../libopencm3/lib/libopencm3_stm32f4.a(pwr.o)
 .debug_macro   0x00000000       0x8e ../libopencm3/lib/libopencm3_stm32f4.a(pwr.o)
 .debug_macro   0x00000000       0x22 ../libopencm3/lib/libopencm3_stm32f4.a(pwr.o)

Memory Configuration

Name             Origin             Length             Attributes
rom              0x08000000         0x00200000         xr
ram              0x20000000         0x00020000         xrw
*default*        0x00000000         0xffffffff

Linker script and memory map

LOAD delay.o
LOAD blink.o
LOAD ../libopencm3/lib/libopencm3_stm32f4.a
START GROUP
LOAD /home/yangliu/Library/gcc-arm-none-eabi-5_4-2016q3/bin/../lib/gcc/arm-none-eabi/5.4.1/../../../../arm-none-eabi/lib/armv7e-m/fpu/libc.a
LOAD /home/yangliu/Library/gcc-arm-none-eabi-5_4-2016q3/bin/../lib/gcc/arm-none-eabi/5.4.1/armv7e-m/fpu/libgcc.a
LOAD /home/yangliu/Library/gcc-arm-none-eabi-5_4-2016q3/bin/../lib/gcc/arm-none-eabi/5.4.1/../../../../arm-none-eabi/lib/armv7e-m/fpu/libnosys.a
END GROUP
START GROUP
LOAD /home/yangliu/Library/gcc-arm-none-eabi-5_4-2016q3/bin/../lib/gcc/arm-none-eabi/5.4.1/armv7e-m/fpu/libgcc.a
LOAD /home/yangliu/Library/gcc-arm-none-eabi-5_4-2016q3/bin/../lib/gcc/arm-none-eabi/5.4.1/../../../../arm-none-eabi/lib/armv7e-m/fpu/libc.a
END GROUP

.text           0x08000000      0x688
 *(.vectors)
 .vectors       0x08000000      0x1ac ../libopencm3/lib/libopencm3_stm32f4.a(vector.o)
                0x08000000                vector_table
 *(.text*)
 .text.sys_tick_handler
                0x080001ac       0x10 delay.o
                0x080001ac                sys_tick_handler
 .text.delay_ms
                0x080001bc       0x14 delay.o
                0x080001bc                delay_ms
 .text.delay_setup
                0x080001d0       0x20 delay.o
                0x080001d0                delay_setup
 .text.startup.main
                0x080001f0       0x40 blink.o
                0x080001f0                main
 .text.rcc_is_osc_ready
                0x08000230       0x5c ../libopencm3/lib/libopencm3_stm32f4.a(rcc.o)
                0x08000230                rcc_is_osc_ready
 .text.rcc_wait_for_osc_ready
                0x0800028c       0x10 ../libopencm3/lib/libopencm3_stm32f4.a(rcc.o)
                0x0800028c                rcc_wait_for_osc_ready
 .text.rcc_osc_on
                0x0800029c       0x58 ../libopencm3/lib/libopencm3_stm32f4.a(rcc.o)
                0x0800029c                rcc_osc_on
 .text.rcc_osc_off
                0x080002f4       0x58 ../libopencm3/lib/libopencm3_stm32f4.a(rcc.o)
                0x080002f4                rcc_osc_off
 .text.rcc_set_sysclk_source
                0x0800034c       0x14 ../libopencm3/lib/libopencm3_stm32f4.a(rcc.o)
                0x0800034c                rcc_set_sysclk_source
 .text.rcc_set_ppre2
                0x08000360       0x14 ../libopencm3/lib/libopencm3_stm32f4.a(rcc.o)
                0x08000360                rcc_set_ppre2
 .text.rcc_set_ppre1
                0x08000374       0x14 ../libopencm3/lib/libopencm3_stm32f4.a(rcc.o)
                0x08000374                rcc_set_ppre1
 .text.rcc_set_hpre
                0x08000388       0x14 ../libopencm3/lib/libopencm3_stm32f4.a(rcc.o)
                0x08000388                rcc_set_hpre
 .text.rcc_set_main_pll_hse
                0x0800039c       0x48 ../libopencm3/lib/libopencm3_stm32f4.a(rcc.o)
                0x0800039c                rcc_set_main_pll_hse
 .text.rcc_clock_setup_hse_3v3
                0x080003e4       0xa8 ../libopencm3/lib/libopencm3_stm32f4.a(rcc.o)
                0x080003e4                rcc_clock_setup_hse_3v3
 .text.gpio_toggle
                0x0800048c       0x12 ../libopencm3/lib/libopencm3_stm32f4.a(gpio_common_all.o)
                0x0800048c                gpio_toggle
 .text.gpio_mode_setup
                0x0800049e       0x44 ../libopencm3/lib/libopencm3_stm32f4.a(gpio_common_f0234.o)
                0x0800049e                gpio_mode_setup
 *fill*         0x080004e2        0x2 
 .text.flash_set_ws
                0x080004e4       0x14 ../libopencm3/lib/libopencm3_stm32f4.a(flash_common_f234.o)
                0x080004e4                flash_set_ws
 .text.rcc_periph_clock_enable
                0x080004f8       0x1c ../libopencm3/lib/libopencm3_stm32f4.a(rcc_common_all.o)
                0x080004f8                rcc_periph_clock_enable
 .text.blocking_handler
                0x08000514        0x2 ../libopencm3/lib/libopencm3_stm32f4.a(vector.o)
                0x08000514                dma2_stream1_isr
                0x08000514                tim8_brk_tim12_isr
                0x08000514                dma1_stream7_isr
                0x08000514                usart3_isr
                0x08000514                tim7_isr
                0x08000514                dma2d_isr
                0x08000514                uart8_isr
                0x08000514                dma1_stream2_isr
                0x08000514                otg_hs_isr
                0x08000514                blocking_handler
                0x08000514                tim5_isr
                0x08000514                rtc_wkup_isr
                0x08000514                otg_fs_isr
                0x08000514                spi1_isr
                0x08000514                i2c3_er_isr
                0x08000514                exti2_isr
                0x08000514                spi5_isr
                0x08000514                usb_fs_wkup_isr
                0x08000514                tamp_stamp_isr
                0x08000514                can1_rx1_isr
                0x08000514                dma2_stream0_isr
                0x08000514                usart1_isr
                0x08000514                i2c3_ev_isr
                0x08000514                usage_fault_handler
                0x08000514                can2_rx0_isr
                0x08000514                dma1_stream6_isr
                0x08000514                can2_rx1_isr
                0x08000514                can1_sce_isr
                0x08000514                tim1_cc_isr
                0x08000514                can1_tx_isr
                0x08000514                tim1_up_tim10_isr
                0x08000514                sdio_isr
                0x08000514                eth_isr
                0x08000514                spi6_isr
                0x08000514                dma2_stream5_isr
                0x08000514                pvd_isr
                0x08000514                can1_rx0_isr
                0x08000514                rcc_isr
                0x08000514                dma2_stream3_isr
                0x08000514                flash_isr
                0x08000514                uart4_isr
                0x08000514                lcd_tft_isr
                0x08000514                rtc_alarm_isr
                0x08000514                exti15_10_isr
                0x08000514                hash_rng_isr
                0x08000514                tim1_trg_com_tim11_isr
                0x08000514                hard_fault_handler
                0x08000514                exti1_isr
                0x08000514                i2c1_ev_isr
                0x08000514                usart6_isr
                0x08000514                spi2_isr
                0x08000514                cryp_isr
                0x08000514                nvic_wwdg_isr
                0x08000514                dma1_stream1_isr
                0x08000514                dma2_stream4_isr
                0x08000514                exti3_isr
                0x08000514                tim3_isr
                0x08000514                usart2_isr
                0x08000514                sai1_isr
                0x08000514                fpu_isr
                0x08000514                dma1_stream4_isr
                0x08000514                i2c2_er_isr
                0x08000514                i2c2_ev_isr
                0x08000514                uart5_isr
                0x08000514                dma2_stream6_isr
                0x08000514                spi4_isr
                0x08000514                adc_isr
                0x08000514                dma2_stream7_isr
                0x08000514                tim8_up_tim13_isr
                0x08000514                fsmc_isr
                0x08000514                exti4_isr
                0x08000514                tim6_dac_isr
                0x08000514                dma1_stream3_isr
                0x08000514                tim8_trg_com_tim14_isr
                0x08000514                mem_manage_handler
                0x08000514                lcd_tft_err_isr
                0x08000514                can2_tx_isr
                0x08000514                exti9_5_isr
                0x08000514                tim1_brk_tim9_isr
                0x08000514                uart7_isr
                0x08000514                can2_sce_isr
                0x08000514                tim4_isr
                0x08000514                otg_hs_wkup_isr
                0x08000514                i2c1_er_isr
                0x08000514                dma1_stream0_isr
                0x08000514                tim8_cc_isr
                0x08000514                dcmi_isr
                0x08000514                dma2_stream2_isr
                0x08000514                eth_wkup_isr
                0x08000514                bus_fault_handler
                0x08000514                otg_hs_ep1_out_isr
                0x08000514                spi3_isr
                0x08000514                dma1_stream5_isr
                0x08000514                otg_hs_ep1_in_isr
                0x08000514                tim2_isr
                0x08000514                exti0_isr
 .text.null_handler
                0x08000516        0x2 ../libopencm3/lib/libopencm3_stm32f4.a(vector.o)
                0x08000516                null_handler
                0x08000516                sv_call_handler
                0x08000516                pend_sv_handler
                0x08000516                debug_monitor_handler
                0x08000516                nmi_handler
 .text.reset_handler
                0x08000518       0x98 ../libopencm3/lib/libopencm3_stm32f4.a(vector.o)
                0x08000518                reset_handler
 .text.systick_set_reload
                0x080005b0       0x10 ../libopencm3/lib/libopencm3_stm32f4.a(systick.o)
                0x080005b0                systick_set_reload
 .text.systick_set_clocksource
                0x080005c0       0x18 ../libopencm3/lib/libopencm3_stm32f4.a(systick.o)
                0x080005c0                systick_set_clocksource
 .text.systick_interrupt_enable
                0x080005d8       0x10 ../libopencm3/lib/libopencm3_stm32f4.a(systick.o)
                0x080005d8                systick_interrupt_enable
 .text.systick_counter_enable
                0x080005e8       0x10 ../libopencm3/lib/libopencm3_stm32f4.a(systick.o)
                0x080005e8                systick_counter_enable
 .text.pwr_set_vos_scale
                0x080005f8       0x20 ../libopencm3/lib/libopencm3_stm32f4.a(pwr.o)
                0x080005f8                pwr_set_vos_scale
                0x08000618                . = ALIGN (0x4)
 *(.rodata*)
 .rodata.rcc_hse_8mhz_3v3
                0x08000618       0x70 ../libopencm3/lib/libopencm3_stm32f4.a(rcc.o)
                0x08000618                rcc_hse_8mhz_3v3
                0x08000688                . = ALIGN (0x4)

.glue_7         0x08000688        0x0
 .glue_7        0x08000688        0x0 linker stubs

.glue_7t        0x08000688        0x0
 .glue_7t       0x08000688        0x0 linker stubs

.vfp11_veneer   0x08000688        0x0
 .vfp11_veneer  0x08000688        0x0 linker stubs

.v4_bx          0x08000688        0x0
 .v4_bx         0x08000688        0x0 linker stubs

.iplt           0x08000688        0x0
 .iplt          0x08000688        0x0 delay.o

.rel.dyn        0x08000688        0x0
 .rel.iplt      0x08000688        0x0 delay.o

.preinit_array  0x08000688        0x0
                0x08000688                . = ALIGN (0x4)
                0x08000688                __preinit_array_start = .
 *(.preinit_array)
                0x08000688                __preinit_array_end = .

.init_array     0x08000688        0x0
                0x08000688                . = ALIGN (0x4)
                0x08000688                __init_array_start = .
 *(SORT(.init_array.*))
 *(.init_array)
                0x08000688                __init_array_end = .

.fini_array     0x08000688        0x0
                0x08000688                . = ALIGN (0x4)
                0x08000688                __fini_array_start = .
 *(.fini_array)
 *(SORT(.fini_array.*))
                0x08000688                __fini_array_end = .

.ARM.extab
 *(.ARM.extab*)

.ARM.exidx      0x08000688        0x0
                0x08000688                __exidx_start = .
 *(.ARM.exidx*)
                0x08000688                __exidx_end = .
                0x08000688                . = ALIGN (0x4)
                0x08000688                _etext = .

.data           0x20000000        0xc load address 0x08000688
                0x20000000                _data = .
 *(.data*)
 .data.rcc_ahb_frequency
                0x20000000        0x4 ../libopencm3/lib/libopencm3_stm32f4.a(rcc.o)
                0x20000000                rcc_ahb_frequency
 .data.rcc_apb1_frequency
                0x20000004        0x4 ../libopencm3/lib/libopencm3_stm32f4.a(rcc.o)
                0x20000004                rcc_apb1_frequency
 .data.rcc_apb2_frequency
                0x20000008        0x4 ../libopencm3/lib/libopencm3_stm32f4.a(rcc.o)
                0x20000008                rcc_apb2_frequency
                0x2000000c                . = ALIGN (0x4)
                0x2000000c                _edata = .
                0x08000688                _data_loadaddr = LOADADDR (.data)

.igot.plt       0x2000000c        0x0 load address 0x08000694
 .igot.plt      0x2000000c        0x0 delay.o

.bss            0x2000000c        0x4 load address 0x08000694
 *(.bss*)
 .bss.system_millis
                0x2000000c        0x4 delay.o
                0x2000000c                system_millis
 *(COMMON)
                0x20000010                . = ALIGN (0x4)
                0x20000010                _ebss = .

/DISCARD/
 *(.eh_frame)
                0x20000010                . = ALIGN (0x4)
                0x20000010                end = .
                0x20020000                PROVIDE (_stack, (ORIGIN (ram) + LENGTH (ram)))
OUTPUT(blink.elf elf32-littlearm)

.debug_info     0x00000000     0x24f8
 .debug_info    0x00000000      0x159 delay.o
 .debug_info    0x00000159      0x71a blink.o
 .debug_info    0x00000873      0x959 ../libopencm3/lib/libopencm3_stm32f4.a(rcc.o)
 .debug_info    0x000011cc      0x22c ../libopencm3/lib/libopencm3_stm32f4.a(gpio_common_all.o)
 .debug_info    0x000013f8      0x1eb ../libopencm3/lib/libopencm3_stm32f4.a(gpio_common_f0234.o)
 .debug_info    0x000015e3      0x11f ../libopencm3/lib/libopencm3_stm32f4.a(flash_common_f234.o)
 .debug_info    0x00001702      0x828 ../libopencm3/lib/libopencm3_stm32f4.a(rcc_common_all.o)
 .debug_info    0x00001f2a      0x2b7 ../libopencm3/lib/libopencm3_stm32f4.a(vector.o)
 .debug_info    0x000021e1      0x255 ../libopencm3/lib/libopencm3_stm32f4.a(systick.o)
 .debug_info    0x00002436       0xc2 ../libopencm3/lib/libopencm3_stm32f4.a(pwr.o)

.debug_abbrev   0x00000000      0xa81
 .debug_abbrev  0x00000000       0xe2 delay.o
 .debug_abbrev  0x000000e2      0x132 blink.o
 .debug_abbrev  0x00000214      0x217 ../libopencm3/lib/libopencm3_stm32f4.a(rcc.o)
 .debug_abbrev  0x0000042b      0x10e ../libopencm3/lib/libopencm3_stm32f4.a(gpio_common_all.o)
 .debug_abbrev  0x00000539       0xb7 ../libopencm3/lib/libopencm3_stm32f4.a(gpio_common_f0234.o)
 .debug_abbrev  0x000005f0       0x8a ../libopencm3/lib/libopencm3_stm32f4.a(flash_common_f234.o)
 .debug_abbrev  0x0000067a      0x105 ../libopencm3/lib/libopencm3_stm32f4.a(rcc_common_all.o)
 .debug_abbrev  0x0000077f      0x155 ../libopencm3/lib/libopencm3_stm32f4.a(vector.o)
 .debug_abbrev  0x000008d4      0x132 ../libopencm3/lib/libopencm3_stm32f4.a(systick.o)
 .debug_abbrev  0x00000a06       0x7b ../libopencm3/lib/libopencm3_stm32f4.a(pwr.o)

.debug_loc      0x00000000      0xad9
 .debug_loc     0x00000000       0x21 delay.o
 .debug_loc     0x00000021      0x5e8 ../libopencm3/lib/libopencm3_stm32f4.a(rcc.o)
 .debug_loc     0x00000609       0x97 ../libopencm3/lib/libopencm3_stm32f4.a(gpio_common_all.o)
 .debug_loc     0x000006a0       0xdd ../libopencm3/lib/libopencm3_stm32f4.a(gpio_common_f0234.o)
 .debug_loc     0x0000077d       0x3f ../libopencm3/lib/libopencm3_stm32f4.a(flash_common_f234.o)
 .debug_loc     0x000007bc      0x108 ../libopencm3/lib/libopencm3_stm32f4.a(rcc_common_all.o)
 .debug_loc     0x000008c4       0xdf ../libopencm3/lib/libopencm3_stm32f4.a(vector.o)
 .debug_loc     0x000009a3      0x136 ../libopencm3/lib/libopencm3_stm32f4.a(systick.o)

.debug_aranges  0x00000000      0x330
 .debug_aranges
                0x00000000       0x30 delay.o
 .debug_aranges
                0x00000030       0x20 blink.o
 .debug_aranges
                0x00000050       0xf0 ../libopencm3/lib/libopencm3_stm32f4.a(rcc.o)
 .debug_aranges
                0x00000140       0x50 ../libopencm3/lib/libopencm3_stm32f4.a(gpio_common_all.o)
 .debug_aranges
                0x00000190       0x30 ../libopencm3/lib/libopencm3_stm32f4.a(gpio_common_f0234.o)
 .debug_aranges
                0x000001c0       0x50 ../libopencm3/lib/libopencm3_stm32f4.a(flash_common_f234.o)
 .debug_aranges
                0x00000210       0x58 ../libopencm3/lib/libopencm3_stm32f4.a(rcc_common_all.o)
 .debug_aranges
                0x00000268       0x30 ../libopencm3/lib/libopencm3_stm32f4.a(vector.o)
 .debug_aranges
                0x00000298       0x78 ../libopencm3/lib/libopencm3_stm32f4.a(systick.o)
 .debug_aranges
                0x00000310       0x20 ../libopencm3/lib/libopencm3_stm32f4.a(pwr.o)

.debug_ranges   0x00000000      0x290
 .debug_ranges  0x00000000       0x20 delay.o
 .debug_ranges  0x00000020       0x10 blink.o
 .debug_ranges  0x00000030       0xe0 ../libopencm3/lib/libopencm3_stm32f4.a(rcc.o)
 .debug_ranges  0x00000110       0x40 ../libopencm3/lib/libopencm3_stm32f4.a(gpio_common_all.o)
 .debug_ranges  0x00000150       0x20 ../libopencm3/lib/libopencm3_stm32f4.a(gpio_common_f0234.o)
 .debug_ranges  0x00000170       0x40 ../libopencm3/lib/libopencm3_stm32f4.a(flash_common_f234.o)
 .debug_ranges  0x000001b0       0x48 ../libopencm3/lib/libopencm3_stm32f4.a(rcc_common_all.o)
 .debug_ranges  0x000001f8       0x20 ../libopencm3/lib/libopencm3_stm32f4.a(vector.o)
 .debug_ranges  0x00000218       0x68 ../libopencm3/lib/libopencm3_stm32f4.a(systick.o)
 .debug_ranges  0x00000280       0x10 ../libopencm3/lib/libopencm3_stm32f4.a(pwr.o)

.debug_line     0x00000000     0x201b
 .debug_line    0x00000000      0x153 delay.o
 .debug_line    0x00000153      0x1b3 blink.o
 .debug_line    0x00000306      0x5a4 ../libopencm3/lib/libopencm3_stm32f4.a(rcc.o)
 .debug_line    0x000008aa      0x38d ../libopencm3/lib/libopencm3_stm32f4.a(gpio_common_all.o)
 .debug_line    0x00000c37      0x37f ../libopencm3/lib/libopencm3_stm32f4.a(gpio_common_f0234.o)
 .debug_line    0x00000fb6      0x380 ../libopencm3/lib/libopencm3_stm32f4.a(flash_common_f234.o)
 .debug_line    0x00001336      0x367 ../libopencm3/lib/libopencm3_stm32f4.a(rcc_common_all.o)
 .debug_line    0x0000169d      0x391 ../libopencm3/lib/libopencm3_stm32f4.a(vector.o)
 .debug_line    0x00001a2e      0x311 ../libopencm3/lib/libopencm3_stm32f4.a(systick.o)
 .debug_line    0x00001d3f      0x2dc ../libopencm3/lib/libopencm3_stm32f4.a(pwr.o)

.debug_str      0x00000000     0xd494
 .debug_str     0x00000000      0x1a5 delay.o
                                0x232 (size before relaxing)
 .debug_str     0x000001a5      0x73b blink.o
                                0x933 (size before relaxing)
 .debug_str     0x000008e0     0x859e ../libopencm3/lib/libopencm3_stm32f4.a(rcc.o)
                               0x8862 (size before relaxing)
 .debug_str     0x00008e7e     0x1413 ../libopencm3/lib/libopencm3_stm32f4.a(gpio_common_all.o)
                               0x5d1b (size before relaxing)
 .debug_str     0x0000a291       0x8a ../libopencm3/lib/libopencm3_stm32f4.a(gpio_common_f0234.o)
                               0x5d3d (size before relaxing)
 .debug_str     0x0000a31b       0x96 ../libopencm3/lib/libopencm3_stm32f4.a(flash_common_f234.o)
                               0x5058 (size before relaxing)
 .debug_str     0x0000a3b1      0x3a2 ../libopencm3/lib/libopencm3_stm32f4.a(rcc_common_all.o)
                               0x82e2 (size before relaxing)
 .debug_str     0x0000a753     0x2a4b ../libopencm3/lib/libopencm3_stm32f4.a(vector.o)
                               0x6387 (size before relaxing)
 .debug_str     0x0000d19e      0x2f0 ../libopencm3/lib/libopencm3_stm32f4.a(systick.o)
                               0x3c9d (size before relaxing)
 .debug_str     0x0000d48e        0x6 ../libopencm3/lib/libopencm3_stm32f4.a(pwr.o)
                               0x4c4d (size before relaxing)

.comment        0x00000000       0x6e
 .comment       0x00000000       0x6e delay.o
                                 0x6f (size before relaxing)
 .comment       0x0000006e       0x6f blink.o
 .comment       0x0000006e       0x6f ../libopencm3/lib/libopencm3_stm32f4.a(rcc.o)
 .comment       0x0000006e       0x6f ../libopencm3/lib/libopencm3_stm32f4.a(gpio_common_all.o)
 .comment       0x0000006e       0x6f ../libopencm3/lib/libopencm3_stm32f4.a(gpio_common_f0234.o)
 .comment       0x0000006e       0x6f ../libopencm3/lib/libopencm3_stm32f4.a(flash_common_f234.o)
 .comment       0x0000006e       0x6f ../libopencm3/lib/libopencm3_stm32f4.a(rcc_common_all.o)
 .comment       0x0000006e       0x6f ../libopencm3/lib/libopencm3_stm32f4.a(vector.o)
 .comment       0x0000006e       0x6f ../libopencm3/lib/libopencm3_stm32f4.a(systick.o)
 .comment       0x0000006e       0x6f ../libopencm3/lib/libopencm3_stm32f4.a(pwr.o)

.ARM.attributes
                0x00000000       0x39
 .ARM.attributes
                0x00000000       0x39 delay.o
 .ARM.attributes
                0x00000039       0x39 blink.o
 .ARM.attributes
                0x00000072       0x39 ../libopencm3/lib/libopencm3_stm32f4.a(rcc.o)
 .ARM.attributes
                0x000000ab       0x39 ../libopencm3/lib/libopencm3_stm32f4.a(gpio_common_all.o)
 .ARM.attributes
                0x000000e4       0x39 ../libopencm3/lib/libopencm3_stm32f4.a(gpio_common_f0234.o)
 .ARM.attributes
                0x0000011d       0x39 ../libopencm3/lib/libopencm3_stm32f4.a(flash_common_f234.o)
 .ARM.attributes
                0x00000156       0x39 ../libopencm3/lib/libopencm3_stm32f4.a(rcc_common_all.o)
 .ARM.attributes
                0x0000018f       0x39 ../libopencm3/lib/libopencm3_stm32f4.a(vector.o)
 .ARM.attributes
                0x000001c8       0x39 ../libopencm3/lib/libopencm3_stm32f4.a(systick.o)
 .ARM.attributes
                0x00000201       0x39 ../libopencm3/lib/libopencm3_stm32f4.a(pwr.o)

.debug_frame    0x00000000      0x5c8
 .debug_frame   0x00000000       0x4c delay.o
 .debug_frame   0x0000004c       0x28 blink.o
 .debug_frame   0x00000074      0x1fc ../libopencm3/lib/libopencm3_stm32f4.a(rcc.o)
 .debug_frame   0x00000270       0x80 ../libopencm3/lib/libopencm3_stm32f4.a(gpio_common_all.o)
 .debug_frame   0x000002f0       0x70 ../libopencm3/lib/libopencm3_stm32f4.a(gpio_common_f0234.o)
 .debug_frame   0x00000360       0x80 ../libopencm3/lib/libopencm3_stm32f4.a(flash_common_f234.o)
 .debug_frame   0x000003e0       0xb0 ../libopencm3/lib/libopencm3_stm32f4.a(rcc_common_all.o)
 .debug_frame   0x00000490       0x40 ../libopencm3/lib/libopencm3_stm32f4.a(vector.o)
 .debug_frame   0x000004d0       0xd8 ../libopencm3/lib/libopencm3_stm32f4.a(systick.o)
 .debug_frame   0x000005a8       0x20 ../libopencm3/lib/libopencm3_stm32f4.a(pwr.o)

.debug_macro    0x00000000     0x2f8b
 .debug_macro   0x00000000      0x106 ../libopencm3/lib/libopencm3_stm32f4.a(rcc.o)
 .debug_macro   0x00000106      0x88c ../libopencm3/lib/libopencm3_stm32f4.a(rcc.o)
 .debug_macro   0x00000992       0x22 ../libopencm3/lib/libopencm3_stm32f4.a(rcc.o)
 .debug_macro   0x000009b4       0x87 ../libopencm3/lib/libopencm3_stm32f4.a(rcc.o)
 .debug_macro   0x00000a3b       0x44 ../libopencm3/lib/libopencm3_stm32f4.a(rcc.o)
 .debug_macro   0x00000a7f       0xfd ../libopencm3/lib/libopencm3_stm32f4.a(rcc.o)
 .debug_macro   0x00000b7c       0x5e ../libopencm3/lib/libopencm3_stm32f4.a(rcc.o)
 .debug_macro   0x00000bda      0x1df ../libopencm3/lib/libopencm3_stm32f4.a(rcc.o)
 .debug_macro   0x00000db9       0x22 ../libopencm3/lib/libopencm3_stm32f4.a(rcc.o)
 .debug_macro   0x00000ddb       0xfa ../libopencm3/lib/libopencm3_stm32f4.a(rcc.o)
 .debug_macro   0x00000ed5       0x16 ../libopencm3/lib/libopencm3_stm32f4.a(rcc.o)
 .debug_macro   0x00000eeb       0x58 ../libopencm3/lib/libopencm3_stm32f4.a(rcc.o)
 .debug_macro   0x00000f43      0x26d ../libopencm3/lib/libopencm3_stm32f4.a(rcc.o)
 .debug_macro   0x000011b0      0xb38 ../libopencm3/lib/libopencm3_stm32f4.a(rcc.o)
 .debug_macro   0x00001ce8       0x8e ../libopencm3/lib/libopencm3_stm32f4.a(rcc.o)
 .debug_macro   0x00001d76       0x22 ../libopencm3/lib/libopencm3_stm32f4.a(rcc.o)
 .debug_macro   0x00001d98       0x64 ../libopencm3/lib/libopencm3_stm32f4.a(rcc.o)
 .debug_macro   0x00001dfc       0xf4 ../libopencm3/lib/libopencm3_stm32f4.a(rcc.o)
 .debug_macro   0x00001ef0       0xd2 ../libopencm3/lib/libopencm3_stm32f4.a(gpio_common_all.o)
 .debug_macro   0x00001fc2       0x76 ../libopencm3/lib/libopencm3_stm32f4.a(gpio_common_all.o)
 .debug_macro   0x00002038      0x2e6 ../libopencm3/lib/libopencm3_stm32f4.a(gpio_common_all.o)
 .debug_macro   0x0000231e      0x14e ../libopencm3/lib/libopencm3_stm32f4.a(gpio_common_all.o)
 .debug_macro   0x0000246c       0xd2 ../libopencm3/lib/libopencm3_stm32f4.a(gpio_common_f0234.o)
 .debug_macro   0x0000253e       0xc3 ../libopencm3/lib/libopencm3_stm32f4.a(flash_common_f234.o)
 .debug_macro   0x00002601       0xcf ../libopencm3/lib/libopencm3_stm32f4.a(rcc_common_all.o)
 .debug_macro   0x000026d0       0xd4 ../libopencm3/lib/libopencm3_stm32f4.a(vector.o)
 .debug_macro   0x000027a4      0x3a1 ../libopencm3/lib/libopencm3_stm32f4.a(vector.o)
 .debug_macro   0x00002b45       0x6a ../libopencm3/lib/libopencm3_stm32f4.a(vector.o)
 .debug_macro   0x00002baf      0x22c ../libopencm3/lib/libopencm3_stm32f4.a(vector.o)
 .debug_macro   0x00002ddb       0x93 ../libopencm3/lib/libopencm3_stm32f4.a(systick.o)
 .debug_macro   0x00002e6e       0x64 ../libopencm3/lib/libopencm3_stm32f4.a(systick.o)
 .debug_macro   0x00002ed2       0xb9 ../libopencm3/lib/libopencm3_stm32f4.a(pwr.o)
