Archive member included to satisfy reference by file (symbol)

../libopencm3/lib/libopencm3_stm32f4.a(gpio_common_all.o)
                              usart.o (gpio_toggle)
../libopencm3/lib/libopencm3_stm32f4.a(gpio_common_f0234.o)
                              usart.o (gpio_mode_setup)
../libopencm3/lib/libopencm3_stm32f4.a(usart_common_all.o)
                              usart.o (usart_set_baudrate)
../libopencm3/lib/libopencm3_stm32f4.a(usart_common_f124.o)
                              ../libopencm3/lib/libopencm3_stm32f4.a(usart_common_all.o) (usart_send)
../libopencm3/lib/libopencm3_stm32f4.a(rcc_common_all.o)
                              usart.o (rcc_periph_clock_enable)
../libopencm3/lib/libopencm3_stm32f4.a(vector.o)
                              (reset_handler)
../libopencm3/lib/libopencm3_stm32f4.a(rcc.o)
                              ../libopencm3/lib/libopencm3_stm32f4.a(usart_common_all.o) (rcc_apb2_frequency)
../libopencm3/lib/libopencm3_stm32f4.a(flash_common_f234.o)
                              ../libopencm3/lib/libopencm3_stm32f4.a(rcc.o) (flash_set_ws)
../libopencm3/lib/libopencm3_stm32f4.a(pwr.o)
                              ../libopencm3/lib/libopencm3_stm32f4.a(rcc.o) (pwr_set_vos_scale)

Discarded input sections

 .text          0x00000000        0x0 usart.o
 .data          0x00000000        0x0 usart.o
 .bss           0x00000000        0x0 usart.o
 .group         0x00000000        0x8 ../libopencm3/lib/libopencm3_stm32f4.a(gpio_common_all.o)
 .group         0x00000000        0x8 ../libopencm3/lib/libopencm3_stm32f4.a(gpio_common_all.o)
 .group         0x00000000        0x8 ../libopencm3/lib/libopencm3_stm32f4.a(gpio_common_all.o)
 .group         0x00000000        0x8 ../libopencm3/lib/libopencm3_stm32f4.a(gpio_common_all.o)
 .group         0x00000000        0x8 ../libopencm3/lib/libopencm3_stm32f4.a(gpio_common_all.o)
 .group         0x00000000        0x8 ../libopencm3/lib/libopencm3_stm32f4.a(gpio_common_all.o)
 .group         0x00000000        0x8 ../libopencm3/lib/libopencm3_stm32f4.a(gpio_common_all.o)
 .group         0x00000000        0x8 ../libopencm3/lib/libopencm3_stm32f4.a(gpio_common_all.o)
 .group         0x00000000        0x8 ../libopencm3/lib/libopencm3_stm32f4.a(gpio_common_all.o)
 .group         0x00000000        0x8 ../libopencm3/lib/libopencm3_stm32f4.a(gpio_common_all.o)
 .group         0x00000000        0x8 ../libopencm3/lib/libopencm3_stm32f4.a(gpio_common_all.o)
 .group         0x00000000        0x8 ../libopencm3/lib/libopencm3_stm32f4.a(gpio_common_all.o)
 .group         0x00000000        0x8 ../libopencm3/lib/libopencm3_stm32f4.a(gpio_common_all.o)
 .text          0x00000000        0x0 ../libopencm3/lib/libopencm3_stm32f4.a(gpio_common_all.o)
 .data          0x00000000        0x0 ../libopencm3/lib/libopencm3_stm32f4.a(gpio_common_all.o)
 .bss           0x00000000        0x0 ../libopencm3/lib/libopencm3_stm32f4.a(gpio_common_all.o)
 .text.gpio_set
                0x00000000        0x4 ../libopencm3/lib/libopencm3_stm32f4.a(gpio_common_all.o)
 .text.gpio_clear
                0x00000000        0x6 ../libopencm3/lib/libopencm3_stm32f4.a(gpio_common_all.o)
 .text.gpio_get
                0x00000000        0x6 ../libopencm3/lib/libopencm3_stm32f4.a(gpio_common_all.o)
 .text.gpio_port_read
                0x00000000        0x6 ../libopencm3/lib/libopencm3_stm32f4.a(gpio_common_all.o)
 .text.gpio_port_write
                0x00000000        0x4 ../libopencm3/lib/libopencm3_stm32f4.a(gpio_common_all.o)
 .text.gpio_port_config_lock
                0x00000000       0x10 ../libopencm3/lib/libopencm3_stm32f4.a(gpio_common_all.o)
 .group         0x00000000        0x8 ../libopencm3/lib/libopencm3_stm32f4.a(gpio_common_f0234.o)
 .group         0x00000000        0x8 ../libopencm3/lib/libopencm3_stm32f4.a(gpio_common_f0234.o)
 .group         0x00000000        0x8 ../libopencm3/lib/libopencm3_stm32f4.a(gpio_common_f0234.o)
 .group         0x00000000        0x8 ../libopencm3/lib/libopencm3_stm32f4.a(gpio_common_f0234.o)
 .group         0x00000000        0x8 ../libopencm3/lib/libopencm3_stm32f4.a(gpio_common_f0234.o)
 .group         0x00000000        0x8 ../libopencm3/lib/libopencm3_stm32f4.a(gpio_common_f0234.o)
 .group         0x00000000        0x8 ../libopencm3/lib/libopencm3_stm32f4.a(gpio_common_f0234.o)
 .group         0x00000000        0x8 ../libopencm3/lib/libopencm3_stm32f4.a(gpio_common_f0234.o)
 .group         0x00000000        0x8 ../libopencm3/lib/libopencm3_stm32f4.a(gpio_common_f0234.o)
 .group         0x00000000        0x8 ../libopencm3/lib/libopencm3_stm32f4.a(gpio_common_f0234.o)
 .group         0x00000000        0x8 ../libopencm3/lib/libopencm3_stm32f4.a(gpio_common_f0234.o)
 .group         0x00000000        0x8 ../libopencm3/lib/libopencm3_stm32f4.a(gpio_common_f0234.o)
 .group         0x00000000        0x8 ../libopencm3/lib/libopencm3_stm32f4.a(gpio_common_f0234.o)
 .text          0x00000000        0x0 ../libopencm3/lib/libopencm3_stm32f4.a(gpio_common_f0234.o)
 .data          0x00000000        0x0 ../libopencm3/lib/libopencm3_stm32f4.a(gpio_common_f0234.o)
 .bss           0x00000000        0x0 ../libopencm3/lib/libopencm3_stm32f4.a(gpio_common_f0234.o)
 .text.gpio_set_output_options
                0x00000000       0x36 ../libopencm3/lib/libopencm3_stm32f4.a(gpio_common_f0234.o)
 .debug_macro   0x00000000      0x874 ../libopencm3/lib/libopencm3_stm32f4.a(gpio_common_f0234.o)
 .debug_macro   0x00000000       0x22 ../libopencm3/lib/libopencm3_stm32f4.a(gpio_common_f0234.o)
 .debug_macro   0x00000000       0x44 ../libopencm3/lib/libopencm3_stm32f4.a(gpio_common_f0234.o)
 .debug_macro   0x00000000       0xe3 ../libopencm3/lib/libopencm3_stm32f4.a(gpio_common_f0234.o)
 .debug_macro   0x00000000       0x22 ../libopencm3/lib/libopencm3_stm32f4.a(gpio_common_f0234.o)
 .debug_macro   0x00000000      0x1df ../libopencm3/lib/libopencm3_stm32f4.a(gpio_common_f0234.o)
 .debug_macro   0x00000000       0x22 ../libopencm3/lib/libopencm3_stm32f4.a(gpio_common_f0234.o)
 .debug_macro   0x00000000       0xfa ../libopencm3/lib/libopencm3_stm32f4.a(gpio_common_f0234.o)
 .debug_macro   0x00000000       0x58 ../libopencm3/lib/libopencm3_stm32f4.a(gpio_common_f0234.o)
 .debug_macro   0x00000000      0x26d ../libopencm3/lib/libopencm3_stm32f4.a(gpio_common_f0234.o)
 .debug_macro   0x00000000       0x76 ../libopencm3/lib/libopencm3_stm32f4.a(gpio_common_f0234.o)
 .debug_macro   0x00000000      0x2e6 ../libopencm3/lib/libopencm3_stm32f4.a(gpio_common_f0234.o)
 .debug_macro   0x00000000      0x14e ../libopencm3/lib/libopencm3_stm32f4.a(gpio_common_f0234.o)
 .group         0x00000000        0x8 ../libopencm3/lib/libopencm3_stm32f4.a(usart_common_all.o)
 .group         0x00000000        0x8 ../libopencm3/lib/libopencm3_stm32f4.a(usart_common_all.o)
 .group         0x00000000        0x8 ../libopencm3/lib/libopencm3_stm32f4.a(usart_common_all.o)
 .group         0x00000000        0x8 ../libopencm3/lib/libopencm3_stm32f4.a(usart_common_all.o)
 .group         0x00000000        0x8 ../libopencm3/lib/libopencm3_stm32f4.a(usart_common_all.o)
 .group         0x00000000        0x8 ../libopencm3/lib/libopencm3_stm32f4.a(usart_common_all.o)
 .group         0x00000000        0x8 ../libopencm3/lib/libopencm3_stm32f4.a(usart_common_all.o)
 .group         0x00000000        0x8 ../libopencm3/lib/libopencm3_stm32f4.a(usart_common_all.o)
 .group         0x00000000        0x8 ../libopencm3/lib/libopencm3_stm32f4.a(usart_common_all.o)
 .group         0x00000000        0x8 ../libopencm3/lib/libopencm3_stm32f4.a(usart_common_all.o)
 .group         0x00000000        0x8 ../libopencm3/lib/libopencm3_stm32f4.a(usart_common_all.o)
 .group         0x00000000        0x8 ../libopencm3/lib/libopencm3_stm32f4.a(usart_common_all.o)
 .group         0x00000000        0x8 ../libopencm3/lib/libopencm3_stm32f4.a(usart_common_all.o)
 .group         0x00000000        0x8 ../libopencm3/lib/libopencm3_stm32f4.a(usart_common_all.o)
 .text          0x00000000        0x0 ../libopencm3/lib/libopencm3_stm32f4.a(usart_common_all.o)
 .data          0x00000000        0x0 ../libopencm3/lib/libopencm3_stm32f4.a(usart_common_all.o)
 .bss           0x00000000        0x0 ../libopencm3/lib/libopencm3_stm32f4.a(usart_common_all.o)
 .text.usart_disable
                0x00000000        0xa ../libopencm3/lib/libopencm3_stm32f4.a(usart_common_all.o)
 .text.usart_recv_blocking
                0x00000000       0x12 ../libopencm3/lib/libopencm3_stm32f4.a(usart_common_all.o)
 .text.usart_enable_rx_dma
                0x00000000        0xa ../libopencm3/lib/libopencm3_stm32f4.a(usart_common_all.o)
 .text.usart_disable_rx_dma
                0x00000000        0xa ../libopencm3/lib/libopencm3_stm32f4.a(usart_common_all.o)
 .text.usart_enable_tx_dma
                0x00000000        0xa ../libopencm3/lib/libopencm3_stm32f4.a(usart_common_all.o)
 .text.usart_disable_tx_dma
                0x00000000        0xa ../libopencm3/lib/libopencm3_stm32f4.a(usart_common_all.o)
 .text.usart_enable_rx_interrupt
                0x00000000        0xa ../libopencm3/lib/libopencm3_stm32f4.a(usart_common_all.o)
 .text.usart_disable_rx_interrupt
                0x00000000        0xa ../libopencm3/lib/libopencm3_stm32f4.a(usart_common_all.o)
 .text.usart_enable_tx_interrupt
                0x00000000        0xa ../libopencm3/lib/libopencm3_stm32f4.a(usart_common_all.o)
 .text.usart_disable_tx_interrupt
                0x00000000        0xa ../libopencm3/lib/libopencm3_stm32f4.a(usart_common_all.o)
 .text.usart_enable_error_interrupt
                0x00000000        0xa ../libopencm3/lib/libopencm3_stm32f4.a(usart_common_all.o)
 .text.usart_disable_error_interrupt
                0x00000000        0xa ../libopencm3/lib/libopencm3_stm32f4.a(usart_common_all.o)
 .debug_macro   0x00000000      0x874 ../libopencm3/lib/libopencm3_stm32f4.a(usart_common_all.o)
 .debug_macro   0x00000000       0x22 ../libopencm3/lib/libopencm3_stm32f4.a(usart_common_all.o)
 .debug_macro   0x00000000       0x44 ../libopencm3/lib/libopencm3_stm32f4.a(usart_common_all.o)
 .debug_macro   0x00000000       0xe3 ../libopencm3/lib/libopencm3_stm32f4.a(usart_common_all.o)
 .debug_macro   0x00000000       0x22 ../libopencm3/lib/libopencm3_stm32f4.a(usart_common_all.o)
 .debug_macro   0x00000000      0x1df ../libopencm3/lib/libopencm3_stm32f4.a(usart_common_all.o)
 .debug_macro   0x00000000       0x22 ../libopencm3/lib/libopencm3_stm32f4.a(usart_common_all.o)
 .debug_macro   0x00000000       0xfa ../libopencm3/lib/libopencm3_stm32f4.a(usart_common_all.o)
 .debug_macro   0x00000000       0x58 ../libopencm3/lib/libopencm3_stm32f4.a(usart_common_all.o)
 .debug_macro   0x00000000      0x26d ../libopencm3/lib/libopencm3_stm32f4.a(usart_common_all.o)
 .group         0x00000000        0x8 ../libopencm3/lib/libopencm3_stm32f4.a(usart_common_f124.o)
 .group         0x00000000        0x8 ../libopencm3/lib/libopencm3_stm32f4.a(usart_common_f124.o)
 .group         0x00000000        0x8 ../libopencm3/lib/libopencm3_stm32f4.a(usart_common_f124.o)
 .group         0x00000000        0x8 ../libopencm3/lib/libopencm3_stm32f4.a(usart_common_f124.o)
 .group         0x00000000        0x8 ../libopencm3/lib/libopencm3_stm32f4.a(usart_common_f124.o)
 .group         0x00000000        0x8 ../libopencm3/lib/libopencm3_stm32f4.a(usart_common_f124.o)
 .group         0x00000000        0x8 ../libopencm3/lib/libopencm3_stm32f4.a(usart_common_f124.o)
 .group         0x00000000        0x8 ../libopencm3/lib/libopencm3_stm32f4.a(usart_common_f124.o)
 .group         0x00000000        0x8 ../libopencm3/lib/libopencm3_stm32f4.a(usart_common_f124.o)
 .group         0x00000000        0x8 ../libopencm3/lib/libopencm3_stm32f4.a(usart_common_f124.o)
 .group         0x00000000        0x8 ../libopencm3/lib/libopencm3_stm32f4.a(usart_common_f124.o)
 .group         0x00000000        0x8 ../libopencm3/lib/libopencm3_stm32f4.a(usart_common_f124.o)
 .group         0x00000000        0x8 ../libopencm3/lib/libopencm3_stm32f4.a(usart_common_f124.o)
 .group         0x00000000        0x8 ../libopencm3/lib/libopencm3_stm32f4.a(usart_common_f124.o)
 .text          0x00000000        0x0 ../libopencm3/lib/libopencm3_stm32f4.a(usart_common_f124.o)
 .data          0x00000000        0x0 ../libopencm3/lib/libopencm3_stm32f4.a(usart_common_f124.o)
 .bss           0x00000000        0x0 ../libopencm3/lib/libopencm3_stm32f4.a(usart_common_f124.o)
 .text.usart_recv
                0x00000000        0x8 ../libopencm3/lib/libopencm3_stm32f4.a(usart_common_f124.o)
 .text.usart_wait_recv_ready
                0x00000000        0x8 ../libopencm3/lib/libopencm3_stm32f4.a(usart_common_f124.o)
 .text.usart_get_flag
                0x00000000        0xc ../libopencm3/lib/libopencm3_stm32f4.a(usart_common_f124.o)
 .text.usart_get_interrupt_source
                0x00000000       0x30 ../libopencm3/lib/libopencm3_stm32f4.a(usart_common_f124.o)
 .debug_macro   0x00000000      0x874 ../libopencm3/lib/libopencm3_stm32f4.a(usart_common_f124.o)
 .debug_macro   0x00000000       0x22 ../libopencm3/lib/libopencm3_stm32f4.a(usart_common_f124.o)
 .debug_macro   0x00000000       0x44 ../libopencm3/lib/libopencm3_stm32f4.a(usart_common_f124.o)
 .debug_macro   0x00000000       0xe3 ../libopencm3/lib/libopencm3_stm32f4.a(usart_common_f124.o)
 .debug_macro   0x00000000       0x22 ../libopencm3/lib/libopencm3_stm32f4.a(usart_common_f124.o)
 .debug_macro   0x00000000      0x1df ../libopencm3/lib/libopencm3_stm32f4.a(usart_common_f124.o)
 .debug_macro   0x00000000       0x22 ../libopencm3/lib/libopencm3_stm32f4.a(usart_common_f124.o)
 .debug_macro   0x00000000       0xfa ../libopencm3/lib/libopencm3_stm32f4.a(usart_common_f124.o)
 .debug_macro   0x00000000       0x58 ../libopencm3/lib/libopencm3_stm32f4.a(usart_common_f124.o)
 .debug_macro   0x00000000      0x26d ../libopencm3/lib/libopencm3_stm32f4.a(usart_common_f124.o)
 .debug_macro   0x00000000       0x8e ../libopencm3/lib/libopencm3_stm32f4.a(usart_common_f124.o)
 .debug_macro   0x00000000      0x273 ../libopencm3/lib/libopencm3_stm32f4.a(usart_common_f124.o)
 .debug_macro   0x00000000       0xa0 ../libopencm3/lib/libopencm3_stm32f4.a(usart_common_f124.o)
 .debug_macro   0x00000000      0xb38 ../libopencm3/lib/libopencm3_stm32f4.a(usart_common_f124.o)
 .group         0x00000000        0x8 ../libopencm3/lib/libopencm3_stm32f4.a(rcc_common_all.o)
 .group         0x00000000        0x8 ../libopencm3/lib/libopencm3_stm32f4.a(rcc_common_all.o)
 .group         0x00000000        0x8 ../libopencm3/lib/libopencm3_stm32f4.a(rcc_common_all.o)
 .group         0x00000000        0x8 ../libopencm3/lib/libopencm3_stm32f4.a(rcc_common_all.o)
 .group         0x00000000        0x8 ../libopencm3/lib/libopencm3_stm32f4.a(rcc_common_all.o)
 .group         0x00000000        0x8 ../libopencm3/lib/libopencm3_stm32f4.a(rcc_common_all.o)
 .group         0x00000000        0x8 ../libopencm3/lib/libopencm3_stm32f4.a(rcc_common_all.o)
 .group         0x00000000        0x8 ../libopencm3/lib/libopencm3_stm32f4.a(rcc_common_all.o)
 .group         0x00000000        0x8 ../libopencm3/lib/libopencm3_stm32f4.a(rcc_common_all.o)
 .group         0x00000000        0x8 ../libopencm3/lib/libopencm3_stm32f4.a(rcc_common_all.o)
 .group         0x00000000        0x8 ../libopencm3/lib/libopencm3_stm32f4.a(rcc_common_all.o)
 .text          0x00000000        0x0 ../libopencm3/lib/libopencm3_stm32f4.a(rcc_common_all.o)
 .data          0x00000000        0x0 ../libopencm3/lib/libopencm3_stm32f4.a(rcc_common_all.o)
 .bss           0x00000000        0x0 ../libopencm3/lib/libopencm3_stm32f4.a(rcc_common_all.o)
 .text.rcc_peripheral_enable_clock
                0x00000000        0x8 ../libopencm3/lib/libopencm3_stm32f4.a(rcc_common_all.o)
 .text.rcc_peripheral_disable_clock
                0x00000000        0xa ../libopencm3/lib/libopencm3_stm32f4.a(rcc_common_all.o)
 .text.rcc_peripheral_reset
                0x00000000        0x8 ../libopencm3/lib/libopencm3_stm32f4.a(rcc_common_all.o)
 .text.rcc_peripheral_clear_reset
                0x00000000        0xa ../libopencm3/lib/libopencm3_stm32f4.a(rcc_common_all.o)
 .text.rcc_periph_clock_disable
                0x00000000       0x1c ../libopencm3/lib/libopencm3_stm32f4.a(rcc_common_all.o)
 .text.rcc_periph_reset_pulse
                0x00000000       0x22 ../libopencm3/lib/libopencm3_stm32f4.a(rcc_common_all.o)
 .text.rcc_periph_reset_hold
                0x00000000       0x1a ../libopencm3/lib/libopencm3_stm32f4.a(rcc_common_all.o)
 .text.rcc_periph_reset_release
                0x00000000       0x1c ../libopencm3/lib/libopencm3_stm32f4.a(rcc_common_all.o)
 .text.rcc_set_mco
                0x00000000       0x14 ../libopencm3/lib/libopencm3_stm32f4.a(rcc_common_all.o)
 .debug_macro   0x00000000      0x874 ../libopencm3/lib/libopencm3_stm32f4.a(rcc_common_all.o)
 .debug_macro   0x00000000       0x22 ../libopencm3/lib/libopencm3_stm32f4.a(rcc_common_all.o)
 .debug_macro   0x00000000       0x44 ../libopencm3/lib/libopencm3_stm32f4.a(rcc_common_all.o)
 .debug_macro   0x00000000       0xe3 ../libopencm3/lib/libopencm3_stm32f4.a(rcc_common_all.o)
 .debug_macro   0x00000000       0x22 ../libopencm3/lib/libopencm3_stm32f4.a(rcc_common_all.o)
 .debug_macro   0x00000000      0x1df ../libopencm3/lib/libopencm3_stm32f4.a(rcc_common_all.o)
 .debug_macro   0x00000000       0x22 ../libopencm3/lib/libopencm3_stm32f4.a(rcc_common_all.o)
 .debug_macro   0x00000000       0xfa ../libopencm3/lib/libopencm3_stm32f4.a(rcc_common_all.o)
 .debug_macro   0x00000000       0x58 ../libopencm3/lib/libopencm3_stm32f4.a(rcc_common_all.o)
 .debug_macro   0x00000000      0x26d ../libopencm3/lib/libopencm3_stm32f4.a(rcc_common_all.o)
 .debug_macro   0x00000000      0xb38 ../libopencm3/lib/libopencm3_stm32f4.a(rcc_common_all.o)
 .group         0x00000000        0x8 ../libopencm3/lib/libopencm3_stm32f4.a(vector.o)
 .group         0x00000000        0x8 ../libopencm3/lib/libopencm3_stm32f4.a(vector.o)
 .group         0x00000000        0x8 ../libopencm3/lib/libopencm3_stm32f4.a(vector.o)
 .group         0x00000000        0x8 ../libopencm3/lib/libopencm3_stm32f4.a(vector.o)
 .group         0x00000000        0x8 ../libopencm3/lib/libopencm3_stm32f4.a(vector.o)
 .group         0x00000000        0x8 ../libopencm3/lib/libopencm3_stm32f4.a(vector.o)
 .group         0x00000000        0x8 ../libopencm3/lib/libopencm3_stm32f4.a(vector.o)
 .group         0x00000000        0x8 ../libopencm3/lib/libopencm3_stm32f4.a(vector.o)
 .group         0x00000000        0x8 ../libopencm3/lib/libopencm3_stm32f4.a(vector.o)
 .group         0x00000000        0x8 ../libopencm3/lib/libopencm3_stm32f4.a(vector.o)
 .group         0x00000000        0x8 ../libopencm3/lib/libopencm3_stm32f4.a(vector.o)
 .group         0x00000000        0x8 ../libopencm3/lib/libopencm3_stm32f4.a(vector.o)
 .text          0x00000000        0x0 ../libopencm3/lib/libopencm3_stm32f4.a(vector.o)
 .data          0x00000000        0x0 ../libopencm3/lib/libopencm3_stm32f4.a(vector.o)
 .bss           0x00000000        0x0 ../libopencm3/lib/libopencm3_stm32f4.a(vector.o)
 .debug_macro   0x00000000      0x874 ../libopencm3/lib/libopencm3_stm32f4.a(vector.o)
 .debug_macro   0x00000000       0x58 ../libopencm3/lib/libopencm3_stm32f4.a(vector.o)
 .debug_macro   0x00000000       0x22 ../libopencm3/lib/libopencm3_stm32f4.a(vector.o)
 .debug_macro   0x00000000       0x44 ../libopencm3/lib/libopencm3_stm32f4.a(vector.o)
 .debug_macro   0x00000000       0xe3 ../libopencm3/lib/libopencm3_stm32f4.a(vector.o)
 .debug_macro   0x00000000       0x22 ../libopencm3/lib/libopencm3_stm32f4.a(vector.o)
 .debug_macro   0x00000000      0x1df ../libopencm3/lib/libopencm3_stm32f4.a(vector.o)
 .debug_macro   0x00000000       0x22 ../libopencm3/lib/libopencm3_stm32f4.a(vector.o)
 .debug_macro   0x00000000       0xfa ../libopencm3/lib/libopencm3_stm32f4.a(vector.o)
 .group         0x00000000        0x8 ../libopencm3/lib/libopencm3_stm32f4.a(rcc.o)
 .group         0x00000000        0x8 ../libopencm3/lib/libopencm3_stm32f4.a(rcc.o)
 .group         0x00000000        0x8 ../libopencm3/lib/libopencm3_stm32f4.a(rcc.o)
 .group         0x00000000        0x8 ../libopencm3/lib/libopencm3_stm32f4.a(rcc.o)
 .group         0x00000000        0x8 ../libopencm3/lib/libopencm3_stm32f4.a(rcc.o)
 .group         0x00000000        0x8 ../libopencm3/lib/libopencm3_stm32f4.a(rcc.o)
 .group         0x00000000        0x8 ../libopencm3/lib/libopencm3_stm32f4.a(rcc.o)
 .group         0x00000000        0x8 ../libopencm3/lib/libopencm3_stm32f4.a(rcc.o)
 .group         0x00000000        0x8 ../libopencm3/lib/libopencm3_stm32f4.a(rcc.o)
 .group         0x00000000        0x8 ../libopencm3/lib/libopencm3_stm32f4.a(rcc.o)
 .group         0x00000000        0x8 ../libopencm3/lib/libopencm3_stm32f4.a(rcc.o)
 .group         0x00000000        0x8 ../libopencm3/lib/libopencm3_stm32f4.a(rcc.o)
 .group         0x00000000        0x8 ../libopencm3/lib/libopencm3_stm32f4.a(rcc.o)
 .group         0x00000000        0x8 ../libopencm3/lib/libopencm3_stm32f4.a(rcc.o)
 .group         0x00000000        0x8 ../libopencm3/lib/libopencm3_stm32f4.a(rcc.o)
 .group         0x00000000        0x8 ../libopencm3/lib/libopencm3_stm32f4.a(rcc.o)
 .text          0x00000000        0x0 ../libopencm3/lib/libopencm3_stm32f4.a(rcc.o)
 .data          0x00000000        0x0 ../libopencm3/lib/libopencm3_stm32f4.a(rcc.o)
 .bss           0x00000000        0x0 ../libopencm3/lib/libopencm3_stm32f4.a(rcc.o)
 .text.rcc_osc_ready_int_clear
                0x00000000       0x5c ../libopencm3/lib/libopencm3_stm32f4.a(rcc.o)
 .text.rcc_osc_ready_int_enable
                0x00000000       0x5c ../libopencm3/lib/libopencm3_stm32f4.a(rcc.o)
 .text.rcc_osc_ready_int_disable
                0x00000000       0x5c ../libopencm3/lib/libopencm3_stm32f4.a(rcc.o)
 .text.rcc_osc_ready_int_flag
                0x00000000       0x60 ../libopencm3/lib/libopencm3_stm32f4.a(rcc.o)
 .text.rcc_css_int_clear
                0x00000000       0x10 ../libopencm3/lib/libopencm3_stm32f4.a(rcc.o)
 .text.rcc_css_int_flag
                0x00000000       0x10 ../libopencm3/lib/libopencm3_stm32f4.a(rcc.o)
 .text.rcc_is_osc_ready
                0x00000000       0x5c ../libopencm3/lib/libopencm3_stm32f4.a(rcc.o)
 .text.rcc_wait_for_osc_ready
                0x00000000       0x10 ../libopencm3/lib/libopencm3_stm32f4.a(rcc.o)
 .text.rcc_wait_for_sysclk_status
                0x00000000       0x38 ../libopencm3/lib/libopencm3_stm32f4.a(rcc.o)
 .text.rcc_osc_on
                0x00000000       0x58 ../libopencm3/lib/libopencm3_stm32f4.a(rcc.o)
 .text.rcc_osc_off
                0x00000000       0x58 ../libopencm3/lib/libopencm3_stm32f4.a(rcc.o)
 .text.rcc_css_enable
                0x00000000       0x10 ../libopencm3/lib/libopencm3_stm32f4.a(rcc.o)
 .text.rcc_css_disable
                0x00000000       0x10 ../libopencm3/lib/libopencm3_stm32f4.a(rcc.o)
 .text.rcc_osc_bypass_enable
                0x00000000       0x28 ../libopencm3/lib/libopencm3_stm32f4.a(rcc.o)
 .text.rcc_osc_bypass_disable
                0x00000000       0x28 ../libopencm3/lib/libopencm3_stm32f4.a(rcc.o)
 .text.rcc_pllsai_config
                0x00000000       0x28 ../libopencm3/lib/libopencm3_stm32f4.a(rcc.o)
 .text.rcc_pllsai_postscalers
                0x00000000       0x24 ../libopencm3/lib/libopencm3_stm32f4.a(rcc.o)
 .text.rcc_set_sysclk_source
                0x00000000       0x14 ../libopencm3/lib/libopencm3_stm32f4.a(rcc.o)
 .text.rcc_set_pll_source
                0x00000000       0x14 ../libopencm3/lib/libopencm3_stm32f4.a(rcc.o)
 .text.rcc_set_ppre2
                0x00000000       0x14 ../libopencm3/lib/libopencm3_stm32f4.a(rcc.o)
 .text.rcc_set_ppre1
                0x00000000       0x14 ../libopencm3/lib/libopencm3_stm32f4.a(rcc.o)
 .text.rcc_set_hpre
                0x00000000       0x14 ../libopencm3/lib/libopencm3_stm32f4.a(rcc.o)
 .text.rcc_set_rtcpre
                0x00000000       0x14 ../libopencm3/lib/libopencm3_stm32f4.a(rcc.o)
 .text.rcc_set_main_pll_hsi
                0x00000000       0x40 ../libopencm3/lib/libopencm3_stm32f4.a(rcc.o)
 .text.rcc_set_main_pll_hse
                0x00000000       0x44 ../libopencm3/lib/libopencm3_stm32f4.a(rcc.o)
 .text.rcc_system_clock_source
                0x00000000       0x10 ../libopencm3/lib/libopencm3_stm32f4.a(rcc.o)
 .text.rcc_clock_setup_hse_3v3
                0x00000000       0xa8 ../libopencm3/lib/libopencm3_stm32f4.a(rcc.o)
 .rodata.rcc_hse_16mhz_3v3
                0x00000000       0x70 ../libopencm3/lib/libopencm3_stm32f4.a(rcc.o)
 .data.rcc_ahb_frequency
                0x00000000        0x4 ../libopencm3/lib/libopencm3_stm32f4.a(rcc.o)
 .rodata.rcc_hse_12mhz_3v3
                0x00000000       0x70 ../libopencm3/lib/libopencm3_stm32f4.a(rcc.o)
 .rodata.rcc_hse_25mhz_3v3
                0x00000000       0x70 ../libopencm3/lib/libopencm3_stm32f4.a(rcc.o)
 .rodata.rcc_hse_8mhz_3v3
                0x00000000       0x70 ../libopencm3/lib/libopencm3_stm32f4.a(rcc.o)
 .debug_macro   0x00000000      0x874 ../libopencm3/lib/libopencm3_stm32f4.a(rcc.o)
 .debug_macro   0x00000000       0x22 ../libopencm3/lib/libopencm3_stm32f4.a(rcc.o)
 .debug_macro   0x00000000       0x44 ../libopencm3/lib/libopencm3_stm32f4.a(rcc.o)
 .debug_macro   0x00000000       0xe3 ../libopencm3/lib/libopencm3_stm32f4.a(rcc.o)
 .debug_macro   0x00000000       0x22 ../libopencm3/lib/libopencm3_stm32f4.a(rcc.o)
 .debug_macro   0x00000000      0x1df ../libopencm3/lib/libopencm3_stm32f4.a(rcc.o)
 .debug_macro   0x00000000       0x22 ../libopencm3/lib/libopencm3_stm32f4.a(rcc.o)
 .debug_macro   0x00000000       0xfa ../libopencm3/lib/libopencm3_stm32f4.a(rcc.o)
 .debug_macro   0x00000000       0x58 ../libopencm3/lib/libopencm3_stm32f4.a(rcc.o)
 .debug_macro   0x00000000      0x26d ../libopencm3/lib/libopencm3_stm32f4.a(rcc.o)
 .debug_macro   0x00000000      0xb38 ../libopencm3/lib/libopencm3_stm32f4.a(rcc.o)
 .group         0x00000000        0x8 ../libopencm3/lib/libopencm3_stm32f4.a(flash_common_f234.o)
 .group         0x00000000        0x8 ../libopencm3/lib/libopencm3_stm32f4.a(flash_common_f234.o)
 .group         0x00000000        0x8 ../libopencm3/lib/libopencm3_stm32f4.a(flash_common_f234.o)
 .group         0x00000000        0x8 ../libopencm3/lib/libopencm3_stm32f4.a(flash_common_f234.o)
 .group         0x00000000        0x8 ../libopencm3/lib/libopencm3_stm32f4.a(flash_common_f234.o)
 .group         0x00000000        0x8 ../libopencm3/lib/libopencm3_stm32f4.a(flash_common_f234.o)
 .group         0x00000000        0x8 ../libopencm3/lib/libopencm3_stm32f4.a(flash_common_f234.o)
 .group         0x00000000        0x8 ../libopencm3/lib/libopencm3_stm32f4.a(flash_common_f234.o)
 .group         0x00000000        0x8 ../libopencm3/lib/libopencm3_stm32f4.a(flash_common_f234.o)
 .group         0x00000000        0x8 ../libopencm3/lib/libopencm3_stm32f4.a(flash_common_f234.o)
 .group         0x00000000        0x8 ../libopencm3/lib/libopencm3_stm32f4.a(flash_common_f234.o)
 .group         0x00000000        0x8 ../libopencm3/lib/libopencm3_stm32f4.a(flash_common_f234.o)
 .text          0x00000000        0x0 ../libopencm3/lib/libopencm3_stm32f4.a(flash_common_f234.o)
 .data          0x00000000        0x0 ../libopencm3/lib/libopencm3_stm32f4.a(flash_common_f234.o)
 .bss           0x00000000        0x0 ../libopencm3/lib/libopencm3_stm32f4.a(flash_common_f234.o)
 .text.flash_set_ws
                0x00000000       0x14 ../libopencm3/lib/libopencm3_stm32f4.a(flash_common_f234.o)
 .text.flash_unlock
                0x00000000       0x24 ../libopencm3/lib/libopencm3_stm32f4.a(flash_common_f234.o)
 .text.flash_lock
                0x00000000       0x10 ../libopencm3/lib/libopencm3_stm32f4.a(flash_common_f234.o)
 .text.flash_clear_pgperr_flag
                0x00000000       0x10 ../libopencm3/lib/libopencm3_stm32f4.a(flash_common_f234.o)
 .text.flash_clear_eop_flag
                0x00000000       0x10 ../libopencm3/lib/libopencm3_stm32f4.a(flash_common_f234.o)
 .text.flash_clear_bsy_flag
                0x00000000       0x10 ../libopencm3/lib/libopencm3_stm32f4.a(flash_common_f234.o)
 .text.flash_wait_for_last_operation
                0x00000000       0x10 ../libopencm3/lib/libopencm3_stm32f4.a(flash_common_f234.o)
 .debug_info    0x00000000      0x11f ../libopencm3/lib/libopencm3_stm32f4.a(flash_common_f234.o)
 .debug_abbrev  0x00000000       0x8a ../libopencm3/lib/libopencm3_stm32f4.a(flash_common_f234.o)
 .debug_loc     0x00000000       0x3f ../libopencm3/lib/libopencm3_stm32f4.a(flash_common_f234.o)
 .debug_aranges
                0x00000000       0x50 ../libopencm3/lib/libopencm3_stm32f4.a(flash_common_f234.o)
 .debug_ranges  0x00000000       0x40 ../libopencm3/lib/libopencm3_stm32f4.a(flash_common_f234.o)
 .debug_macro   0x00000000       0xb4 ../libopencm3/lib/libopencm3_stm32f4.a(flash_common_f234.o)
 .debug_macro   0x00000000      0x874 ../libopencm3/lib/libopencm3_stm32f4.a(flash_common_f234.o)
 .debug_macro   0x00000000       0x22 ../libopencm3/lib/libopencm3_stm32f4.a(flash_common_f234.o)
 .debug_macro   0x00000000       0x44 ../libopencm3/lib/libopencm3_stm32f4.a(flash_common_f234.o)
 .debug_macro   0x00000000       0xe3 ../libopencm3/lib/libopencm3_stm32f4.a(flash_common_f234.o)
 .debug_macro   0x00000000       0x22 ../libopencm3/lib/libopencm3_stm32f4.a(flash_common_f234.o)
 .debug_macro   0x00000000      0x1df ../libopencm3/lib/libopencm3_stm32f4.a(flash_common_f234.o)
 .debug_macro   0x00000000       0x22 ../libopencm3/lib/libopencm3_stm32f4.a(flash_common_f234.o)
 .debug_macro   0x00000000       0xfa ../libopencm3/lib/libopencm3_stm32f4.a(flash_common_f234.o)
 .debug_macro   0x00000000       0x58 ../libopencm3/lib/libopencm3_stm32f4.a(flash_common_f234.o)
 .debug_macro   0x00000000      0x26d ../libopencm3/lib/libopencm3_stm32f4.a(flash_common_f234.o)
 .debug_macro   0x00000000       0x64 ../libopencm3/lib/libopencm3_stm32f4.a(flash_common_f234.o)
 .debug_macro   0x00000000       0xf4 ../libopencm3/lib/libopencm3_stm32f4.a(flash_common_f234.o)
 .debug_line    0x00000000      0x35c ../libopencm3/lib/libopencm3_stm32f4.a(flash_common_f234.o)
 .debug_str     0x00000000     0x4d93 ../libopencm3/lib/libopencm3_stm32f4.a(flash_common_f234.o)
 .comment       0x00000000       0x71 ../libopencm3/lib/libopencm3_stm32f4.a(flash_common_f234.o)
 .debug_frame   0x00000000       0x80 ../libopencm3/lib/libopencm3_stm32f4.a(flash_common_f234.o)
 .ARM.attributes
                0x00000000       0x39 ../libopencm3/lib/libopencm3_stm32f4.a(flash_common_f234.o)
 .group         0x00000000        0x8 ../libopencm3/lib/libopencm3_stm32f4.a(pwr.o)
 .group         0x00000000        0x8 ../libopencm3/lib/libopencm3_stm32f4.a(pwr.o)
 .group         0x00000000        0x8 ../libopencm3/lib/libopencm3_stm32f4.a(pwr.o)
 .group         0x00000000        0x8 ../libopencm3/lib/libopencm3_stm32f4.a(pwr.o)
 .group         0x00000000        0x8 ../libopencm3/lib/libopencm3_stm32f4.a(pwr.o)
 .group         0x00000000        0x8 ../libopencm3/lib/libopencm3_stm32f4.a(pwr.o)
 .group         0x00000000        0x8 ../libopencm3/lib/libopencm3_stm32f4.a(pwr.o)
 .group         0x00000000        0x8 ../libopencm3/lib/libopencm3_stm32f4.a(pwr.o)
 .group         0x00000000        0x8 ../libopencm3/lib/libopencm3_stm32f4.a(pwr.o)
 .group         0x00000000        0x8 ../libopencm3/lib/libopencm3_stm32f4.a(pwr.o)
 .group         0x00000000        0x8 ../libopencm3/lib/libopencm3_stm32f4.a(pwr.o)
 .group         0x00000000        0x8 ../libopencm3/lib/libopencm3_stm32f4.a(pwr.o)
 .text          0x00000000        0x0 ../libopencm3/lib/libopencm3_stm32f4.a(pwr.o)
 .data          0x00000000        0x0 ../libopencm3/lib/libopencm3_stm32f4.a(pwr.o)
 .bss           0x00000000        0x0 ../libopencm3/lib/libopencm3_stm32f4.a(pwr.o)
 .text.pwr_set_vos_scale
                0x00000000       0x20 ../libopencm3/lib/libopencm3_stm32f4.a(pwr.o)
 .debug_info    0x00000000       0xbe ../libopencm3/lib/libopencm3_stm32f4.a(pwr.o)
 .debug_abbrev  0x00000000       0x79 ../libopencm3/lib/libopencm3_stm32f4.a(pwr.o)
 .debug_aranges
                0x00000000       0x20 ../libopencm3/lib/libopencm3_stm32f4.a(pwr.o)
 .debug_ranges  0x00000000       0x10 ../libopencm3/lib/libopencm3_stm32f4.a(pwr.o)
 .debug_macro   0x00000000       0xaa ../libopencm3/lib/libopencm3_stm32f4.a(pwr.o)
 .debug_macro   0x00000000      0x874 ../libopencm3/lib/libopencm3_stm32f4.a(pwr.o)
 .debug_macro   0x00000000       0x22 ../libopencm3/lib/libopencm3_stm32f4.a(pwr.o)
 .debug_macro   0x00000000       0x44 ../libopencm3/lib/libopencm3_stm32f4.a(pwr.o)
 .debug_macro   0x00000000       0xe3 ../libopencm3/lib/libopencm3_stm32f4.a(pwr.o)
 .debug_macro   0x00000000       0x22 ../libopencm3/lib/libopencm3_stm32f4.a(pwr.o)
 .debug_macro   0x00000000      0x1df ../libopencm3/lib/libopencm3_stm32f4.a(pwr.o)
 .debug_macro   0x00000000       0x22 ../libopencm3/lib/libopencm3_stm32f4.a(pwr.o)
 .debug_macro   0x00000000       0xfa ../libopencm3/lib/libopencm3_stm32f4.a(pwr.o)
 .debug_macro   0x00000000       0x58 ../libopencm3/lib/libopencm3_stm32f4.a(pwr.o)
 .debug_macro   0x00000000      0x26d ../libopencm3/lib/libopencm3_stm32f4.a(pwr.o)
 .debug_macro   0x00000000       0x8e ../libopencm3/lib/libopencm3_stm32f4.a(pwr.o)
 .debug_macro   0x00000000       0x22 ../libopencm3/lib/libopencm3_stm32f4.a(pwr.o)
 .debug_line    0x00000000      0x2bb ../libopencm3/lib/libopencm3_stm32f4.a(pwr.o)
 .debug_str     0x00000000     0x4988 ../libopencm3/lib/libopencm3_stm32f4.a(pwr.o)
 .comment       0x00000000       0x71 ../libopencm3/lib/libopencm3_stm32f4.a(pwr.o)
 .debug_frame   0x00000000       0x20 ../libopencm3/lib/libopencm3_stm32f4.a(pwr.o)
 .ARM.attributes
                0x00000000       0x39 ../libopencm3/lib/libopencm3_stm32f4.a(pwr.o)

Memory Configuration

Name             Origin             Length             Attributes
rom              0x08000000         0x00200000         xr
ram              0x20000000         0x00020000         xrw
*default*        0x00000000         0xffffffff

Linker script and memory map

LOAD usart.o
LOAD ../libopencm3/lib/libopencm3_stm32f4.a
START GROUP
LOAD /home/yang/Library/gcc-arm-none-eabi-5_4-2016q3/bin/../lib/gcc/arm-none-eabi/5.4.1/../../../../arm-none-eabi/lib/armv7e-m/fpu/libc.a
LOAD /home/yang/Library/gcc-arm-none-eabi-5_4-2016q3/bin/../lib/gcc/arm-none-eabi/5.4.1/armv7e-m/fpu/libgcc.a
LOAD /home/yang/Library/gcc-arm-none-eabi-5_4-2016q3/bin/../lib/gcc/arm-none-eabi/5.4.1/../../../../arm-none-eabi/lib/armv7e-m/fpu/libnosys.a
END GROUP
START GROUP
LOAD /home/yang/Library/gcc-arm-none-eabi-5_4-2016q3/bin/../lib/gcc/arm-none-eabi/5.4.1/armv7e-m/fpu/libgcc.a
LOAD /home/yang/Library/gcc-arm-none-eabi-5_4-2016q3/bin/../lib/gcc/arm-none-eabi/5.4.1/../../../../arm-none-eabi/lib/armv7e-m/fpu/libc.a
END GROUP

.text           0x08000000      0x478
 *(.vectors)
 .vectors       0x08000000      0x1ac ../libopencm3/lib/libopencm3_stm32f4.a(vector.o)
                0x08000000                vector_table
 *(.text*)
 .text.startup.main
                0x080001ac       0xd4 usart.o
                0x080001ac                main
 .text.gpio_toggle
                0x08000280       0x10 ../libopencm3/lib/libopencm3_stm32f4.a(gpio_common_all.o)
                0x08000280                gpio_toggle
 .text.gpio_mode_setup
                0x08000290       0x3a ../libopencm3/lib/libopencm3_stm32f4.a(gpio_common_f0234.o)
                0x08000290                gpio_mode_setup
 .text.gpio_set_af
                0x080002ca       0x54 ../libopencm3/lib/libopencm3_stm32f4.a(gpio_common_f0234.o)
                0x080002ca                gpio_set_af
 *fill*         0x0800031e        0x2 
 .text.usart_set_baudrate
                0x08000320       0x30 ../libopencm3/lib/libopencm3_stm32f4.a(usart_common_all.o)
                0x08000320                usart_set_baudrate
 .text.usart_set_databits
                0x08000350       0x12 ../libopencm3/lib/libopencm3_stm32f4.a(usart_common_all.o)
                0x08000350                usart_set_databits
 .text.usart_set_stopbits
                0x08000362        0xc ../libopencm3/lib/libopencm3_stm32f4.a(usart_common_all.o)
                0x08000362                usart_set_stopbits
 .text.usart_set_parity
                0x0800036e        0xc ../libopencm3/lib/libopencm3_stm32f4.a(usart_common_all.o)
                0x0800036e                usart_set_parity
 .text.usart_set_mode
                0x0800037a        0xc ../libopencm3/lib/libopencm3_stm32f4.a(usart_common_all.o)
                0x0800037a                usart_set_mode
 .text.usart_set_flow_control
                0x08000386        0xc ../libopencm3/lib/libopencm3_stm32f4.a(usart_common_all.o)
                0x08000386                usart_set_flow_control
 .text.usart_enable
                0x08000392        0xa ../libopencm3/lib/libopencm3_stm32f4.a(usart_common_all.o)
                0x08000392                usart_enable
 .text.usart_send_blocking
                0x0800039c       0x16 ../libopencm3/lib/libopencm3_stm32f4.a(usart_common_all.o)
                0x0800039c                usart_send_blocking
 .text.usart_send
                0x080003b2        0x8 ../libopencm3/lib/libopencm3_stm32f4.a(usart_common_f124.o)
                0x080003b2                usart_send
 .text.usart_wait_send_ready
                0x080003ba        0x8 ../libopencm3/lib/libopencm3_stm32f4.a(usart_common_f124.o)
                0x080003ba                usart_wait_send_ready
 .text.rcc_periph_clock_enable
                0x080003c2       0x1a ../libopencm3/lib/libopencm3_stm32f4.a(rcc_common_all.o)
                0x080003c2                rcc_periph_clock_enable
 .text.blocking_handler
                0x080003dc        0x2 ../libopencm3/lib/libopencm3_stm32f4.a(vector.o)
                0x080003dc                dma2_stream1_isr
                0x080003dc                tim8_brk_tim12_isr
                0x080003dc                dma1_stream7_isr
                0x080003dc                usart3_isr
                0x080003dc                tim7_isr
                0x080003dc                dma2d_isr
                0x080003dc                uart8_isr
                0x080003dc                dma1_stream2_isr
                0x080003dc                otg_hs_isr
                0x080003dc                blocking_handler
                0x080003dc                tim5_isr
                0x080003dc                rtc_wkup_isr
                0x080003dc                otg_fs_isr
                0x080003dc                spi1_isr
                0x080003dc                i2c3_er_isr
                0x080003dc                exti2_isr
                0x080003dc                spi5_isr
                0x080003dc                usb_fs_wkup_isr
                0x080003dc                tamp_stamp_isr
                0x080003dc                can1_rx1_isr
                0x080003dc                dma2_stream0_isr
                0x080003dc                usart1_isr
                0x080003dc                i2c3_ev_isr
                0x080003dc                usage_fault_handler
                0x080003dc                can2_rx0_isr
                0x080003dc                dma1_stream6_isr
                0x080003dc                can2_rx1_isr
                0x080003dc                can1_sce_isr
                0x080003dc                tim1_cc_isr
                0x080003dc                can1_tx_isr
                0x080003dc                tim1_up_tim10_isr
                0x080003dc                sdio_isr
                0x080003dc                eth_isr
                0x080003dc                spi6_isr
                0x080003dc                dma2_stream5_isr
                0x080003dc                pvd_isr
                0x080003dc                can1_rx0_isr
                0x080003dc                rcc_isr
                0x080003dc                dma2_stream3_isr
                0x080003dc                flash_isr
                0x080003dc                uart4_isr
                0x080003dc                lcd_tft_isr
                0x080003dc                rtc_alarm_isr
                0x080003dc                exti15_10_isr
                0x080003dc                hash_rng_isr
                0x080003dc                tim1_trg_com_tim11_isr
                0x080003dc                hard_fault_handler
                0x080003dc                exti1_isr
                0x080003dc                i2c1_ev_isr
                0x080003dc                usart6_isr
                0x080003dc                spi2_isr
                0x080003dc                cryp_isr
                0x080003dc                nvic_wwdg_isr
                0x080003dc                dma1_stream1_isr
                0x080003dc                dma2_stream4_isr
                0x080003dc                exti3_isr
                0x080003dc                tim3_isr
                0x080003dc                usart2_isr
                0x080003dc                sai1_isr
                0x080003dc                fpu_isr
                0x080003dc                dma1_stream4_isr
                0x080003dc                i2c2_er_isr
                0x080003dc                i2c2_ev_isr
                0x080003dc                uart5_isr
                0x080003dc                dma2_stream6_isr
                0x080003dc                spi4_isr
                0x080003dc                adc_isr
                0x080003dc                dma2_stream7_isr
                0x080003dc                tim8_up_tim13_isr
                0x080003dc                fsmc_isr
                0x080003dc                exti4_isr
                0x080003dc                tim6_dac_isr
                0x080003dc                dma1_stream3_isr
                0x080003dc                tim8_trg_com_tim14_isr
                0x080003dc                mem_manage_handler
                0x080003dc                lcd_tft_err_isr
                0x080003dc                can2_tx_isr
                0x080003dc                exti9_5_isr
                0x080003dc                tim1_brk_tim9_isr
                0x080003dc                uart7_isr
                0x080003dc                can2_sce_isr
                0x080003dc                tim4_isr
                0x080003dc                otg_hs_wkup_isr
                0x080003dc                i2c1_er_isr
                0x080003dc                dma1_stream0_isr
                0x080003dc                tim8_cc_isr
                0x080003dc                dcmi_isr
                0x080003dc                dma2_stream2_isr
                0x080003dc                eth_wkup_isr
                0x080003dc                bus_fault_handler
                0x080003dc                otg_hs_ep1_out_isr
                0x080003dc                spi3_isr
                0x080003dc                dma1_stream5_isr
                0x080003dc                otg_hs_ep1_in_isr
                0x080003dc                tim2_isr
                0x080003dc                exti0_isr
 .text.null_handler
                0x080003de        0x2 ../libopencm3/lib/libopencm3_stm32f4.a(vector.o)
                0x080003de                null_handler
                0x080003de                sv_call_handler
                0x080003de                pend_sv_handler
                0x080003de                debug_monitor_handler
                0x080003de                sys_tick_handler
                0x080003de                nmi_handler
 .text.reset_handler
                0x080003e0       0x98 ../libopencm3/lib/libopencm3_stm32f4.a(vector.o)
                0x080003e0                reset_handler
                0x08000478                . = ALIGN (0x4)
 *(.rodata*)
                0x08000478                . = ALIGN (0x4)

.glue_7         0x08000478        0x0
 .glue_7        0x08000478        0x0 linker stubs

.glue_7t        0x08000478        0x0
 .glue_7t       0x08000478        0x0 linker stubs

.vfp11_veneer   0x08000478        0x0
 .vfp11_veneer  0x08000478        0x0 linker stubs

.v4_bx          0x08000478        0x0
 .v4_bx         0x08000478        0x0 linker stubs

.iplt           0x08000478        0x0
 .iplt          0x08000478        0x0 usart.o

.rel.dyn        0x08000478        0x0
 .rel.iplt      0x08000478        0x0 usart.o

.preinit_array  0x08000478        0x0
                0x08000478                . = ALIGN (0x4)
                0x08000478                __preinit_array_start = .
 *(.preinit_array)
                0x08000478                __preinit_array_end = .

.init_array     0x08000478        0x0
                0x08000478                . = ALIGN (0x4)
                0x08000478                __init_array_start = .
 *(SORT(.init_array.*))
 *(.init_array)
                0x08000478                __init_array_end = .

.fini_array     0x08000478        0x0
                0x08000478                . = ALIGN (0x4)
                0x08000478                __fini_array_start = .
 *(.fini_array)
 *(SORT(.fini_array.*))
                0x08000478                __fini_array_end = .

.ARM.extab
 *(.ARM.extab*)

.ARM.exidx      0x08000478        0x0
                0x08000478                __exidx_start = .
 *(.ARM.exidx*)
                0x08000478                __exidx_end = .
                0x08000478                . = ALIGN (0x4)
                0x08000478                _etext = .

.data           0x20000000        0x8 load address 0x08000478
                0x20000000                _data = .
 *(.data*)
 .data.rcc_apb1_frequency
                0x20000000        0x4 ../libopencm3/lib/libopencm3_stm32f4.a(rcc.o)
                0x20000000                rcc_apb1_frequency
 .data.rcc_apb2_frequency
                0x20000004        0x4 ../libopencm3/lib/libopencm3_stm32f4.a(rcc.o)
                0x20000004                rcc_apb2_frequency
                0x20000008                . = ALIGN (0x4)
                0x20000008                _edata = .
                0x08000478                _data_loadaddr = LOADADDR (.data)

.igot.plt       0x20000008        0x0 load address 0x08000480
 .igot.plt      0x20000008        0x0 usart.o

.bss            0x20000008        0x0 load address 0x08000480
 *(.bss*)
 *(COMMON)
                0x20000008                . = ALIGN (0x4)
                0x20000008                _ebss = .

/DISCARD/
 *(.eh_frame)
                0x20000008                . = ALIGN (0x4)
                0x20000008                end = .
                0x20020000                PROVIDE (_stack, (ORIGIN (ram) + LENGTH (ram)))
OUTPUT(usart.elf elf32-littlearm)

.debug_info     0x00000000     0x26a1
 .debug_info    0x00000000      0x7a6 usart.o
 .debug_info    0x000007a6      0x22c ../libopencm3/lib/libopencm3_stm32f4.a(gpio_common_all.o)
 .debug_info    0x000009d2      0x1eb ../libopencm3/lib/libopencm3_stm32f4.a(gpio_common_f0234.o)
 .debug_info    0x00000bbd      0x4cf ../libopencm3/lib/libopencm3_stm32f4.a(usart_common_all.o)
 .debug_info    0x0000108c      0x1bb ../libopencm3/lib/libopencm3_stm32f4.a(usart_common_f124.o)
 .debug_info    0x00001247      0x858 ../libopencm3/lib/libopencm3_stm32f4.a(rcc_common_all.o)
 .debug_info    0x00001a9f      0x2af ../libopencm3/lib/libopencm3_stm32f4.a(vector.o)
 .debug_info    0x00001d4e      0x953 ../libopencm3/lib/libopencm3_stm32f4.a(rcc.o)

.debug_abbrev   0x00000000      0x8c8
 .debug_abbrev  0x00000000       0xd8 usart.o
 .debug_abbrev  0x000000d8      0x10e ../libopencm3/lib/libopencm3_stm32f4.a(gpio_common_all.o)
 .debug_abbrev  0x000001e6       0xb7 ../libopencm3/lib/libopencm3_stm32f4.a(gpio_common_f0234.o)
 .debug_abbrev  0x0000029d      0x12b ../libopencm3/lib/libopencm3_stm32f4.a(usart_common_all.o)
 .debug_abbrev  0x000003c8       0xb7 ../libopencm3/lib/libopencm3_stm32f4.a(usart_common_f124.o)
 .debug_abbrev  0x0000047f       0xc1 ../libopencm3/lib/libopencm3_stm32f4.a(rcc_common_all.o)
 .debug_abbrev  0x00000540      0x147 ../libopencm3/lib/libopencm3_stm32f4.a(vector.o)
 .debug_abbrev  0x00000687      0x241 ../libopencm3/lib/libopencm3_stm32f4.a(rcc.o)

.debug_loc      0x00000000      0xc53
 .debug_loc     0x00000000       0xae usart.o
 .debug_loc     0x000000ae       0x84 ../libopencm3/lib/libopencm3_stm32f4.a(gpio_common_all.o)
 .debug_loc     0x00000132       0xcd ../libopencm3/lib/libopencm3_stm32f4.a(gpio_common_f0234.o)
 .debug_loc     0x000001ff      0x1ca ../libopencm3/lib/libopencm3_stm32f4.a(usart_common_all.o)
 .debug_loc     0x000003c9       0xd4 ../libopencm3/lib/libopencm3_stm32f4.a(usart_common_f124.o)
 .debug_loc     0x0000049d      0x14a ../libopencm3/lib/libopencm3_stm32f4.a(rcc_common_all.o)
 .debug_loc     0x000005e7       0xac ../libopencm3/lib/libopencm3_stm32f4.a(vector.o)
 .debug_loc     0x00000693      0x5c0 ../libopencm3/lib/libopencm3_stm32f4.a(rcc.o)

.debug_aranges  0x00000000      0x328
 .debug_aranges
                0x00000000       0x20 usart.o
 .debug_aranges
                0x00000020       0x50 ../libopencm3/lib/libopencm3_stm32f4.a(gpio_common_all.o)
 .debug_aranges
                0x00000070       0x30 ../libopencm3/lib/libopencm3_stm32f4.a(gpio_common_f0234.o)
 .debug_aranges
                0x000000a0       0xb8 ../libopencm3/lib/libopencm3_stm32f4.a(usart_common_all.o)
 .debug_aranges
                0x00000158       0x48 ../libopencm3/lib/libopencm3_stm32f4.a(usart_common_f124.o)
 .debug_aranges
                0x000001a0       0x68 ../libopencm3/lib/libopencm3_stm32f4.a(rcc_common_all.o)
 .debug_aranges
                0x00000208       0x30 ../libopencm3/lib/libopencm3_stm32f4.a(vector.o)
 .debug_aranges
                0x00000238       0xf0 ../libopencm3/lib/libopencm3_stm32f4.a(rcc.o)

.debug_ranges   0x00000000      0x2a8
 .debug_ranges  0x00000000       0x10 usart.o
 .debug_ranges  0x00000010       0x40 ../libopencm3/lib/libopencm3_stm32f4.a(gpio_common_all.o)
 .debug_ranges  0x00000050       0x20 ../libopencm3/lib/libopencm3_stm32f4.a(gpio_common_f0234.o)
 .debug_ranges  0x00000070       0xa8 ../libopencm3/lib/libopencm3_stm32f4.a(usart_common_all.o)
 .debug_ranges  0x00000118       0x38 ../libopencm3/lib/libopencm3_stm32f4.a(usart_common_f124.o)
 .debug_ranges  0x00000150       0x58 ../libopencm3/lib/libopencm3_stm32f4.a(rcc_common_all.o)
 .debug_ranges  0x000001a8       0x20 ../libopencm3/lib/libopencm3_stm32f4.a(vector.o)
 .debug_ranges  0x000001c8       0xe0 ../libopencm3/lib/libopencm3_stm32f4.a(rcc.o)

.debug_line     0x00000000     0x1c5c
 .debug_line    0x00000000      0x119 usart.o
 .debug_line    0x00000119      0x36c ../libopencm3/lib/libopencm3_stm32f4.a(gpio_common_all.o)
 .debug_line    0x00000485      0x34d ../libopencm3/lib/libopencm3_stm32f4.a(gpio_common_f0234.o)
 .debug_line    0x000007d2      0x486 ../libopencm3/lib/libopencm3_stm32f4.a(usart_common_all.o)
 .debug_line    0x00000c58      0x39d ../libopencm3/lib/libopencm3_stm32f4.a(usart_common_f124.o)
 .debug_line    0x00000ff5      0x366 ../libopencm3/lib/libopencm3_stm32f4.a(rcc_common_all.o)
 .debug_line    0x0000135b      0x36f ../libopencm3/lib/libopencm3_stm32f4.a(vector.o)
 .debug_line    0x000016ca      0x592 ../libopencm3/lib/libopencm3_stm32f4.a(rcc.o)

.debug_str      0x00000000     0xe1a9
 .debug_str     0x00000000      0x7d3 usart.o
                                0x85c (size before relaxing)
 .debug_str     0x000007d3     0x58d3 ../libopencm3/lib/libopencm3_stm32f4.a(gpio_common_all.o)
                               0x5a56 (size before relaxing)
 .debug_str     0x000060a6       0x83 ../libopencm3/lib/libopencm3_stm32f4.a(gpio_common_f0234.o)
                               0x5a78 (size before relaxing)
 .debug_str     0x00006129     0x436b ../libopencm3/lib/libopencm3_stm32f4.a(usart_common_all.o)
                               0x8a54 (size before relaxing)
 .debug_str     0x0000a494       0x51 ../libopencm3/lib/libopencm3_stm32f4.a(usart_common_f124.o)
                               0x888c (size before relaxing)
 .debug_str     0x0000a4e5      0x3db ../libopencm3/lib/libopencm3_stm32f4.a(rcc_common_all.o)
                               0x8056 (size before relaxing)
 .debug_str     0x0000a8c0     0x2a54 ../libopencm3/lib/libopencm3_stm32f4.a(vector.o)
                               0x60c2 (size before relaxing)
 .debug_str     0x0000d314      0xe95 ../libopencm3/lib/libopencm3_stm32f4.a(rcc.o)
                               0x859d (size before relaxing)

.comment        0x00000000       0xde
 .comment       0x00000000       0x6e usart.o
                                 0x6f (size before relaxing)
 .comment       0x0000006e       0x70 ../libopencm3/lib/libopencm3_stm32f4.a(gpio_common_all.o)
                                 0x71 (size before relaxing)
 .comment       0x000000de       0x71 ../libopencm3/lib/libopencm3_stm32f4.a(gpio_common_f0234.o)
 .comment       0x000000de       0x71 ../libopencm3/lib/libopencm3_stm32f4.a(usart_common_all.o)
 .comment       0x000000de       0x71 ../libopencm3/lib/libopencm3_stm32f4.a(usart_common_f124.o)
 .comment       0x000000de       0x71 ../libopencm3/lib/libopencm3_stm32f4.a(rcc_common_all.o)
 .comment       0x000000de       0x71 ../libopencm3/lib/libopencm3_stm32f4.a(vector.o)
 .comment       0x000000de       0x71 ../libopencm3/lib/libopencm3_stm32f4.a(rcc.o)

.ARM.attributes
                0x00000000       0x39
 .ARM.attributes
                0x00000000       0x39 usart.o
 .ARM.attributes
                0x00000039       0x39 ../libopencm3/lib/libopencm3_stm32f4.a(gpio_common_all.o)
 .ARM.attributes
                0x00000072       0x39 ../libopencm3/lib/libopencm3_stm32f4.a(gpio_common_f0234.o)
 .ARM.attributes
                0x000000ab       0x39 ../libopencm3/lib/libopencm3_stm32f4.a(usart_common_all.o)
 .ARM.attributes
                0x000000e4       0x39 ../libopencm3/lib/libopencm3_stm32f4.a(usart_common_f124.o)
 .ARM.attributes
                0x0000011d       0x39 ../libopencm3/lib/libopencm3_stm32f4.a(rcc_common_all.o)
 .ARM.attributes
                0x00000156       0x39 ../libopencm3/lib/libopencm3_stm32f4.a(vector.o)
 .ARM.attributes
                0x0000018f       0x39 ../libopencm3/lib/libopencm3_stm32f4.a(rcc.o)

.debug_frame    0x00000000      0x5dc
 .debug_frame   0x00000000       0x2c usart.o
 .debug_frame   0x0000002c       0x80 ../libopencm3/lib/libopencm3_stm32f4.a(gpio_common_all.o)
 .debug_frame   0x000000ac       0x6c ../libopencm3/lib/libopencm3_stm32f4.a(gpio_common_f0234.o)
 .debug_frame   0x00000118      0x178 ../libopencm3/lib/libopencm3_stm32f4.a(usart_common_all.o)
 .debug_frame   0x00000290       0x70 ../libopencm3/lib/libopencm3_stm32f4.a(usart_common_f124.o)
 .debug_frame   0x00000300       0xb0 ../libopencm3/lib/libopencm3_stm32f4.a(rcc_common_all.o)
 .debug_frame   0x000003b0       0x40 ../libopencm3/lib/libopencm3_stm32f4.a(vector.o)
 .debug_frame   0x000003f0      0x1ec ../libopencm3/lib/libopencm3_stm32f4.a(rcc.o)

.debug_macro    0x00000000     0x312f
 .debug_macro   0x00000000       0xc3 ../libopencm3/lib/libopencm3_stm32f4.a(gpio_common_all.o)
 .debug_macro   0x000000c3      0x874 ../libopencm3/lib/libopencm3_stm32f4.a(gpio_common_all.o)
 .debug_macro   0x00000937       0x22 ../libopencm3/lib/libopencm3_stm32f4.a(gpio_common_all.o)
 .debug_macro   0x00000959       0x44 ../libopencm3/lib/libopencm3_stm32f4.a(gpio_common_all.o)
 .debug_macro   0x0000099d       0xe3 ../libopencm3/lib/libopencm3_stm32f4.a(gpio_common_all.o)
 .debug_macro   0x00000a80       0x22 ../libopencm3/lib/libopencm3_stm32f4.a(gpio_common_all.o)
 .debug_macro   0x00000aa2      0x1df ../libopencm3/lib/libopencm3_stm32f4.a(gpio_common_all.o)
 .debug_macro   0x00000c81       0x22 ../libopencm3/lib/libopencm3_stm32f4.a(gpio_common_all.o)
 .debug_macro   0x00000ca3       0xfa ../libopencm3/lib/libopencm3_stm32f4.a(gpio_common_all.o)
 .debug_macro   0x00000d9d       0x58 ../libopencm3/lib/libopencm3_stm32f4.a(gpio_common_all.o)
 .debug_macro   0x00000df5      0x26d ../libopencm3/lib/libopencm3_stm32f4.a(gpio_common_all.o)
 .debug_macro   0x00001062       0x76 ../libopencm3/lib/libopencm3_stm32f4.a(gpio_common_all.o)
 .debug_macro   0x000010d8      0x2e6 ../libopencm3/lib/libopencm3_stm32f4.a(gpio_common_all.o)
 .debug_macro   0x000013be      0x14e ../libopencm3/lib/libopencm3_stm32f4.a(gpio_common_all.o)
 .debug_macro   0x0000150c       0xc3 ../libopencm3/lib/libopencm3_stm32f4.a(gpio_common_f0234.o)
 .debug_macro   0x000015cf       0xdb ../libopencm3/lib/libopencm3_stm32f4.a(usart_common_all.o)
 .debug_macro   0x000016aa       0x8e ../libopencm3/lib/libopencm3_stm32f4.a(usart_common_all.o)
 .debug_macro   0x00001738      0x273 ../libopencm3/lib/libopencm3_stm32f4.a(usart_common_all.o)
 .debug_macro   0x000019ab       0xa0 ../libopencm3/lib/libopencm3_stm32f4.a(usart_common_all.o)
 .debug_macro   0x00001a4b      0xb38 ../libopencm3/lib/libopencm3_stm32f4.a(usart_common_all.o)
 .debug_macro   0x00002583       0xdb ../libopencm3/lib/libopencm3_stm32f4.a(usart_common_f124.o)
 .debug_macro   0x0000265e       0xc0 ../libopencm3/lib/libopencm3_stm32f4.a(rcc_common_all.o)
 .debug_macro   0x0000271e       0xc5 ../libopencm3/lib/libopencm3_stm32f4.a(vector.o)
 .debug_macro   0x000027e3      0x3a1 ../libopencm3/lib/libopencm3_stm32f4.a(vector.o)
 .debug_macro   0x00002b84       0x6a ../libopencm3/lib/libopencm3_stm32f4.a(vector.o)
 .debug_macro   0x00002bee      0x22c ../libopencm3/lib/libopencm3_stm32f4.a(vector.o)
 .debug_macro   0x00002e1a       0xf7 ../libopencm3/lib/libopencm3_stm32f4.a(rcc.o)
 .debug_macro   0x00002f11       0x16 ../libopencm3/lib/libopencm3_stm32f4.a(rcc.o)
 .debug_macro   0x00002f27       0x8e ../libopencm3/lib/libopencm3_stm32f4.a(rcc.o)
 .debug_macro   0x00002fb5       0x22 ../libopencm3/lib/libopencm3_stm32f4.a(rcc.o)
 .debug_macro   0x00002fd7       0x64 ../libopencm3/lib/libopencm3_stm32f4.a(rcc.o)
 .debug_macro   0x0000303b       0xf4 ../libopencm3/lib/libopencm3_stm32f4.a(rcc.o)
